Archive member included because of file (symbol)

..\mesh_common\mesh\libraries\csr_101x\libcsrmesh.a(csr_mesh.o)
                              depend_Release_CSR101x_A05\core_mesh_handler.o (CSRmeshRegisterAppCallback)
..\mesh_common\mesh\libraries\csr_101x\libcsrmesh.a(csr_mesh_ec_alloc.o)
                              ..\mesh_common\mesh\libraries\csr_101x\libcsrmesh.a(csr_mesh.o) (___libcsrmesh_118)
..\mesh_common\mesh\libraries\csr_101x\libcsrmesh.a(csr_mesh_masp.o)
                              ..\mesh_common\mesh\libraries\csr_101x\libcsrmesh.a(csr_mesh.o) (___libcsrmesh_212)
..\mesh_common\mesh\libraries\csr_101x\libcsrmesh.a(csr_mesh_masp_mcp_common.o)
                              ..\mesh_common\mesh\libraries\csr_101x\libcsrmesh.a(csr_mesh.o) (___libcsrmesh_215)
..\mesh_common\mesh\libraries\csr_101x\libcsrmesh.a(csr_mesh_mcp.o)
                              ..\mesh_common\mesh\libraries\csr_101x\libcsrmesh.a(csr_mesh.o) (___libcsrmesh_243)
..\mesh_common\mesh\libraries\csr_101x\libcsrmesh.a(csr_mesh_mtl.o)
                              ..\mesh_common\mesh\libraries\csr_101x\libcsrmesh.a(csr_mesh_masp.o) (___libcsrmesh_281)
..\mesh_common\mesh\libraries\csr_101x\libcsrmesh.a(csr_mesh_sha256_get_results.o)
                              ..\mesh_common\mesh\libraries\csr_101x\libcsrmesh.a(csr_mesh_masp_mcp_common.o) (___libcsrmesh_297)
..\mesh_common\mesh\libraries\csr_101x\libcsrmesh.a(csr_mesh_sha256_hmac.o)
                              ..\mesh_common\mesh\libraries\csr_101x\libcsrmesh.a(csr_mesh_masp_mcp_common.o) (___libcsrmesh_308)
..\mesh_common\mesh\libraries\csr_101x\libcsrmesh.a(csr_mesh_sha256_initialise.o)
                              ..\mesh_common\mesh\libraries\csr_101x\libcsrmesh.a(csr_mesh_masp_mcp_common.o) (___libcsrmesh_311)
..\mesh_common\mesh\libraries\csr_101x\libcsrmesh.a(csr_mesh_sha256_process_data.o)
                              ..\mesh_common\mesh\libraries\csr_101x\libcsrmesh.a(csr_mesh_sha256_hmac.o) (___libcsrmesh_317)
..\mesh_common\mesh\libraries\csr_101x\libcsrmesh.a(csr_mesh_bearer.o)
                              ..\mesh_common\mesh\libraries\csr_101x\libcsrmesh.a(csr_mesh_mtl.o) (___libcsrmesh_335)
..\mesh_common\mesh\libraries\csr_101x\libcsrmesh.a(csr_mesh_bearer_porting_util.o)
                              ..\mesh_common\mesh\libraries\csr_101x\libcsrmesh.a(csr_mesh_bearer.o) (___libcsrmesh_353)
..\mesh_common\mesh\libraries\csr_101x\libcsrmesh.a(csr_mesh_hal_ifce.o)
                              ..\mesh_common\mesh\libraries\csr_101x\libcsrmesh.a(csr_mesh_masp.o) (___libcsrmesh_363)
..\mesh_common\mesh\libraries\csr_101x\libcsrmesh.a(csr_mesh_security_ifce_101x.o)
                              ..\mesh_common\mesh\libraries\csr_101x\libcsrmesh.a(csr_mesh_mtl.o) (___libcsrmesh_371)
..\mesh_common\mesh\libraries\csr_101x\libcsrmesh.a(csr1010_scheduler.o)
                              ..\mesh_common\mesh\libraries\csr_101x\libcsrmesh.a(csr_mesh_bearer_porting_util.o) (IsCSRSchedRunning)
..\mesh_common\mesh\libraries\csr_101x\libcsrmesh.a(sig_mesh_relay.o)
                              ..\mesh_common\mesh\libraries\csr_101x\libcsrmesh.a(csr_mesh_bearer.o) (___libcsrmesh_414)
..\mesh_common\mesh\libraries\csr_101x\libcsrmesh.a(csr_mesh_bearer_model.o)
                              ..\mesh_common\mesh\libraries\csr_101x\libcsrmesh.a(csr_mesh_mcp.o) (BearerModelInit)
..\mesh_common\mesh\libraries\csr_101x\libcsrmesh.a(csr_mesh_config_model.o)
                              ..\mesh_common\mesh\libraries\csr_101x\libcsrmesh.a(csr_mesh_bearer_model.o) (___libcsrmesh_111)
..\mesh_common\mesh\libraries\csr_101x\libcsrmesh.a(csr_mesh_ec_math.o)
                              ..\mesh_common\mesh\libraries\csr_101x\libcsrmesh.a(csr_mesh_masp.o) (___libcsrmesh_127)
..\mesh_common\mesh\libraries\csr_101x\libcsrmesh.a(csr_mesh_group_model.o)
                              ..\mesh_common\mesh\libraries\csr_101x\libcsrmesh.a(csr_mesh_mcp.o) (GroupModelInit)
..\mesh_common\mesh\libraries\csr_101x\libcsrmesh.a(csr_mesh_large_num.o)
                              ..\mesh_common\mesh\libraries\csr_101x\libcsrmesh.a(csr_mesh_ec_math.o) (___libcsrmesh_161)
..\mesh_common\mesh\libraries\csr_101x\libcsrmesh.a(csr_mesh_sha_add_to_cache.o)
                              ..\mesh_common\mesh\libraries\csr_101x\libcsrmesh.a(csr_mesh_sha256_get_results.o) (___libcsrmesh_286)
..\mesh_common\mesh\libraries\csr_101x\libcsrmesh.a(csr_mesh_sha256_calc_ith_hash_val.o)
                              ..\mesh_common\mesh\libraries\csr_101x\libcsrmesh.a(csr_mesh_sha256_process_data.o) (___libcsrmesh_292)
..\mesh_common\mesh\libraries\csr_101x\libdata_server.a(data_model.o)
                              depend_Release_CSR101x_A05\data_model_handler.o (DataModelInit)
..\mesh_common\mesh\libraries\csr_101x\libdata_client.a(data_client.o)
                              depend_Release_CSR101x_A05\data_model_handler.o (DataBlockSend)
[...]
Memory Configuration

Name             Origin             Length             Attributes
*default*        0x00000000         0xffffffff

Linker script and memory map

LOAD depend_Release_CSR101x_A05\app_gatt_db.o
LOAD depend_Release_CSR101x_A05\conn_param_update.o
LOAD depend_Release_CSR101x_A05\nvm_access.o
LOAD depend_Release_CSR101x_A05\cm_common.o
LOAD depend_Release_CSR101x_A05\cm_hal.o
LOAD depend_Release_CSR101x_A05\cm_private.o
LOAD depend_Release_CSR101x_A05\cm_security.o
LOAD depend_Release_CSR101x_A05\cm_server.o
LOAD depend_Release_CSR101x_A05\cm_observer.o
LOAD depend_Release_CSR101x_A05\cm_peripheral.o
LOAD depend_Release_CSR101x_A05\battery_hw.o
LOAD depend_Release_CSR101x_A05\iot_hw.o
LOAD depend_Release_CSR101x_A05\csr_mesh_ps_ifce.o
LOAD depend_Release_CSR101x_A05\attention_model_handler.o
LOAD depend_Release_CSR101x_A05\battery_model_handler.o
LOAD depend_Release_CSR101x_A05\core_mesh_handler.o
LOAD depend_Release_CSR101x_A05\data_model_handler.o
LOAD depend_Release_CSR101x_A05\sensor_model_handler.o
LOAD depend_Release_CSR101x_A05\app_util.o
LOAD depend_Release_CSR101x_A05\connection_handler.o
LOAD depend_Release_CSR101x_A05\advertisement_handler.o
LOAD depend_Release_CSR101x_A05\time_model_handler.o
LOAD depend_Release_CSR101x_A05\action_model_handler.o
LOAD depend_Release_CSR101x_A05\largeobjecttransfer_model_handler.o
LOAD depend_Release_CSR101x_A05\gap_service.o
LOAD depend_Release_CSR101x_A05\gatt_service.o
LOAD depend_Release_CSR101x_A05\mesh_control_service.o
LOAD depend_Release_CSR101x_A05\csr_ota_service.o
LOAD depend_Release_CSR101x_A05\main_app.o
LOAD depend_Release_CSR101x_A05\app_mesh_handler.o
LOAD depend_Release_CSR101x_A05\app_mesh_model_handler.o
LOAD depend_Release_CSR101x_A05\byte_queue.o
LOAD depend_Release_CSR101x_A05\label.o
LOAD depend_Release_CSR101x_A05\time_uart.o
LOAD depend_Release_CSR101x_A05\uart_time.o
LOAD depend_Release_CSR101x_A05\Flash_Run.o
LOAD ..\mesh_common\mesh\libraries\csr_101x\libcsrmesh.a
LOAD ..\mesh_common\mesh\libraries\csr_101x\libsensor_server.a
LOAD ..\mesh_common\mesh\libraries\csr_101x\libping_server.a
LOAD ..\mesh_common\mesh\libraries\csr_101x\libattention_server.a
LOAD ..\mesh_common\mesh\libraries\csr_101x\libtime_client.a
LOAD ..\mesh_common\mesh\libraries\csr_101x\libtime_server.a
LOAD ..\mesh_common\mesh\libraries\csr_101x\libaction_server.a
LOAD ..\mesh_common\mesh\libraries\csr_101x\libdata_server.a
LOAD ..\mesh_common\mesh\libraries\csr_101x\libdata_client.a
LOAD ..\mesh_common\mesh\libraries\csr_101x\libbattery_server.a
LOAD ..\mesh_common\mesh\libraries\csr_101x\libsensor_client.a
LOAD ..\mesh_common\mesh\libraries\csr_101x\liblargeobjecttransfer_server.a
LOAD D:\CSR_uEnergy_SDK-2.6.1.7\tools\lib\otau\libotau_flash.a
LOAD D:\CSR_uEnergy_SDK-2.6.1.7\tools\lib\CSR101x_A05\libgatt_lib_ram.a
LOAD D:\CSR_uEnergy_SDK-2.6.1.7\tools\lib\CSR101x_A05\rom_img.elf
                0x00000000                PROG_RAM_START = 0x0
                0x00008000                PROG_RAM_SIZE = 0x8000
                0x00008000                PROG_ROM_START = 0x8000
                0x00008000                PROG_ROM_SIZE = 0x8000
                0x00002000                DATA_RAM_START = 0x2000
                0x00008000                DATA_RAM_SIZE = 0x8000
                0x000001b0                RADIOBUFS_SIZE = 0x1b0
                0x00000020                WHITELIST_SIZE = 0x20
                0x00000164                RADIODATA_SIZE = 0x164
                0x00000200                USTACK_SIZE = 0x200
                0x00000100                ISTACK_SIZE = 0x100
                0x00009f84                DATA_CSTORE_START = 0x9f84
                0x00000058                CSTORE_SIZE = 0x58
                0x00000004                SLT_SIZE = 0x4
                0x00000020                PRESERVE_SIZE = 0x20
                0x0000a000                DATA_RAM_END = 0xa000
                0x0000a000                DATA_ROM_START = 0xa000
                0x00004000                DATA_ROM_SIZE = 0x4000
                0x0000ef80                DATA_PERSIST_START = 0xef80
                0x00000080                DATA_PERSIST_SIZE = 0x80
                0x00009360                DATA_ROMDATA_START = 0x9360
                0x00000000                PROG_APPCODE_START = 0x0
                0x00006c00                PROG_APPCODE_END = 0x6c00
                0x00008c40                DATA_APPDATA_START = 0x8c40
                0x00008f00                DATA_APPDATA_END = 0x8f00
                0x80000000                $CODE$ = 0x80000000
                0x00000000                $DATA$ = 0x0
                0x0000ffe0                PROVIDE ($XAP_AH, 0xffe0)
                0x0000ffe1                PROVIDE ($XAP_AL, 0xffe1)
                0x0000ffe2                PROVIDE ($XAP_UXH, 0xffe2)
                0x0000ffe3                PROVIDE ($XAP_UXL, 0xffe3)
                0x0000ffe4                PROVIDE ($XAP_UY, 0xffe4)
                0x0000ffe5                PROVIDE ($XAP_IXH, 0xffe5)
                0x0000ffe6                PROVIDE ($XAP_IXL, 0xffe6)
                0x0000ffe7                PROVIDE ($XAP_IY, 0xffe7)
                0x00000008                . = 0x8

.app_ram_init   0x00000008        0x1
 *(RAM_APP_INIT)
 RAM_APP_INIT   0x00000008        0x1 D:\CSR_uEnergy_SDK-2.6.1.7\tools\lib\CSR101x_A05\libgatt_lib_ram.a(main_ram.o)
                0x00000008                main_ram_app_init

.fw_patch_bitmap
                0x00000009        0x6
 *(FW_PATCH_BITMAP)
 FW_PATCH_BITMAP
                0x00000009        0x6 D:\CSR_uEnergy_SDK-2.6.1.7\tools\lib\CSR101x_A05\libgatt_lib_ram.a(sw_patch_ram.o)
                0x00000009                patch_bitmap

.fw_patch_table
                0x0000000f        0x1
 *(FW_PATCH_TABLE)
 FW_PATCH_TABLE
                0x0000000f        0x1 D:\CSR_uEnergy_SDK-2.6.1.7\tools\lib\CSR101x_A05\libgatt_lib_ram.a(sw_patch_ram.o)
                0x0000000f                patch_table
                0x00000010                PROG_APPCODE_START = .

.text           0x00000010     0x5ea8 load address 0x80000010
 *xap2crt0.o(.text)
 *xap2crt0.o(.text.*)
                0x00000010                PROG_PATCH_ADDRESS = .
 *(.hw_patch)
 .hw_patch      0x00000010      0x1c9 D:\CSR_uEnergy_SDK-2.6.1.7\tools\lib\CSR101x_A05\libgatt_lib_ram.a(patch_baldrick.o)
                0x00000010                hw_patch
 *(.text)
 .text          0x000001d9       0x3c D:\CSR_uEnergy_SDK-2.6.1.7\tools\lib\CSR101x_A05\libgatt_lib_ram.a(sm_ram.o)
                0x00000207                SMDistributeMasterLtk
                0x000001d9                ___libgatt_lib_db_476
                0x000001e9                SMFeaturesReq
 .text          0x00000215      0x1cf D:\CSR_uEnergy_SDK-2.6.1.7\tools\lib\CSR101x_A05\libgatt_lib_ram.a(patch_sm.o)
                0x00000383                ___libgatt_lib_db_4595
                0x0000024a                ___libgatt_lib_db_4594
                0x000002e0                ___libgatt_lib_db_4605
                0x00000215                ___libgatt_lib_db_4591
                0x00000334                ___libgatt_lib_db_4593
                0x000002a5                ___libgatt_lib_db_4592
                0x000002be                ___libgatt_lib_db_4590
                0x000002af                ___libgatt_lib_db_4596
 .text          0x000003e4        0xf D:\CSR_uEnergy_SDK-2.6.1.7\tools\lib\CSR101x_A05\libgatt_lib_ram.a(patch_sm_l2cap.o)
                0x000003e4                ___libgatt_lib_db_4607
 *(.text.*)
 .text.GattGetDatabase
                0x000003f3        0x8 depend_Release_CSR101x_A05\app_gatt_db.o
                0x000003f3                GattGetDatabase
 .text.handleGapCppTimerExpiry
                0x000003fb       0x12 depend_Release_CSR101x_A05\conn_param_update.o
 .text.requestConnParamUpdate
                0x0000040d       0x1c depend_Release_CSR101x_A05\conn_param_update.o
 .text.ConnectionParamUpdateEvent
                0x00000429       0x83 depend_Release_CSR101x_A05\conn_param_update.o
                0x00000429                ConnectionParamUpdateEvent
 .text.StopConnParamsUpdate
                0x000004ac        0xf depend_Release_CSR101x_A05\conn_param_update.o
                0x000004ac                StopConnParamsUpdate
 .text.processNewParams
                0x000004bb       0x49 depend_Release_CSR101x_A05\conn_param_update.o
 .text.RequestConnParamsUpdate
                0x00000504       0x26 depend_Release_CSR101x_A05\conn_param_update.o
                0x00000504                RequestConnParamsUpdate
 .text.nvmDisable
                0x0000052a        0x9 depend_Release_CSR101x_A05\nvm_access.o
 .text.reportPanic
                0x00000533        0x3 depend_Release_CSR101x_A05\nvm_access.o
 .text.Nvm_Write
                0x00000536        0xd depend_Release_CSR101x_A05\nvm_access.o
                0x00000536                Nvm_Write
 .text.Nvm_Read
                0x00000543        0xd depend_Release_CSR101x_A05\nvm_access.o
                0x00000543                Nvm_Read
 .text.Nvm_Init
                0x00000550       0x27 depend_Release_CSR101x_A05\nvm_access.o
                0x00000550                Nvm_Init
 .text.CMIsAddressResolvableRandom
                0x00000577       0x11 depend_Release_CSR101x_A05\cm_common.o
                0x00000577                CMIsAddressResolvableRandom
 .text.CMGetDeviceBondState
                0x00000588        0xb depend_Release_CSR101x_A05\cm_common.o
                0x00000588                CMGetDeviceBondState
 .text.CMReadRssi
                0x00000593        0x8 depend_Release_CSR101x_A05\cm_common.o
                0x00000593                CMReadRssi
 .text.CMConfigureRadioEvent
                0x0000059b        0xb depend_Release_CSR101x_A05\cm_common.o
                0x0000059b                CMConfigureRadioEvent
 .text.CMGetDevConnParam
                0x000005a6       0x17 depend_Release_CSR101x_A05\cm_common.o
                0x000005a6                CMGetDevConnParam
 .text.CMGetPeerDeviceRole
                0x000005bd       0x13 depend_Release_CSR101x_A05\cm_common.o
                0x000005bd                CMGetPeerDeviceRole
 .text.CMGetDevState
                0x000005d0       0x13 depend_Release_CSR101x_A05\cm_common.o
                0x000005d0                CMGetDevState
 .text.CMConnectionUpdateSignalingRsp
                0x000005e3        0x2 depend_Release_CSR101x_A05\cm_common.o
                0x000005e3                CMConnectionUpdateSignalingRsp
 .text.CMConnParamUpdateReq
                0x000005e5        0x5 depend_Release_CSR101x_A05\cm_common.o
                0x000005e5                CMConnParamUpdateReq
 .text.CMGetBdAdressFromDeviceId
                0x000005ea       0x17 depend_Release_CSR101x_A05\cm_common.o
                0x000005ea                CMGetBdAdressFromDeviceId
 .text.CMGetBondIdFromDeviceId
                0x00000601       0x14 depend_Release_CSR101x_A05\cm_common.o
                0x00000601                CMGetBondIdFromDeviceId
 .text.CMDisconnect
                0x00000615        0xe depend_Release_CSR101x_A05\cm_common.o
                0x00000615                CMDisconnect
 .text.CMInit   0x00000623       0x1e depend_Release_CSR101x_A05\cm_common.o
                0x00000623                CMInit
 .text.asyncApiTimeout
                0x00000641        0x7 depend_Release_CSR101x_A05\cm_common.o
 .text.getDeviceIdFromCid
                0x00000648       0x12 depend_Release_CSR101x_A05\cm_hal.o
 .text.getDeviceIdFromHciHandle
                0x0000065a       0x12 depend_Release_CSR101x_A05\cm_hal.o
 .text.HALGetMsgId
                0x0000066c        0x5 depend_Release_CSR101x_A05\cm_hal.o
                0x0000066c                HALGetMsgId
 .text.HALGetMsg
                0x00000671        0x5 depend_Release_CSR101x_A05\cm_hal.o
                0x00000671                HALGetMsg
 .text.HALAddNewDevice
                0x00000676       0x23 depend_Release_CSR101x_A05\cm_hal.o
                0x00000676                HALAddNewDevice
 .text.HALParseConnCompleteInd
                0x00000699       0x35 depend_Release_CSR101x_A05\cm_hal.o
                0x00000699                HALParseConnCompleteInd
 .text.HALParseDisconnCompleteInd
                0x000006ce       0x12 depend_Release_CSR101x_A05\cm_hal.o
                0x000006ce                HALParseDisconnCompleteInd
 .text.HALParseEncChangeInd
                0x000006e0       0x12 depend_Release_CSR101x_A05\cm_hal.o
                0x000006e0                HALParseEncChangeInd
 .text.HALParseRadioEventInd
                0x000006f2        0x1 depend_Release_CSR101x_A05\cm_hal.o
                0x000006f2                HALParseRadioEventInd
 .text.HALParseAccessWriteInd
                0x000006f3        0xb depend_Release_CSR101x_A05\cm_hal.o
                0x000006f3                HALParseAccessWriteInd
 .text.HALParseAccessReadInd
                0x000006fe        0xb depend_Release_CSR101x_A05\cm_hal.o
                0x000006fe                HALParseAccessReadInd
 .text.HALParseConnectionUpdateInd
                0x00000709        0xf depend_Release_CSR101x_A05\cm_hal.o
                0x00000709                HALParseConnectionUpdateInd
 .text.CMProcessMsg
                0x00000718        0xb depend_Release_CSR101x_A05\cm_hal.o
                0x00000718                CMProcessMsg
 .text.getDeviceIdFromBDAddress
                0x00000723       0x22 depend_Release_CSR101x_A05\cm_hal.o
 .text.HALGetDeviceId
                0x00000745       0x4b depend_Release_CSR101x_A05\cm_hal.o
                0x00000745                HALGetDeviceId
 .text.HALMatchBluetoothAddress
                0x00000790       0x2c depend_Release_CSR101x_A05\cm_hal.o
                0x00000790                HALMatchBluetoothAddress
 .text.HALConnectionUpdateSignallingRsp
                0x000007bc       0x14 depend_Release_CSR101x_A05\cm_hal.o
                0x000007bc                HALConnectionUpdateSignallingRsp
 .text.HALConnectionParamUpdateReq
                0x000007d0        0xb depend_Release_CSR101x_A05\cm_hal.o
                0x000007d0                HALConnectionParamUpdateReq
 .text.HALSendValueIndication
                0x000007db       0x11 depend_Release_CSR101x_A05\cm_hal.o
                0x000007db                HALSendValueIndication
 .text.HALSendValueNotification
                0x000007ec       0x10 depend_Release_CSR101x_A05\cm_hal.o
                0x000007ec                HALSendValueNotification
 .text.HALSMInit
                0x000007fc        0x2 depend_Release_CSR101x_A05\cm_hal.o
                0x000007fc                HALSMInit
 .text.HALServerWriteInit
                0x000007fe        0x3 depend_Release_CSR101x_A05\cm_hal.o
                0x000007fe                HALServerWriteInit
 .text.CMGetMainData
                0x00000801        0x3 depend_Release_CSR101x_A05\cm_private.o
                0x00000801                CMGetMainData
 .text.CMNotifyEventToApplication
                0x00000804        0x8 depend_Release_CSR101x_A05\cm_private.o
                0x00000804                CMNotifyEventToApplication
 .text.CMPrivateInit
                0x0000080c       0x1d depend_Release_CSR101x_A05\cm_private.o
                0x0000080c                CMPrivateInit
 .text.CMResetDevConnParam
                0x00000829        0xd depend_Release_CSR101x_A05\cm_private.o
                0x00000829                CMResetDevConnParam
 .text.CMIsDeviceIdValid
                0x00000836        0x7 depend_Release_CSR101x_A05\cm_private.o
                0x00000836                CMIsDeviceIdValid
 .text.CMSetDeviceBondState
                0x0000083d        0x9 depend_Release_CSR101x_A05\cm_private.o
                0x0000083d                CMSetDeviceBondState
 .text.CMReportPanic
                0x00000846        0x3 depend_Release_CSR101x_A05\cm_private.o
                0x00000846                CMReportPanic
 .text.CMSetDeviceEncryptState
                0x00000849       0x11 depend_Release_CSR101x_A05\cm_private.o
                0x00000849                CMSetDeviceEncryptState
 .text.CMGetConnId
                0x0000085a        0xe depend_Release_CSR101x_A05\cm_private.o
                0x0000085a                CMGetConnId
 .text.CMSetConnParam
                0x00000868       0x13 depend_Release_CSR101x_A05\cm_private.o
                0x00000868                CMSetConnParam
 .text.CMSetDevState
                0x0000087b       0x2a depend_Release_CSR101x_A05\cm_private.o
                0x0000087b                CMSetDevState
 .text.CMGetDeviceId
                0x000008a5        0x7 depend_Release_CSR101x_A05\cm_private.o
                0x000008a5                CMGetDeviceId
 .text.handleSignalLmDisconnectComplete
                0x000008ac       0x37 depend_Release_CSR101x_A05\cm_private.o
 .text.handleSignalLsConnParamUpdateInd
                0x000008e3       0x1e depend_Release_CSR101x_A05\cm_private.o
 .text.handleSignalLsConnParamUpdateCfm
                0x00000901       0x17 depend_Release_CSR101x_A05\cm_private.o
 .text.handleSignalLsConnectionUpdate
                0x00000918       0x1c depend_Release_CSR101x_A05\cm_private.o
 .text.CMProcessEvent
                0x00000934      0x17e depend_Release_CSR101x_A05\cm_private.o
                0x00000934                CMProcessEvent
 .text.CMGetBondedBDAddr
                0x00000ab2       0x11 depend_Release_CSR101x_A05\cm_security.o
                0x00000ab2                CMGetBondedBDAddr
 .text.handleSignalSmSimplePairingCompleteInd
                0x00000ac3       0x43 depend_Release_CSR101x_A05\cm_security.o
 .text.CMSecurityHandleProcessLMEvent
                0x00000b06       0x36 depend_Release_CSR101x_A05\cm_security.o
                0x00000b06                CMSecurityHandleProcessLMEvent
 .text.ClearBondingInfo
                0x00000b3c       0x2b depend_Release_CSR101x_A05\cm_security.o
                0x00000b3c                ClearBondingInfo
 .text.CMGetBondId
                0x00000b67       0x21 depend_Release_CSR101x_A05\cm_security.o
                0x00000b67                CMGetBondId
 .text.CMIsDeviceBonded
                0x00000b88       0x20 depend_Release_CSR101x_A05\cm_security.o
                0x00000b88                CMIsDeviceBonded
 .text.CMSecurityInit
                0x00000ba8       0x4c depend_Release_CSR101x_A05\cm_security.o
                0x00000ba8                CMSecurityInit
 .text.CMServerGetHandler
                0x00000bf4       0x13 depend_Release_CSR101x_A05\cm_server.o
                0x00000bf4                CMServerGetHandler
 .text.CMServerNotifyGenericEvent
                0x00000c07       0x18 depend_Release_CSR101x_A05\cm_server.o
                0x00000c07                CMServerNotifyGenericEvent
 .text.CMServerNotifyGattEvent
                0x00000c1f        0x8 depend_Release_CSR101x_A05\cm_server.o
                0x00000c1f                CMServerNotifyGattEvent
 .text.CMServerInitRegisterHandler
                0x00000c27       0x1a depend_Release_CSR101x_A05\cm_server.o
                0x00000c27                CMServerInitRegisterHandler
 .text.CMServerHandleProcessLMEvent
                0x00000c41       0x7b depend_Release_CSR101x_A05\cm_server.o
                0x00000c41                CMServerHandleProcessLMEvent
 .text.CMSendValueIndication
                0x00000cbc        0x2 depend_Release_CSR101x_A05\cm_server.o
                0x00000cbc                CMSendValueIndication
 .text.CMSendValueNotification
                0x00000cbe        0x5 depend_Release_CSR101x_A05\cm_server.o
                0x00000cbe                CMSendValueNotification
 .text.CMSendAccessRsp
                0x00000cc3       0x15 depend_Release_CSR101x_A05\cm_server.o
                0x00000cc3                CMSendAccessRsp
 .text.CMServerInit
                0x00000cd8       0x1b depend_Release_CSR101x_A05\cm_server.o
                0x00000cd8                CMServerInit
 .text.CMObserverInit
                0x00000cf3        0x4 depend_Release_CSR101x_A05\cm_observer.o
                0x00000cf3                CMObserverInit
 .text.CMObserverEnableRawReports
                0x00000cf7        0x3 depend_Release_CSR101x_A05\cm_observer.o
                0x00000cf7                CMObserverEnableRawReports
 .text.CMObserverHandleProcessLMEvent
                0x00000cfa       0x11 depend_Release_CSR101x_A05\cm_observer.o
                0x00000cfa                CMObserverHandleProcessLMEvent
 .text.CMPeripheralInit
                0x00000d0b        0xa depend_Release_CSR101x_A05\cm_peripheral.o
                0x00000d0b                CMPeripheralInit
 .text.ReadBatteryLevel
                0x00000d15       0x28 depend_Release_CSR101x_A05\battery_hw.o
                0x00000d15                ReadBatteryLevel
 .text.SendLowBatteryIndication
                0x00000d3d        0x1 depend_Release_CSR101x_A05\battery_hw.o
                0x00000d3d                SendLowBatteryIndication
 .text.IOTLightControlDeviceSetColor
                0x00000d3e       0x74 depend_Release_CSR101x_A05\iot_hw.o
                0x00000d3e                IOTLightControlDeviceSetColor
 .text.IOTLightControlDeviceInit
                0x00000db2       0x20 depend_Release_CSR101x_A05\iot_hw.o
                0x00000db2                IOTLightControlDeviceInit
 .text.IOTLightControlDevicePower
                0x00000dd2       0x3b depend_Release_CSR101x_A05\iot_hw.o
                0x00000dd2                IOTLightControlDevicePower
 .text.IOTLightControlDeviceBlink
                0x00000e0d       0x41 depend_Release_CSR101x_A05\iot_hw.o
                0x00000e0d                IOTLightControlDeviceBlink
 .text.getPsKeyOffset
                0x00000e4e       0x16 depend_Release_CSR101x_A05\csr_mesh_ps_ifce.o
 .text.CSRmeshPsInit
                0x00000e64        0x2 depend_Release_CSR101x_A05\csr_mesh_ps_ifce.o
                0x00000e64                CSRmeshPsInit
 .text.CSRmeshPsSecureWrite
                0x00000e66        0xa depend_Release_CSR101x_A05\csr_mesh_ps_ifce.o
                0x00000e66                CSRmeshPsSecureWrite
 .text.CSRmeshPsWrite
                0x00000e70        0xa depend_Release_CSR101x_A05\csr_mesh_ps_ifce.o
                0x00000e70                CSRmeshPsWrite
 .text.CSRmeshPsSecureRead
                0x00000e7a        0xa depend_Release_CSR101x_A05\csr_mesh_ps_ifce.o
                0x00000e7a                CSRmeshPsSecureRead
 .text.CSRmeshPsRead
                0x00000e84        0xa depend_Release_CSR101x_A05\csr_mesh_ps_ifce.o
                0x00000e84                CSRmeshPsRead
 .text.CSRmeshIsPsReadyForAccess
                0x00000e8e       0x18 depend_Release_CSR101x_A05\csr_mesh_ps_ifce.o
                0x00000e8e                CSRmeshIsPsReadyForAccess
 .text.IsGattBearerEnabled
                0x00000ea6        0x6 depend_Release_CSR101x_A05\core_mesh_handler.o
                0x00000ea6                IsGattBearerEnabled
 .text.AppGetStoredBearerState
                0x00000eac        0xb depend_Release_CSR101x_A05\core_mesh_handler.o
                0x00000eac                AppGetStoredBearerState
 .text.AppGetCurrentTTL
                0x00000eb7        0x5 depend_Release_CSR101x_A05\core_mesh_handler.o
                0x00000eb7                AppGetCurrentTTL
 .text.AppInitializeSeqCache
                0x00000ebc        0x1 depend_Release_CSR101x_A05\core_mesh_handler.o
                0x00000ebc                AppInitializeSeqCache
 .text.AppClearSeqCache
                0x00000ebd        0x1 depend_Release_CSR101x_A05\core_mesh_handler.o
                0x00000ebd                AppClearSeqCache
 .text.AppSetTxPower
                0x00000ebe       0x13 depend_Release_CSR101x_A05\core_mesh_handler.o
                0x00000ebe                AppSetTxPower
 .text.MeshHandlerInit
                0x00000ed1        0xa depend_Release_CSR101x_A05\core_mesh_handler.o
                0x00000ed1                MeshHandlerInit
 .text.attnTimerHandler
                0x00000edb        0xa depend_Release_CSR101x_A05\core_mesh_handler.o
 .text.AppUpdateBearerState
                0x00000ee5        0xf depend_Release_CSR101x_A05\core_mesh_handler.o
                0x00000ee5                AppUpdateBearerState
 .text.InitiateAssociation
                0x00000ef4       0x2a depend_Release_CSR101x_A05\core_mesh_handler.o
                0x00000ef4                InitiateAssociation
 .text.appProcessMeshEvent
                0x00000f1e      0x13d depend_Release_CSR101x_A05\core_mesh_handler.o
 .text.deviceIdAdvertTimeoutHandler
                0x0000105b       0x44 depend_Release_CSR101x_A05\core_mesh_handler.o
 .text.resetRxStreamState
                0x0000109f        0xa depend_Release_CSR101x_A05\data_model_handler.o
 .text.rxStreamTimeoutHandler
                0x000010a9        0xa depend_Release_CSR101x_A05\data_model_handler.o
 .text.resetTxStreamState
                0x000010b3        0x9 depend_Release_CSR101x_A05\data_model_handler.o
 .text.Handle01Data
                0x000010bc       0x20 depend_Release_CSR101x_A05\data_model_handler.o
 .text.Handle02Data
                0x000010dc       0x22 depend_Release_CSR101x_A05\data_model_handler.o
 .text.Handle03Data
                0x000010fe       0x22 depend_Release_CSR101x_A05\data_model_handler.o
 .text.MeshRxdCheck_New
                0x00001120       0x25 depend_Release_CSR101x_A05\data_model_handler.o
 .text.DataModelHandlerInit
                0x00001145       0x23 depend_Release_CSR101x_A05\data_model_handler.o
                0x00001145                DataModelHandlerInit
 .text.appDataServerHandler
                0x00001168      0x295 depend_Release_CSR101x_A05\data_model_handler.o
 .text.endStream
                0x000013fd       0x1c depend_Release_CSR101x_A05\data_model_handler.o
 .text.handleCSRmeshDataStreamSendCfm
                0x00001419       0x49 depend_Release_CSR101x_A05\data_model_handler.o
 .text.appDataClientHandler
                0x00001462       0x30 depend_Release_CSR101x_A05\data_model_handler.o
 .text.streamSendRetryTimer
                0x00001492       0x3e depend_Release_CSR101x_A05\data_model_handler.o
 .text.StartBlockSendData
                0x000014d0       0xaa depend_Release_CSR101x_A05\data_model_handler.o
                0x000014d0                StartBlockSendData
 .text.blockSendRetryTimer
                0x0000157a       0x54 depend_Release_CSR101x_A05\data_model_handler.o
 .text.ReportPanic
                0x000015ce        0x3 depend_Release_CSR101x_A05\app_util.o
                0x000015ce                ReportPanic
 .text.InitialiseGattData
                0x000015d1        0xb depend_Release_CSR101x_A05\connection_handler.o
                0x000015d1                InitialiseGattData
 .text.GetConnectedDeviceId
                0x000015dc        0x3 depend_Release_CSR101x_A05\connection_handler.o
                0x000015dc                GetConnectedDeviceId
 .text.AppRequestConnParamUpdate
                0x000015df       0x19 depend_Release_CSR101x_A05\connection_handler.o
                0x000015df                AppRequestConnParamUpdate
 .text.AppSetState
                0x000015f8       0x1f depend_Release_CSR101x_A05\connection_handler.o
                0x000015f8                AppSetState
 .text.AppCMInit
                0x00001617       0x22 depend_Release_CSR101x_A05\connection_handler.o
                0x00001617                AppCMInit
 .text.handleConnNotify
                0x00001639       0x84 depend_Release_CSR101x_A05\connection_handler.o
 .text.appHandleConnMgrProcEvent
                0x000016bd       0xb3 depend_Release_CSR101x_A05\connection_handler.o
 .text.GattSetRandomAddress
                0x00001770       0x2c depend_Release_CSR101x_A05\advertisement_handler.o
                0x00001770                GattSetRandomAddress
 .text.GattStopAdverts
                0x0000179c        0xa depend_Release_CSR101x_A05\advertisement_handler.o
                0x0000179c                GattStopAdverts
 .text.csrStoreUserAdvData
                0x000017a6       0x2d depend_Release_CSR101x_A05\advertisement_handler.o
 .text.gattSetAdvertData
                0x000017d3       0x67 depend_Release_CSR101x_A05\advertisement_handler.o
 .text.GattTriggerConnectableAdverts
                0x0000183a       0x5b depend_Release_CSR101x_A05\advertisement_handler.o
                0x0000183a                GattTriggerConnectableAdverts
 .text.gattAdvertTimerHandler
                0x00001895        0x9 depend_Release_CSR101x_A05\advertisement_handler.o
 .text.writeDeviceNameToNvm
                0x0000189e       0x16 depend_Release_CSR101x_A05\gap_service.o
 .text.handleConnMgrProcedureEvent
                0x000018b4       0x53 depend_Release_CSR101x_A05\gap_service.o
 .text.GapGetNameAndLength
                0x00001907        0xc depend_Release_CSR101x_A05\gap_service.o
                0x00001907                GapGetNameAndLength
 .text.GapInitServerService
                0x00001913       0x48 depend_Release_CSR101x_A05\gap_service.o
                0x00001913                GapInitServerService
 .text.writeToNvm
                0x0000195b       0x1f depend_Release_CSR101x_A05\gatt_service.o
 .text.handleConnMgrProcedureEvent
                0x0000197a       0xbc depend_Release_CSR101x_A05\gatt_service.o
 .text.readDataFromNVM
                0x00001a36       0x30 depend_Release_CSR101x_A05\gatt_service.o
 .text.GattExtInitServerService
                0x00001a66       0x20 depend_Release_CSR101x_A05\gatt_service.o
                0x00001a66                GattExtInitServerService
 .text.MeshControlServiceDataInit
                0x00001a86        0x8 depend_Release_CSR101x_A05\mesh_control_service.o
                0x00001a86                MeshControlServiceDataInit
 .text.MeshControlNotifyResponse
                0x00001a8e       0x2a depend_Release_CSR101x_A05\mesh_control_service.o
                0x00001a8e                MeshControlNotifyResponse
 .text.MeshControlInitServerService
                0x00001ab8        0xf depend_Release_CSR101x_A05\mesh_control_service.o
                0x00001ab8                MeshControlInitServerService
 .text.handleAccessRead
                0x00001ac7       0x3e depend_Release_CSR101x_A05\mesh_control_service.o
 .text.handleAccessWrite
                0x00001b05       0x9b depend_Release_CSR101x_A05\mesh_control_service.o
 .text.handleConnMgrProcedureEvent
                0x00001ba0        0xe depend_Release_CSR101x_A05\mesh_control_service.o
 .text.srf_init
                0x00001bae       0x1f depend_Release_CSR101x_A05\main_app.o
                0x00001bae                srf_init
 .text.AppPowerOnReset
                0x00001bcd        0x1 depend_Release_CSR101x_A05\main_app.o
                0x00001bcd                AppPowerOnReset
 .text.AppProcessLmEvent
                0x00001bce        0x5 depend_Release_CSR101x_A05\main_app.o
                0x00001bce                AppProcessLmEvent
 .text.AppProcessSystemEvent
                0x00001bd3        0x5 depend_Release_CSR101x_A05\main_app.o
                0x00001bd3                AppProcessSystemEvent
 .text.AppNvmReady
                0x00001bd8        0xc depend_Release_CSR101x_A05\main_app.o
                0x00001bd8                AppNvmReady
 .text.AppInit  0x00001be4       0x54 depend_Release_CSR101x_A05\main_app.o
                0x00001be4                AppInit
 .text.Reset_BLE_Module
                0x00001c38       0x11 depend_Release_CSR101x_A05\main_app.o
                0x00001c38                Reset_BLE_Module
 .text.time1shandle
                0x00001c49       0x17 depend_Release_CSR101x_A05\main_app.o
                0x00001c49                time1shandle
 .text.time100mshandle
                0x00001c60       0x17 depend_Release_CSR101x_A05\main_app.o
                0x00001c60                time100mshandle
 .text.time10mshandle
                0x00001c77       0x3f depend_Release_CSR101x_A05\main_app.o
                0x00001c77                time10mshandle
 .text.time1mshandle
                0x00001cb6       0x2a depend_Release_CSR101x_A05\main_app.o
                0x00001cb6                time1mshandle
 .text.AppDataInit
                0x00001ce0        0x8 depend_Release_CSR101x_A05\main_app.o
                0x00001ce0                AppDataInit
 .text.InitAppSupportedServices
                0x00001ce8       0x12 depend_Release_CSR101x_A05\main_app.o
                0x00001ce8                InitAppSupportedServices
 .text.writeSupportedModelGroupsOntoNVM
                0x00001cfa        0x9 depend_Release_CSR101x_A05\app_mesh_handler.o
 .text.HandleGroupSetMsg
                0x00001d03       0x1a depend_Release_CSR101x_A05\app_mesh_handler.o
                0x00001d03                HandleGroupSetMsg
 .text.RestoreLightState
                0x00001d1d       0x2d depend_Release_CSR101x_A05\app_mesh_handler.o
                0x00001d1d                RestoreLightState
 .text.AppHandleAssociationComplete
                0x00001d4a        0x1 depend_Release_CSR101x_A05\app_mesh_handler.o
                0x00001d4a                AppHandleAssociationComplete
 .text.SetScanDutyCycle
                0x00001d4b        0xe depend_Release_CSR101x_A05\app_mesh_handler.o
                0x00001d4b                SetScanDutyCycle
 .text.EnableHighDutyScanMode
                0x00001d59        0xd depend_Release_CSR101x_A05\app_mesh_handler.o
                0x00001d59                EnableHighDutyScanMode
 .text.initializeSupportedModelGroups
                0x00001d66        0x9 depend_Release_CSR101x_A05\app_mesh_handler.o
 .text.RemoveAssociation
                0x00001d6f       0x45 depend_Release_CSR101x_A05\app_mesh_handler.o
                0x00001d6f                RemoveAssociation
 .text.AppMeshInit
                0x00001db4      0x10d depend_Release_CSR101x_A05\app_mesh_handler.o
                0x00001db4                AppMeshInit
 .text.InitializeSupportedModelData
                0x00001ec1        0x1 depend_Release_CSR101x_A05\app_mesh_model_handler.o
                0x00001ec1                InitializeSupportedModelData
 .text.InitialiseSensorData
                0x00001ec2        0xe depend_Release_CSR101x_A05\app_mesh_model_handler.o
                0x00001ec2                InitialiseSensorData
 .text.IsHeaterConfigured
                0x00001ed0        0xd depend_Release_CSR101x_A05\app_mesh_model_handler.o
                0x00001ed0                IsHeaterConfigured
 .text.GetHeaterStatus
                0x00001edd        0x3 depend_Release_CSR101x_A05\app_mesh_model_handler.o
                0x00001edd                GetHeaterStatus
 .text.startReadValueTimer
                0x00001ee0       0x15 depend_Release_CSR101x_A05\app_mesh_model_handler.o
 .text.InitialiseHeater
                0x00001ef5        0xf depend_Release_CSR101x_A05\app_mesh_model_handler.o
                0x00001ef5                InitialiseHeater
 .text.readValTimerHandler
                0x00001f04        0xd depend_Release_CSR101x_A05\app_mesh_model_handler.o
 .text.ReadSensorDataFromNVM
                0x00001f11        0xd depend_Release_CSR101x_A05\app_mesh_model_handler.o
                0x00001f11                ReadSensorDataFromNVM
 .text.BQGetDataSize
                0x00001f1e        0xd depend_Release_CSR101x_A05\byte_queue.o
                0x00001f1e                BQGetDataSize
 .text.BQCommitLastPeek
                0x00001f2b        0x8 depend_Release_CSR101x_A05\byte_queue.o
                0x00001f2b                BQCommitLastPeek
 .text.peekBuffer
                0x00001f33       0x73 depend_Release_CSR101x_A05\byte_queue.o
 .text.BQPeekBytes
                0x00001fa6        0x1 depend_Release_CSR101x_A05\byte_queue.o
                0x00001fa6                BQPeekBytes
 .text.BQPopBytes
                0x00001fa7        0xa depend_Release_CSR101x_A05\byte_queue.o
                0x00001fa7                BQPopBytes
 .text.copyIntoBuffer
                0x00001fb1       0x96 depend_Release_CSR101x_A05\byte_queue.o
 .text.BQForceQueueBytes
                0x00002047        0x2 depend_Release_CSR101x_A05\byte_queue.o
                0x00002047                BQForceQueueBytes
 .text.BQSafeQueueBytes
                0x00002049       0x1f depend_Release_CSR101x_A05\byte_queue.o
                0x00002049                BQSafeQueueBytes
 .text.timer_RBINT
                0x00002068       0x62 depend_Release_CSR101x_A05\time_uart.o
                0x00002068                timer_RBINT
 .text.timer_10ms_RBINT
                0x000020ca       0x20 depend_Release_CSR101x_A05\time_uart.o
                0x000020ca                timer_10ms_RBINT
 .text.timer_100ms_RBINT
                0x000020ea       0x26 depend_Release_CSR101x_A05\time_uart.o
                0x000020ea                timer_100ms_RBINT
 .text.timer_1s_RBINT
                0x00002110       0x26 depend_Release_CSR101x_A05\time_uart.o
                0x00002110                timer_1s_RBINT
 .text.WifiRxDataClear
                0x00002136        0x9 depend_Release_CSR101x_A05\uart_time.o
                0x00002136                WifiRxDataClear
 .text.WifiTxGetBcc
                0x0000213f       0x36 depend_Release_CSR101x_A05\uart_time.o
 .text.BLE_TX_GCC
                0x00002175       0x12 depend_Release_CSR101x_A05\uart_time.o
 .text.CLEAR_BLE_RX_DATA
                0x00002187        0xa depend_Release_CSR101x_A05\uart_time.o
 .text.WifiTxDataDD
                0x00002191       0x30 depend_Release_CSR101x_A05\uart_time.o
 .text.InitUart
                0x000021c1       0x2a depend_Release_CSR101x_A05\uart_time.o
                0x000021c1                InitUart
 .text.sendPendingData
                0x000021eb       0x2d depend_Release_CSR101x_A05\uart_time.o
 .text.uartTxDataCallback
                0x00002218        0x1 depend_Release_CSR101x_A05\uart_time.o
 .text.uartRxDataCallback
                0x00002219       0x4d depend_Release_CSR101x_A05\uart_time.o
 .text.SendDataToUart
                0x00002266       0x3a depend_Release_CSR101x_A05\uart_time.o
                0x00002266                SendDataToUart
 .text.processuartdata
                0x000022a0      0x1cc depend_Release_CSR101x_A05\uart_time.o
                0x000022a0                processuartdata
 .text.flash_run
                0x0000246c       0x87 depend_Release_CSR101x_A05\Flash_Run.o
                0x0000246c                flash_run
 .text.CSRmeshRegisterAppCallback
                0x000024f3       0x10 ..\mesh_common\mesh\libraries\csr_101x\libcsrmesh.a(csr_mesh.o)
                0x000024f3                CSRmeshRegisterAppCallback
 .text.CSRmeshGetDeviceID
                0x00002503       0x21 ..\mesh_common\mesh\libraries\csr_101x\libcsrmesh.a(csr_mesh.o)
                0x00002503                CSRmeshGetDeviceID
 .text.___libcsrmesh_86
                0x00002524       0x1a ..\mesh_common\mesh\libraries\csr_101x\libcsrmesh.a(csr_mesh.o)
                0x00002524                ___libcsrmesh_86
 .text.___libcsrmesh_85
                0x0000253e        0xc ..\mesh_common\mesh\libraries\csr_101x\libcsrmesh.a(csr_mesh.o)
                0x0000253e                ___libcsrmesh_85
 .text.CSRmeshAssociateToANetwork
                0x0000254a       0x16 ..\mesh_common\mesh\libraries\csr_101x\libcsrmesh.a(csr_mesh.o)
                0x0000254a                CSRmeshAssociateToANetwork
 .text.CSRmeshGetDefaultTTL
                0x00002560       0x1b ..\mesh_common\mesh\libraries\csr_101x\libcsrmesh.a(csr_mesh.o)
                0x00002560                CSRmeshGetDefaultTTL
 .text.CSRmeshSetDefaultTTL
                0x0000257b       0x10 ..\mesh_common\mesh\libraries\csr_101x\libcsrmesh.a(csr_mesh.o)
                0x0000257b                CSRmeshSetDefaultTTL
 .text.CSRmeshSetTransmitState
                0x0000258b       0x27 ..\mesh_common\mesh\libraries\csr_101x\libcsrmesh.a(csr_mesh.o)
                0x0000258b                CSRmeshSetTransmitState
 .text.___libcsrmesh_84
                0x000025b2        0x9 ..\mesh_common\mesh\libraries\csr_101x\libcsrmesh.a(csr_mesh.o)
                0x000025b2                ___libcsrmesh_84
 .text.___libcsrmesh_88
                0x000025bb       0x31 ..\mesh_common\mesh\libraries\csr_101x\libcsrmesh.a(csr_mesh.o)
                0x000025bb                ___libcsrmesh_88
 .text.CSRmeshRemoveNetwork
                0x000025ec       0x1b ..\mesh_common\mesh\libraries\csr_101x\libcsrmesh.a(csr_mesh.o)
                0x000025ec                CSRmeshRemoveNetwork
 .text.CSRMeshUpdateMeshContextData
                0x00002607       0x94 ..\mesh_common\mesh\libraries\csr_101x\libcsrmesh.a(csr_mesh.o)
 .text.CSRmeshStart
                0x0000269b       0x20 ..\mesh_common\mesh\libraries\csr_101x\libcsrmesh.a(csr_mesh.o)
                0x0000269b                CSRmeshStart
 .text.CSRMeshUpdateConfigRole
                0x000026bb       0x14 ..\mesh_common\mesh\libraries\csr_101x\libcsrmesh.a(csr_mesh.o)
 .text.CSRmeshInit
                0x000026cf       0x65 ..\mesh_common\mesh\libraries\csr_101x\libcsrmesh.a(csr_mesh.o)
                0x000026cf                CSRmeshInit
 .text.___libcsrmesh_118
                0x00002734        0x3 ..\mesh_common\mesh\libraries\csr_101x\libcsrmesh.a(csr_mesh_ec_alloc.o)
                0x00002734                ___libcsrmesh_118
 .text.___libcsrmesh_119
                0x00002737        0x1 ..\mesh_common\mesh\libraries\csr_101x\libcsrmesh.a(csr_mesh_ec_alloc.o)
                0x00002737                ___libcsrmesh_119
 .text.___libcsrmesh_117
                0x00002738        0xa ..\mesh_common\mesh\libraries\csr_101x\libcsrmesh.a(csr_mesh_ec_alloc.o)
                0x00002738                ___libcsrmesh_117
 .text.___libcsrmesh_116
                0x00002742       0x1e ..\mesh_common\mesh\libraries\csr_101x\libcsrmesh.a(csr_mesh_ec_alloc.o)
                0x00002742                ___libcsrmesh_116
 .text.maspFreeConfirmationBuffers
                0x00002760       0x12 ..\mesh_common\mesh\libraries\csr_101x\libcsrmesh.a(csr_mesh_masp.o)
 .text.maspFreeClientPublicKeyBuffer
                0x00002772        0xc ..\mesh_common\mesh\libraries\csr_101x\libcsrmesh.a(csr_mesh_masp.o)
 .text.maspFreeAlgoBuffer
                0x0000277e        0xa ..\mesh_common\mesh\libraries\csr_101x\libcsrmesh.a(csr_mesh_masp.o)
 .text.maspAllocNmakeKeyPair
                0x00002788       0x16 ..\mesh_common\mesh\libraries\csr_101x\libcsrmesh.a(csr_mesh_masp.o)
 .text.maspAllocAlgoBuffer
                0x0000279e        0x6 ..\mesh_common\mesh\libraries\csr_101x\libcsrmesh.a(csr_mesh_masp.o)
 .text.maspAllocClientPublicKeyBuffer
                0x000027a4       0x12 ..\mesh_common\mesh\libraries\csr_101x\libcsrmesh.a(csr_mesh_masp.o)
 .text.maspSendEventToApp
                0x000027b6       0x20 ..\mesh_common\mesh\libraries\csr_101x\libcsrmesh.a(csr_mesh_masp.o)
 .text.maspResetState
                0x000027d6       0x59 ..\mesh_common\mesh\libraries\csr_101x\libcsrmesh.a(csr_mesh_masp.o)
 .text.___libcsrmesh_208
                0x0000282f        0x2 ..\mesh_common\mesh\libraries\csr_101x\libcsrmesh.a(csr_mesh_masp.o)
                0x0000282f                ___libcsrmesh_208
 .text.___libcsrmesh_212
                0x00002831       0x14 ..\mesh_common\mesh\libraries\csr_101x\libcsrmesh.a(csr_mesh_masp.o)
                0x00002831                ___libcsrmesh_212
 .text.___libcsrmesh_204
                0x00002845        0x9 ..\mesh_common\mesh\libraries\csr_101x\libcsrmesh.a(csr_mesh_masp.o)
                0x00002845                ___libcsrmesh_204
 .text.maspCalculateConfirmation
                0x0000284e       0x4f ..\mesh_common\mesh\libraries\csr_101x\libcsrmesh.a(csr_mesh_masp.o)
 .text.maspAllocConfirmationBuffers
                0x0000289d       0x26 ..\mesh_common\mesh\libraries\csr_101x\libcsrmesh.a(csr_mesh_masp.o)
 .text.___libcsrmesh_205
                0x000028c3       0x10 ..\mesh_common\mesh\libraries\csr_101x\libcsrmesh.a(csr_mesh_masp.o)
                0x000028c3                ___libcsrmesh_205
 .text.maspSendMessage
                0x000028d3       0x41 ..\mesh_common\mesh\libraries\csr_101x\libcsrmesh.a(csr_mesh_masp.o)
 .text.handleMaspMessage
                0x00002914      0x236 ..\mesh_common\mesh\libraries\csr_101x\libcsrmesh.a(csr_mesh_masp.o)
 .text.___libcsrmesh_207
                0x00002b4a       0x4d ..\mesh_common\mesh\libraries\csr_101x\libcsrmesh.a(csr_mesh_masp.o)
                0x00002b4a                ___libcsrmesh_207
 .text.___libcsrmesh_199
                0x00002b97       0x3a ..\mesh_common\mesh\libraries\csr_101x\libcsrmesh.a(csr_mesh_masp.o)
                0x00002b97                ___libcsrmesh_199
 .text.maspWatchdogTimeoutHandler
                0x00002bd1       0x1f ..\mesh_common\mesh\libraries\csr_101x\libcsrmesh.a(csr_mesh_masp.o)
 .text.___libcsrmesh_206
                0x00002bf0       0x52 ..\mesh_common\mesh\libraries\csr_101x\libcsrmesh.a(csr_mesh_masp.o)
                0x00002bf0                ___libcsrmesh_206
 .text.___libcsrmesh_215
                0x00002c42       0x22 ..\mesh_common\mesh\libraries\csr_101x\libcsrmesh.a(csr_mesh_masp_mcp_common.o)
                0x00002c42                ___libcsrmesh_215
 .text.___libcsrmesh_237
                0x00002c64       0x11 ..\mesh_common\mesh\libraries\csr_101x\libcsrmesh.a(csr_mesh_mcp.o)
                0x00002c64                ___libcsrmesh_237
 .text.___libcsrmesh_236
                0x00002c75       0x18 ..\mesh_common\mesh\libraries\csr_101x\libcsrmesh.a(csr_mesh_mcp.o)
                0x00002c75                ___libcsrmesh_236
 .text.___libcsrmesh_247
                0x00002c8d        0x8 ..\mesh_common\mesh\libraries\csr_101x\libcsrmesh.a(csr_mesh_mcp.o)
                0x00002c8d                ___libcsrmesh_247
 .text.___libcsrmesh_246
                0x00002c95        0x3 ..\mesh_common\mesh\libraries\csr_101x\libcsrmesh.a(csr_mesh_mcp.o)
                0x00002c95                ___libcsrmesh_246
 .text.___libcsrmesh_233
                0x00002c98        0x3 ..\mesh_common\mesh\libraries\csr_101x\libcsrmesh.a(csr_mesh_mcp.o)
                0x00002c98                ___libcsrmesh_233
 .text.___libcsrmesh_235
                0x00002c9b        0x3 ..\mesh_common\mesh\libraries\csr_101x\libcsrmesh.a(csr_mesh_mcp.o)
                0x00002c9b                ___libcsrmesh_235
 .text.___libcsrmesh_232
                0x00002c9e       0x32 ..\mesh_common\mesh\libraries\csr_101x\libcsrmesh.a(csr_mesh_mcp.o)
                0x00002c9e                ___libcsrmesh_232
 .text.___libcsrmesh_241
                0x00002cd0       0x5b ..\mesh_common\mesh\libraries\csr_101x\libcsrmesh.a(csr_mesh_mcp.o)
                0x00002cd0                ___libcsrmesh_241
 .text.___libcsrmesh_245
                0x00002d2b       0x13 ..\mesh_common\mesh\libraries\csr_101x\libcsrmesh.a(csr_mesh_mcp.o)
                0x00002d2b                ___libcsrmesh_245
 .text.___libcsrmesh_239
                0x00002d3e       0xd3 ..\mesh_common\mesh\libraries\csr_101x\libcsrmesh.a(csr_mesh_mcp.o)
                0x00002d3e                ___libcsrmesh_239
 .text.___libcsrmesh_234
                0x00002e11        0x4 ..\mesh_common\mesh\libraries\csr_101x\libcsrmesh.a(csr_mesh_mcp.o)
                0x00002e11                ___libcsrmesh_234
 .text.___libcsrmesh_238
                0x00002e15       0x5c ..\mesh_common\mesh\libraries\csr_101x\libcsrmesh.a(csr_mesh_mcp.o)
                0x00002e15                ___libcsrmesh_238
 .text.___libcsrmesh_281
                0x00002e71        0x3 ..\mesh_common\mesh\libraries\csr_101x\libcsrmesh.a(csr_mesh_mtl.o)
                0x00002e71                ___libcsrmesh_281
 .text.___libcsrmesh_273
                0x00002e74        0x6 ..\mesh_common\mesh\libraries\csr_101x\libcsrmesh.a(csr_mesh_mtl.o)
                0x00002e74                ___libcsrmesh_273
 .text.___libcsrmesh_274
                0x00002e7a        0x5 ..\mesh_common\mesh\libraries\csr_101x\libcsrmesh.a(csr_mesh_mtl.o)
                0x00002e7a                ___libcsrmesh_274
 .text.___libcsrmesh_278
                0x00002e7f       0x3b ..\mesh_common\mesh\libraries\csr_101x\libcsrmesh.a(csr_mesh_mtl.o)
                0x00002e7f                ___libcsrmesh_278
 .text.___libcsrmesh_282
                0x00002eba       0x1f ..\mesh_common\mesh\libraries\csr_101x\libcsrmesh.a(csr_mesh_mtl.o)
                0x00002eba                ___libcsrmesh_282
 .text.___libcsrmesh_283
                0x00002ed9       0x22 ..\mesh_common\mesh\libraries\csr_101x\libcsrmesh.a(csr_mesh_mtl.o)
                0x00002ed9                ___libcsrmesh_283
 .text.___libcsrmesh_272
                0x00002efb       0x2c ..\mesh_common\mesh\libraries\csr_101x\libcsrmesh.a(csr_mesh_mtl.o)
                0x00002efb                ___libcsrmesh_272
 .text.MtlCryptMessage
                0x00002f27       0x28 ..\mesh_common\mesh\libraries\csr_101x\libcsrmesh.a(csr_mesh_mtl.o)
 .text.___libcsrmesh_276
                0x00002f4f      0x225 ..\mesh_common\mesh\libraries\csr_101x\libcsrmesh.a(csr_mesh_mtl.o)
                0x00002f4f                ___libcsrmesh_276
 .text.___libcsrmesh_279
                0x00003174       0x59 ..\mesh_common\mesh\libraries\csr_101x\libcsrmesh.a(csr_mesh_mtl.o)
                0x00003174                ___libcsrmesh_279
 .text.___libcsrmesh_271
                0x000031cd       0x1e ..\mesh_common\mesh\libraries\csr_101x\libcsrmesh.a(csr_mesh_mtl.o)
                0x000031cd                ___libcsrmesh_271
 .text.___libcsrmesh_284
                0x000031eb       0x2d ..\mesh_common\mesh\libraries\csr_101x\libcsrmesh.a(csr_mesh_mtl.o)
                0x000031eb                ___libcsrmesh_284
 .text.___libcsrmesh_297
                0x00003218       0x96 ..\mesh_common\mesh\libraries\csr_101x\libcsrmesh.a(csr_mesh_sha256_get_results.o)
                0x00003218                ___libcsrmesh_297
 .text.___libcsrmesh_308
                0x000032ae       0x24 ..\mesh_common\mesh\libraries\csr_101x\libcsrmesh.a(csr_mesh_sha256_hmac.o)
                0x000032ae                ___libcsrmesh_308
 .text.___libcsrmesh_304
                0x000032d2       0x42 ..\mesh_common\mesh\libraries\csr_101x\libcsrmesh.a(csr_mesh_sha256_hmac.o)
                0x000032d2                ___libcsrmesh_304
 .text.___libcsrmesh_306
                0x00003314       0x1a ..\mesh_common\mesh\libraries\csr_101x\libcsrmesh.a(csr_mesh_sha256_hmac.o)
                0x00003314                ___libcsrmesh_306
 .text.___libcsrmesh_307
                0x0000332e       0x3d ..\mesh_common\mesh\libraries\csr_101x\libcsrmesh.a(csr_mesh_sha256_hmac.o)
                0x0000332e                ___libcsrmesh_307
 .text.___libcsrmesh_305
                0x0000336b       0x78 ..\mesh_common\mesh\libraries\csr_101x\libcsrmesh.a(csr_mesh_sha256_hmac.o)
                0x0000336b                ___libcsrmesh_305
 .text.___libcsrmesh_311
                0x000033e3       0x19 ..\mesh_common\mesh\libraries\csr_101x\libcsrmesh.a(csr_mesh_sha256_initialise.o)
                0x000033e3                ___libcsrmesh_311
 .text.sha256_process_data
                0x000033fc       0x85 ..\mesh_common\mesh\libraries\csr_101x\libcsrmesh.a(csr_mesh_sha256_process_data.o)
 .text.___libcsrmesh_317
                0x00003481        0xc ..\mesh_common\mesh\libraries\csr_101x\libcsrmesh.a(csr_mesh_sha256_process_data.o)
                0x00003481                ___libcsrmesh_317
 .text.___libcsrmesh_318
                0x0000348d        0xa ..\mesh_common\mesh\libraries\csr_101x\libcsrmesh.a(csr_mesh_sha256_process_data.o)
                0x0000348d                ___libcsrmesh_318
 .text.___libcsrmesh_337
                0x00003497        0xe ..\mesh_common\mesh\libraries\csr_101x\libcsrmesh.a(csr_mesh_bearer.o)
                0x00003497                ___libcsrmesh_337
 .text.___libcsrmesh_330
                0x000034a5       0x25 ..\mesh_common\mesh\libraries\csr_101x\libcsrmesh.a(csr_mesh_bearer.o)
                0x000034a5                ___libcsrmesh_330
 .text.___libcsrmesh_336
                0x000034ca        0xa ..\mesh_common\mesh\libraries\csr_101x\libcsrmesh.a(csr_mesh_bearer.o)
                0x000034ca                ___libcsrmesh_336
 .text.___libcsrmesh_335
                0x000034d4       0x1f ..\mesh_common\mesh\libraries\csr_101x\libcsrmesh.a(csr_mesh_bearer.o)
                0x000034d4                ___libcsrmesh_335
 .text.___libcsrmesh_331
                0x000034f3       0x35 ..\mesh_common\mesh\libraries\csr_101x\libcsrmesh.a(csr_mesh_bearer.o)
                0x000034f3                ___libcsrmesh_331
 .text.___libcsrmesh_333
                0x00003528       0x2c ..\mesh_common\mesh\libraries\csr_101x\libcsrmesh.a(csr_mesh_bearer.o)
                0x00003528                ___libcsrmesh_333
 .text.___libcsrmesh_332
                0x00003554       0x12 ..\mesh_common\mesh\libraries\csr_101x\libcsrmesh.a(csr_mesh_bearer.o)
                0x00003554                ___libcsrmesh_332
 .text.___libcsrmesh_334
                0x00003566       0x58 ..\mesh_common\mesh\libraries\csr_101x\libcsrmesh.a(csr_mesh_bearer.o)
                0x00003566                ___libcsrmesh_334
 .text.___libcsrmesh_353
                0x000035be       0x11 ..\mesh_common\mesh\libraries\csr_101x\libcsrmesh.a(csr_mesh_bearer_porting_util.o)
                0x000035be                ___libcsrmesh_353
 .text.___libcsrmesh_350
                0x000035cf       0x19 ..\mesh_common\mesh\libraries\csr_101x\libcsrmesh.a(csr_mesh_bearer_porting_util.o)
                0x000035cf                ___libcsrmesh_350
 .text.___libcsrmesh_352
                0x000035e8       0x1d ..\mesh_common\mesh\libraries\csr_101x\libcsrmesh.a(csr_mesh_bearer_porting_util.o)
                0x000035e8                ___libcsrmesh_352
 .text.___libcsrmesh_355
                0x00003605        0x3 ..\mesh_common\mesh\libraries\csr_101x\libcsrmesh.a(csr_mesh_bearer_porting_util.o)
                0x00003605                ___libcsrmesh_355
 .text.___libcsrmesh_354
                0x00003608        0x3 ..\mesh_common\mesh\libraries\csr_101x\libcsrmesh.a(csr_mesh_bearer_porting_util.o)
                0x00003608                ___libcsrmesh_354
 .text.___libcsrmesh_351
                0x0000360b       0x5f ..\mesh_common\mesh\libraries\csr_101x\libcsrmesh.a(csr_mesh_bearer_porting_util.o)
                0x0000360b                ___libcsrmesh_351
 .text.checkMessageInTransmitQueue
                0x0000366a       0x3d ..\mesh_common\mesh\libraries\csr_101x\libcsrmesh.a(csr_mesh_bearer_porting_util.o)
 .text.checkSmartMeshMessageInTransmitQueue
                0x000036a7       0x3d ..\mesh_common\mesh\libraries\csr_101x\libcsrmesh.a(csr_mesh_bearer_porting_util.o)
 .text.___libcsrmesh_349
                0x000036e4       0x82 ..\mesh_common\mesh\libraries\csr_101x\libcsrmesh.a(csr_mesh_bearer_porting_util.o)
                0x000036e4                ___libcsrmesh_349
 .text.___libcsrmesh_363
                0x00003766        0x6 ..\mesh_common\mesh\libraries\csr_101x\libcsrmesh.a(csr_mesh_hal_ifce.o)
                0x00003766                ___libcsrmesh_363
 .text.___libcsrmesh_367
                0x0000376c        0x5 ..\mesh_common\mesh\libraries\csr_101x\libcsrmesh.a(csr_mesh_hal_ifce.o)
                0x0000376c                ___libcsrmesh_367
 .text.___libcsrmesh_362
                0x00003771        0xc ..\mesh_common\mesh\libraries\csr_101x\libcsrmesh.a(csr_mesh_hal_ifce.o)
                0x00003771                ___libcsrmesh_362
 .text.___libcsrmesh_366
                0x0000377d        0xb ..\mesh_common\mesh\libraries\csr_101x\libcsrmesh.a(csr_mesh_hal_ifce.o)
                0x0000377d                ___libcsrmesh_366
 .text.___libcsrmesh_365
                0x00003788        0xc ..\mesh_common\mesh\libraries\csr_101x\libcsrmesh.a(csr_mesh_hal_ifce.o)
                0x00003788                ___libcsrmesh_365
 .text.___libcsrmesh_364
                0x00003794        0x3 ..\mesh_common\mesh\libraries\csr_101x\libcsrmesh.a(csr_mesh_hal_ifce.o)
                0x00003794                ___libcsrmesh_364
 .text.___libcsrmesh_371
                0x00003797       0x5e ..\mesh_common\mesh\libraries\csr_101x\libcsrmesh.a(csr_mesh_security_ifce_101x.o)
                0x00003797                ___libcsrmesh_371
 .text.___libcsrmesh_373
                0x000037f5       0x23 ..\mesh_common\mesh\libraries\csr_101x\libcsrmesh.a(csr_mesh_security_ifce_101x.o)
                0x000037f5                ___libcsrmesh_373
 .text.___libcsrmesh_372
                0x00003818       0x23 ..\mesh_common\mesh\libraries\csr_101x\libcsrmesh.a(csr_mesh_security_ifce_101x.o)
                0x00003818                ___libcsrmesh_372
 .text.CSRSchedGetScanDutyCycle
                0x0000383b       0x1a ..\mesh_common\mesh\libraries\csr_101x\libcsrmesh.a(csr1010_scheduler.o)
                0x0000383b                CSRSchedGetScanDutyCycle
 .text.IsCSRSchedRunning
                0x00003855        0x5 ..\mesh_common\mesh\libraries\csr_101x\libcsrmesh.a(csr1010_scheduler.o)
                0x00003855                IsCSRSchedRunning
 .text.CSRSchedLeAdvScanDisable
                0x0000385a       0x10 ..\mesh_common\mesh\libraries\csr_101x\libcsrmesh.a(csr1010_scheduler.o)
 .text.CSRSchedConnectionIdleTimeoutHandler
                0x0000386a        0xc ..\mesh_common\mesh\libraries\csr_101x\libcsrmesh.a(csr1010_scheduler.o)
 .text.CSRSchedConnUpdateTimeoutHandler
                0x00003876       0x19 ..\mesh_common\mesh\libraries\csr_101x\libcsrmesh.a(csr1010_scheduler.o)
 .text.CSRSchedLeStartScan
                0x0000388f       0x3d ..\mesh_common\mesh\libraries\csr_101x\libcsrmesh.a(csr1010_scheduler.o)
 .text.CSRSchedSetScanDutyCycle
                0x000038cc       0xc3 ..\mesh_common\mesh\libraries\csr_101x\libcsrmesh.a(csr1010_scheduler.o)
                0x000038cc                CSRSchedSetScanDutyCycle
 .text.CSRSchedHandleIncomingData
                0x0000398f       0x4b ..\mesh_common\mesh\libraries\csr_101x\libcsrmesh.a(csr1010_scheduler.o)
                0x0000398f                CSRSchedHandleIncomingData
 .text.CSRSchedMeshLeStartAdverts
                0x000039da       0x98 ..\mesh_common\mesh\libraries\csr_101x\libcsrmesh.a(csr1010_scheduler.o)
 .text.CSRSchedSendPriorityMsg
                0x00003a72       0x27 ..\mesh_common\mesh\libraries\csr_101x\libcsrmesh.a(csr1010_scheduler.o)
                0x00003a72                CSRSchedSendPriorityMsg
 .text.CSRSchedAdvertTimeoutHandler
                0x00003a99       0x62 ..\mesh_common\mesh\libraries\csr_101x\libcsrmesh.a(csr1010_scheduler.o)
 .text.CSRSchedLeStartUserAdverts
                0x00003afb       0x72 ..\mesh_common\mesh\libraries\csr_101x\libcsrmesh.a(csr1010_scheduler.o)
 .text.CSRSchedMeshLeStartAdvertsFromQueue
                0x00003b6d        0xe ..\mesh_common\mesh\libraries\csr_101x\libcsrmesh.a(csr1010_scheduler.o)
 .text.CSRSchedScanTimeoutHandler
                0x00003b7b       0x13 ..\mesh_common\mesh\libraries\csr_101x\libcsrmesh.a(csr1010_scheduler.o)
 .text.CSRSchedStart
                0x00003b8e       0x1f ..\mesh_common\mesh\libraries\csr_101x\libcsrmesh.a(csr1010_scheduler.o)
                0x00003b8e                CSRSchedStart
 .text.CSRSchedNotifyGattEvent
                0x00003bad       0xe8 ..\mesh_common\mesh\libraries\csr_101x\libcsrmesh.a(csr1010_scheduler.o)
                0x00003bad                CSRSchedNotifyGattEvent
 .text.CSRSchedMissingRadioEventTimeoutHandler
                0x00003c95        0xc ..\mesh_common\mesh\libraries\csr_101x\libcsrmesh.a(csr1010_scheduler.o)
 .text.CSRSchedConnectionBusyTimeoutHandler
                0x00003ca1       0x19 ..\mesh_common\mesh\libraries\csr_101x\libcsrmesh.a(csr1010_scheduler.o)
 .text.CSRSchedSendUserAdv
                0x00003cba       0x3e ..\mesh_common\mesh\libraries\csr_101x\libcsrmesh.a(csr1010_scheduler.o)
                0x00003cba                CSRSchedSendUserAdv
 .text.CSRSchedGetConfigParams
                0x00003cf8       0x41 ..\mesh_common\mesh\libraries\csr_101x\libcsrmesh.a(csr1010_scheduler.o)
                0x00003cf8                CSRSchedGetConfigParams
 .text.CSRSchedUpdateMeshParams
                0x00003d39       0x32 ..\mesh_common\mesh\libraries\csr_101x\libcsrmesh.a(csr1010_scheduler.o)
 .text.CSRSchedSetConfigParams
                0x00003d6b       0x4d ..\mesh_common\mesh\libraries\csr_101x\libcsrmesh.a(csr1010_scheduler.o)
                0x00003d6b                CSRSchedSetConfigParams
 .text.CsrSchedSetTxPower
                0x00003db8        0x5 ..\mesh_common\mesh\libraries\csr_101x\libcsrmesh.a(csr1010_scheduler.o)
                0x00003db8                CsrSchedSetTxPower
 .text.___libcsrmesh_414
                0x00003dbd       0x45 ..\mesh_common\mesh\libraries\csr_101x\libcsrmesh.a(sig_mesh_relay.o)
                0x00003dbd                ___libcsrmesh_414
 .text.BearerModelInit
                0x00003e02       0x12 ..\mesh_common\mesh\libraries\csr_101x\libcsrmesh.a(csr_mesh_bearer_model.o)
                0x00003e02                BearerModelInit
 .text.handleMcpBearerModelMsg
                0x00003e14       0xab ..\mesh_common\mesh\libraries\csr_101x\libcsrmesh.a(csr_mesh_bearer_model.o)
 .text.___libcsrmesh_111
                0x00003ebf       0x14 ..\mesh_common\mesh\libraries\csr_101x\libcsrmesh.a(csr_mesh_config_model.o)
                0x00003ebf                ___libcsrmesh_111
 .text.ConfigModelInit
                0x00003ed3       0x18 ..\mesh_common\mesh\libraries\csr_101x\libcsrmesh.a(csr_mesh_config_model.o)
                0x00003ed3                ConfigModelInit
 .text.configModelServerHandler
                0x00003eeb      0x3c7 ..\mesh_common\mesh\libraries\csr_101x\libcsrmesh.a(csr_mesh_config_model.o)
 .text.free_buffers
                0x000042b2        0x3 ..\mesh_common\mesh\libraries\csr_101x\libcsrmesh.a(csr_mesh_ec_math.o)
 .text.ec_math_192_double
                0x000042b5       0xb5 ..\mesh_common\mesh\libraries\csr_101x\libcsrmesh.a(csr_mesh_ec_math.o)
 .text.ec_math_192_mul
                0x0000436a      0x116 ..\mesh_common\mesh\libraries\csr_101x\libcsrmesh.a(csr_mesh_ec_math.o)
 .text.___libcsrmesh_127
                0x00004480        0xc ..\mesh_common\mesh\libraries\csr_101x\libcsrmesh.a(csr_mesh_ec_math.o)
                0x00004480                ___libcsrmesh_127
 .text.___libcsrmesh_128
                0x0000448c       0x2d ..\mesh_common\mesh\libraries\csr_101x\libcsrmesh.a(csr_mesh_ec_math.o)
                0x0000448c                ___libcsrmesh_128
 .text.GroupModelInit
                0x000044b9       0x12 ..\mesh_common\mesh\libraries\csr_101x\libcsrmesh.a(csr_mesh_group_model.o)
                0x000044b9                GroupModelInit
 .text.groupModelServerHandler
                0x000044cb      0x114 ..\mesh_common\mesh\libraries\csr_101x\libcsrmesh.a(csr_mesh_group_model.o)
 .text.___libcsrmesh_159
                0x000045df       0x2e ..\mesh_common\mesh\libraries\csr_101x\libcsrmesh.a(csr_mesh_large_num.o)
                0x000045df                ___libcsrmesh_159
 .text.___libcsrmesh_157
                0x0000460d        0xc ..\mesh_common\mesh\libraries\csr_101x\libcsrmesh.a(csr_mesh_large_num.o)
                0x0000460d                ___libcsrmesh_157
 .text.___libcsrmesh_161
                0x00004619       0x10 ..\mesh_common\mesh\libraries\csr_101x\libcsrmesh.a(csr_mesh_large_num.o)
                0x00004619                ___libcsrmesh_161
 .text.___libcsrmesh_168
                0x00004629       0x25 ..\mesh_common\mesh\libraries\csr_101x\libcsrmesh.a(csr_mesh_large_num.o)
                0x00004629                ___libcsrmesh_168
 .text.___libcsrmesh_158
                0x0000464e       0x64 ..\mesh_common\mesh\libraries\csr_101x\libcsrmesh.a(csr_mesh_large_num.o)
                0x0000464e                ___libcsrmesh_158
 .text.___libcsrmesh_169
                0x000046b2       0x4f ..\mesh_common\mesh\libraries\csr_101x\libcsrmesh.a(csr_mesh_large_num.o)
                0x000046b2                ___libcsrmesh_169
 .text.___libcsrmesh_165
                0x00004701       0x18 ..\mesh_common\mesh\libraries\csr_101x\libcsrmesh.a(csr_mesh_large_num.o)
                0x00004701                ___libcsrmesh_165
 .text.___libcsrmesh_167
                0x00004719       0x3b ..\mesh_common\mesh\libraries\csr_101x\libcsrmesh.a(csr_mesh_large_num.o)
                0x00004719                ___libcsrmesh_167
 .text.___libcsrmesh_166
                0x00004754       0x35 ..\mesh_common\mesh\libraries\csr_101x\libcsrmesh.a(csr_mesh_large_num.o)
                0x00004754                ___libcsrmesh_166
 .text.___libcsrmesh_160
                0x00004789        0x8 ..\mesh_common\mesh\libraries\csr_101x\libcsrmesh.a(csr_mesh_large_num.o)
                0x00004789                ___libcsrmesh_160
 .text.___libcsrmesh_171
                0x00004791       0xb6 ..\mesh_common\mesh\libraries\csr_101x\libcsrmesh.a(csr_mesh_large_num.o)
                0x00004791                ___libcsrmesh_171
 .text.___libcsrmesh_155
                0x00004847        0x2 ..\mesh_common\mesh\libraries\csr_101x\libcsrmesh.a(csr_mesh_large_num.o)
                0x00004847                ___libcsrmesh_155
 .text.___libcsrmesh_156
                0x00004849        0x2 ..\mesh_common\mesh\libraries\csr_101x\libcsrmesh.a(csr_mesh_large_num.o)
                0x00004849                ___libcsrmesh_156
 .text.___libcsrmesh_170
                0x0000484b       0xac ..\mesh_common\mesh\libraries\csr_101x\libcsrmesh.a(csr_mesh_large_num.o)
                0x0000484b                ___libcsrmesh_170
 .text.___libcsrmesh_163
                0x000048f7       0x14 ..\mesh_common\mesh\libraries\csr_101x\libcsrmesh.a(csr_mesh_large_num.o)
                0x000048f7                ___libcsrmesh_163
 .text.___libcsrmesh_164
                0x0000490b        0x5 ..\mesh_common\mesh\libraries\csr_101x\libcsrmesh.a(csr_mesh_large_num.o)
                0x0000490b                ___libcsrmesh_164
 .text.___libcsrmesh_162
                0x00004910       0x21 ..\mesh_common\mesh\libraries\csr_101x\libcsrmesh.a(csr_mesh_large_num.o)
                0x00004910                ___libcsrmesh_162
 .text.___libcsrmesh_286
                0x00004931       0x44 ..\mesh_common\mesh\libraries\csr_101x\libcsrmesh.a(csr_mesh_sha_add_to_cache.o)
                0x00004931                ___libcsrmesh_286
 .text.sha256_calc_ith_hash_val
                0x00004975      0x1b8 ..\mesh_common\mesh\libraries\csr_101x\libcsrmesh.a(csr_mesh_sha256_calc_ith_hash_val.o)
 .text.___libcsrmesh_292
                0x00004b2d       0x15 ..\mesh_common\mesh\libraries\csr_101x\libcsrmesh.a(csr_mesh_sha256_calc_ith_hash_val.o)
                0x00004b2d                ___libcsrmesh_292
 .text.___libcsrmesh_293
                0x00004b42       0x37 ..\mesh_common\mesh\libraries\csr_101x\libcsrmesh.a(csr_mesh_sha256_calc_ith_hash_val.o)
                0x00004b42                ___libcsrmesh_293
 .text.___libcsrmesh_294
                0x00004b79        0xb ..\mesh_common\mesh\libraries\csr_101x\libcsrmesh.a(csr_mesh_sha256_calc_ith_hash_val.o)
                0x00004b79                ___libcsrmesh_294
 .text.DataModelInit
                0x00004b84       0x15 ..\mesh_common\mesh\libraries\csr_101x\libdata_server.a(data_model.o)
                0x00004b84                DataModelInit
 .text.dataModelServerHandler
                0x00004b99       0xc1 ..\mesh_common\mesh\libraries\csr_101x\libdata_server.a(data_model.o)
 .text.dataModelClientHandler
                0x00004c5a       0x39 ..\mesh_common\mesh\libraries\csr_101x\libdata_client.a(data_client.o)
 .text.DataBlockSend
                0x00004c93       0x29 ..\mesh_common\mesh\libraries\csr_101x\libdata_client.a(data_client.o)
                0x00004c93                DataBlockSend
 .text.DataStreamSend
                0x00004cbc       0x35 ..\mesh_common\mesh\libraries\csr_101x\libdata_client.a(data_client.o)
                0x00004cbc                DataStreamSend
 .text.DataStreamFlush
                0x00004cf1       0x1e ..\mesh_common\mesh\libraries\csr_101x\libdata_client.a(data_client.o)
                0x00004cf1                DataStreamFlush
 .text.DataModelClientInit
                0x00004d0f        0xd ..\mesh_common\mesh\libraries\csr_101x\libdata_client.a(data_client.o)
                0x00004d0f                DataModelClientInit
 .text.LsReadRssi
                0x00004d1c        0xe D:\CSR_uEnergy_SDK-2.6.1.7\tools\lib\CSR101x_A05\libgatt_lib_ram.a(patch_ls_app_if.o)
                0x00004d1c                LsReadRssi
 .text.___libgatt_lib_db_4554
                0x00004d2a        0x6 D:\CSR_uEnergy_SDK-2.6.1.7\tools\lib\CSR101x_A05\libgatt_lib_ram.a(patch_ls_app_if.o)
                0x00004d2a                ___libgatt_lib_db_4554
 .text.patch_process_hci_event
                0x00004d30       0x2f D:\CSR_uEnergy_SDK-2.6.1.7\tools\lib\CSR101x_A05\libgatt_lib_ram.a(patch_ls_app_if.o)
 .text.LsRadioEventNotification
                0x00004d5f        0x9 D:\CSR_uEnergy_SDK-2.6.1.7\tools\lib\CSR101x_A05\libgatt_lib_ram.a(patch_ls_app_if.o)
                0x00004d5f                LsRadioEventNotification
 .text.LsSetTransmitPowerLevel
                0x00004d68        0x9 D:\CSR_uEnergy_SDK-2.6.1.7\tools\lib\CSR101x_A05\libgatt_lib_ram.a(ls_app_if_ram.o)
                0x00004d68                LsSetTransmitPowerLevel
 .text.LsReadTransmitPowerLevel
                0x00004d71        0x8 D:\CSR_uEnergy_SDK-2.6.1.7\tools\lib\CSR101x_A05\libgatt_lib_ram.a(ls_app_if_ram.o)
                0x00004d71                LsReadTransmitPowerLevel
 .text.___libgatt_lib_db_4564
                0x00004d79        0xe D:\CSR_uEnergy_SDK-2.6.1.7\tools\lib\CSR101x_A05\libgatt_lib_ram.a(patch_ls_advertising_if.o)
                0x00004d79                ___libgatt_lib_db_4564
 .text.ls_advscan_set_payload_data
                0x00004d87       0x46 D:\CSR_uEnergy_SDK-2.6.1.7\tools\lib\CSR101x_A05\libgatt_lib_ram.a(patch_ls_advertising_if.o)
 .text.___libgatt_lib_db_4565
                0x00004dcd        0xb D:\CSR_uEnergy_SDK-2.6.1.7\tools\lib\CSR101x_A05\libgatt_lib_ram.a(patch_ls_advertising_if.o)
                0x00004dcd                ___libgatt_lib_db_4565
 .text.LsStoreAdvDataNoAdFlags
                0x00004dd8       0x2c D:\CSR_uEnergy_SDK-2.6.1.7\tools\lib\CSR101x_A05\libgatt_lib_ram.a(patch_ls_advertising_if.o)
                0x00004dd8                LsStoreAdvDataNoAdFlags
 .text.LsStoreAdvScanData
                0x00004e04        0xf D:\CSR_uEnergy_SDK-2.6.1.7\tools\lib\CSR101x_A05\libgatt_lib_ram.a(patch_ls_advertising_if.o)
                0x00004e04                LsStoreAdvScanData
 .text.LsStartStopAdvertise
                0x00004e13        0xc D:\CSR_uEnergy_SDK-2.6.1.7\tools\lib\CSR101x_A05\libgatt_lib_ram.a(patch_ls_advertising_if.o)
                0x00004e13                LsStartStopAdvertise
 .text.___libgatt_lib_db_4574
                0x00004e1f       0x1e D:\CSR_uEnergy_SDK-2.6.1.7\tools\lib\CSR101x_A05\libgatt_lib_ram.a(patch_l2cap.o)
                0x00004e1f                ___libgatt_lib_db_4574
 .text.___libgatt_lib_db_4573
                0x00004e3d        0xc D:\CSR_uEnergy_SDK-2.6.1.7\tools\lib\CSR101x_A05\libgatt_lib_ram.a(patch_l2cap.o)
                0x00004e3d                ___libgatt_lib_db_4573
 .text.GattInit
                0x00004e49       0x1f D:\CSR_uEnergy_SDK-2.6.1.7\tools\lib\CSR101x_A05\libgatt_lib_ram.a(gatt_ram.o)
                0x00004e49                GattInit
 .text.GattCancelConnectReq
                0x00004e68        0x6 D:\CSR_uEnergy_SDK-2.6.1.7\tools\lib\CSR101x_A05\libgatt_lib_ram.a(patch_gatt.o)
                0x00004e68                GattCancelConnectReq
 .text.___libgatt_lib_db_4610
                0x00004e6e        0x8 D:\CSR_uEnergy_SDK-2.6.1.7\tools\lib\CSR101x_A05\libgatt_lib_ram.a(patch_george.o)
                0x00004e6e                ___libgatt_lib_db_4610
 .text.___libgatt_lib_db_4617
                0x00004e76       0x1b D:\CSR_uEnergy_SDK-2.6.1.7\tools\lib\CSR101x_A05\libgatt_lib_ram.a(patch_george.o)
                0x00004e76                ___libgatt_lib_db_4617
 .text.___libgatt_lib_db_4614
                0x00004e91       0x2d D:\CSR_uEnergy_SDK-2.6.1.7\tools\lib\CSR101x_A05\libgatt_lib_ram.a(patch_george.o)
                0x00004e91                ___libgatt_lib_db_4614
 .text.___libgatt_lib_db_4616
                0x00004ebe       0xde D:\CSR_uEnergy_SDK-2.6.1.7\tools\lib\CSR101x_A05\libgatt_lib_ram.a(patch_george.o)
                0x00004ebe                ___libgatt_lib_db_4616
 .text.rx_timing_report
                0x00004f9c       0xb1 D:\CSR_uEnergy_SDK-2.6.1.7\tools\lib\CSR101x_A05\libgatt_lib_ram.a(patch_george.o)
 .text.ram_le_handle_event
                0x0000504d       0xeb D:\CSR_uEnergy_SDK-2.6.1.7\tools\lib\CSR101x_A05\libgatt_lib_ram.a(patch_george.o)
 .text.ram_btle_event_common
                0x00005138       0x6d D:\CSR_uEnergy_SDK-2.6.1.7\tools\lib\CSR101x_A05\libgatt_lib_ram.a(patch_george.o)
 .text.___libgatt_lib_db_4550
                0x000051a5        0x6 D:\CSR_uEnergy_SDK-2.6.1.7\tools\lib\CSR101x_A05\libgatt_lib_ram.a(patch_george.o)
                0x000051a5                ___libgatt_lib_db_4550
 .text.___libgatt_lib_db_4549
                0x000051ab        0x6 D:\CSR_uEnergy_SDK-2.6.1.7\tools\lib\CSR101x_A05\libgatt_lib_ram.a(patch_george.o)
                0x000051ab                ___libgatt_lib_db_4549
 .text.___libgatt_lib_db_4611
                0x000051b1      0x17f D:\CSR_uEnergy_SDK-2.6.1.7\tools\lib\CSR101x_A05\libgatt_lib_ram.a(patch_george.o)
                0x000051b1                ___libgatt_lib_db_4611
 .text.___libgatt_lib_db_4544
                0x00005330       0x26 D:\CSR_uEnergy_SDK-2.6.1.7\tools\lib\CSR101x_A05\libgatt_lib_ram.a(patch_george.o)
                0x00005330                ___libgatt_lib_db_4544
 .text.___libgatt_lib_db_4618
                0x00005356      0x112 D:\CSR_uEnergy_SDK-2.6.1.7\tools\lib\CSR101x_A05\libgatt_lib_ram.a(patch_george.o)
                0x00005356                ___libgatt_lib_db_4618
 .text.___libgatt_lib_db_4629
                0x00005468        0xc D:\CSR_uEnergy_SDK-2.6.1.7\tools\lib\CSR101x_A05\libgatt_lib_ram.a(patch_george_ll.o)
                0x00005468                ___libgatt_lib_db_4629
 .text.___libgatt_lib_db_4628
                0x00005474        0xf D:\CSR_uEnergy_SDK-2.6.1.7\tools\lib\CSR101x_A05\libgatt_lib_ram.a(patch_george_ll.o)
                0x00005474                ___libgatt_lib_db_4628
 .text.___libgatt_lib_db_4630
                0x00005483      0x115 D:\CSR_uEnergy_SDK-2.6.1.7\tools\lib\CSR101x_A05\libgatt_lib_ram.a(patch_george_ll.o)
                0x00005483                ___libgatt_lib_db_4630
 .text.___libgatt_lib_db_4645
                0x00005598       0x27 D:\CSR_uEnergy_SDK-2.6.1.7\tools\lib\CSR101x_A05\libgatt_lib_ram.a(patch_dbase.o)
                0x00005598                ___libgatt_lib_db_4645
 .text.___libgatt_lib_db_4639
                0x000055bf       0x1f D:\CSR_uEnergy_SDK-2.6.1.7\tools\lib\CSR101x_A05\libgatt_lib_ram.a(patch_dbase.o)
                0x000055bf                ___libgatt_lib_db_4639
 .text.dbase_safe_access_check_curr
                0x000055de        0x3 D:\CSR_uEnergy_SDK-2.6.1.7\tools\lib\CSR101x_A05\libgatt_lib_ram.a(patch_dbase.o)
 .text.___libgatt_lib_db_4644
                0x000055e1       0x10 D:\CSR_uEnergy_SDK-2.6.1.7\tools\lib\CSR101x_A05\libgatt_lib_ram.a(patch_dbase.o)
                0x000055e1                ___libgatt_lib_db_4644
 .text.___libgatt_lib_db_4642
                0x000055f1       0x10 D:\CSR_uEnergy_SDK-2.6.1.7\tools\lib\CSR101x_A05\libgatt_lib_ram.a(patch_dbase.o)
                0x000055f1                ___libgatt_lib_db_4642
 .text.___libgatt_lib_db_4641
                0x00005601        0xe D:\CSR_uEnergy_SDK-2.6.1.7\tools\lib\CSR101x_A05\libgatt_lib_ram.a(patch_dbase.o)
                0x00005601                ___libgatt_lib_db_4641
 .text.___libgatt_lib_db_4640
                0x0000560f        0x7 D:\CSR_uEnergy_SDK-2.6.1.7\tools\lib\CSR101x_A05\libgatt_lib_ram.a(patch_dbase.o)
                0x0000560f                ___libgatt_lib_db_4640
 .text.___libgatt_lib_db_4654
                0x00005616        0xc D:\CSR_uEnergy_SDK-2.6.1.7\tools\lib\CSR101x_A05\libgatt_lib_ram.a(hal_debugbus_state.o)
                0x00005616                ___libgatt_lib_db_4654
 .text.___libgatt_lib_db_4653
                0x00005622        0xc D:\CSR_uEnergy_SDK-2.6.1.7\tools\lib\CSR101x_A05\libgatt_lib_ram.a(hal_debugbus_state.o)
                0x00005622                ___libgatt_lib_db_4653
 .text.___libgatt_lib_db_4659
                0x0000562e        0x5 D:\CSR_uEnergy_SDK-2.6.1.7\tools\lib\CSR101x_A05\libgatt_lib_ram.a(patch_halradiotrim.o)
                0x0000562e                ___libgatt_lib_db_4659
 .text.___libgatt_lib_db_4206
                0x00005633       0x1d D:\CSR_uEnergy_SDK-2.6.1.7\tools\lib\CSR101x_A05\libgatt_lib_ram.a(patch_halradiotrim.o)
                0x00005633                ___libgatt_lib_db_4206
 .text.___libgatt_lib_db_4208
                0x00005650       0x11 D:\CSR_uEnergy_SDK-2.6.1.7\tools\lib\CSR101x_A05\libgatt_lib_ram.a(patch_halradiotrim.o)
                0x00005650                ___libgatt_lib_db_4208
 .text.___libgatt_lib_db_4209
                0x00005661       0x4f D:\CSR_uEnergy_SDK-2.6.1.7\tools\lib\CSR101x_A05\libgatt_lib_ram.a(patch_halradiotrim.o)
                0x00005661                ___libgatt_lib_db_4209
 .text.RAM_set_tx_power_parameters
                0x000056b0       0x5a D:\CSR_uEnergy_SDK-2.6.1.7\tools\lib\CSR101x_A05\libgatt_lib_ram.a(patch_halradiotrim.o)
 .text.___libgatt_lib_db_4660
                0x0000570a        0xf D:\CSR_uEnergy_SDK-2.6.1.7\tools\lib\CSR101x_A05\libgatt_lib_ram.a(patch_halradiotrim.o)
                0x0000570a                ___libgatt_lib_db_4660
 .text.___libgatt_lib_db_4658
                0x00005719        0xa D:\CSR_uEnergy_SDK-2.6.1.7\tools\lib\CSR101x_A05\libgatt_lib_ram.a(patch_halradiotrim.o)
                0x00005719                ___libgatt_lib_db_4658
 .text.___libgatt_lib_db_4205
                0x00005723        0x9 D:\CSR_uEnergy_SDK-2.6.1.7\tools\lib\CSR101x_A05\libgatt_lib_ram.a(patch_halradiotrim.o)
                0x00005723                ___libgatt_lib_db_4205
 .text.patched_uart_do_tx
                0x0000572c       0x1d D:\CSR_uEnergy_SDK-2.6.1.7\tools\lib\CSR101x_A05\libgatt_lib_ram.a(patch_uart.o)
 .text.stop_sb_timer
                0x00005749        0xd D:\CSR_uEnergy_SDK-2.6.1.7\tools\lib\CSR101x_A05\libgatt_lib_ram.a(patch_uart.o)
 .text.patched_uart_out_event
                0x00005756        0x9 D:\CSR_uEnergy_SDK-2.6.1.7\tools\lib\CSR101x_A05\libgatt_lib_ram.a(patch_uart.o)
 .text.sb_timeout
                0x0000575f       0x12 D:\CSR_uEnergy_SDK-2.6.1.7\tools\lib\CSR101x_A05\libgatt_lib_ram.a(patch_uart.o)
 .text.UartWrite
                0x00005771       0x4b D:\CSR_uEnergy_SDK-2.6.1.7\tools\lib\CSR101x_A05\libgatt_lib_ram.a(patch_uart.o)
                0x00005771                UartWrite
 .text.UartConfig
                0x000057bc       0x33 D:\CSR_uEnergy_SDK-2.6.1.7\tools\lib\CSR101x_A05\libgatt_lib_ram.a(patch_uart.o)
                0x000057bc                UartConfig
 .text.UartInit
                0x000057ef       0x18 D:\CSR_uEnergy_SDK-2.6.1.7\tools\lib\CSR101x_A05\libgatt_lib_ram.a(patch_uart.o)
                0x000057ef                UartInit
 .text.___libgatt_lib_db_4668
                0x00005807       0x24 D:\CSR_uEnergy_SDK-2.6.1.7\tools\lib\CSR101x_A05\libgatt_lib_ram.a(patch_timer.o)
                0x00005807                ___libgatt_lib_db_4668
 .text.SMEncryptRawAes
                0x0000582b        0x3 D:\CSR_uEnergy_SDK-2.6.1.7\tools\lib\CSR101x_A05\libgatt_lib_ram.a(patch_crypt.o)
                0x0000582b                SMEncryptRawAes
 .text.ram_app_init
                0x0000582e       0x31 D:\CSR_uEnergy_SDK-2.6.1.7\tools\lib\CSR101x_A05\libgatt_lib_ram.a(main_ram.o)
                0x0000582e                ram_app_init
 .text.___libgatt_lib_db_4364
                0x0000585f        0x8 D:\CSR_uEnergy_SDK-2.6.1.7\tools\lib\CSR101x_A05\libgatt_lib_ram.a(hw_patch_install.o)
                0x0000585f                ___libgatt_lib_db_4364
 .text.PioConfigPWM
                0x00005867       0x2b D:\CSR_uEnergy_SDK-2.6.1.7\tools\lib\CSR101x_A05\libgatt_lib_ram.a(robs_pio_ram.o)
                0x00005867                PioConfigPWM
 .text.PioSetMode
                0x00005892        0xb D:\CSR_uEnergy_SDK-2.6.1.7\tools\lib\CSR101x_A05\libgatt_lib_ram.a(robs_pio_ram.o)
                0x00005892                PioSetMode
 .text.IdGetLlVerBtle
                0x0000589d        0x3 D:\CSR_uEnergy_SDK-2.6.1.7\tools\lib\CSR101x_A05\libgatt_lib_ram.a(id_ram.o)
                0x0000589d                IdGetLlVerBtle
 .text.___libgatt_lib_db_4214
                0x000058a0      0x15e D:\CSR_uEnergy_SDK-2.6.1.7\tools\lib\CSR101x_A05\libgatt_lib_ram.a(patch_thermometer.o)
                0x000058a0                ___libgatt_lib_db_4214
 .text.___libgatt_lib_db_4569
                0x000059fe       0x10 D:\CSR_uEnergy_SDK-2.6.1.7\tools\lib\CSR101x_A05\libgatt_lib_ram.a(patch_ls_l2cap_if.o)
                0x000059fe                ___libgatt_lib_db_4569
 .text.___libgatt_lib_db_4570
                0x00005a0e       0x12 D:\CSR_uEnergy_SDK-2.6.1.7\tools\lib\CSR101x_A05\libgatt_lib_ram.a(patch_ls_l2cap_if.o)
                0x00005a0e                ___libgatt_lib_db_4570
 .text.___libgatt_lib_db_4577
                0x00005a20        0xe D:\CSR_uEnergy_SDK-2.6.1.7\tools\lib\CSR101x_A05\libgatt_lib_ram.a(patch_att_install.o)
                0x00005a20                ___libgatt_lib_db_4577
 .text.patch_att_handle_execute_write_req
                0x00005a2e       0xef D:\CSR_uEnergy_SDK-2.6.1.7\tools\lib\CSR101x_A05\libgatt_lib_ram.a(patch_att_install.o)
 .text.patch_att_handle_read_multi_req
                0x00005b1d       0xb1 D:\CSR_uEnergy_SDK-2.6.1.7\tools\lib\CSR101x_A05\libgatt_lib_ram.a(patch_att_install.o)
 .text.___libgatt_lib_db_4579
                0x00005bce       0x30 D:\CSR_uEnergy_SDK-2.6.1.7\tools\lib\CSR101x_A05\libgatt_lib_ram.a(patch_att.o)
                0x00005bce                ___libgatt_lib_db_4579
 .text.___libgatt_lib_db_4635
                0x00005bfe       0x55 D:\CSR_uEnergy_SDK-2.6.1.7\tools\lib\CSR101x_A05\libgatt_lib_ram.a(patch_george_adv.o)
                0x00005bfe                ___libgatt_lib_db_4635
 .text.___libgatt_lib_db_4636
                0x00005c53       0x1a D:\CSR_uEnergy_SDK-2.6.1.7\tools\lib\CSR101x_A05\libgatt_lib_ram.a(patch_george_adv.o)
                0x00005c53                ___libgatt_lib_db_4636
 .text.___libgatt_lib_db_4666
                0x00005c6d       0x50 D:\CSR_uEnergy_SDK-2.6.1.7\tools\lib\CSR101x_A05\libgatt_lib_ram.a(patch_halradio.o)
                0x00005c6d                ___libgatt_lib_db_4666
 .text.___libgatt_lib_db_4671
                0x00005cbd       0x25 D:\CSR_uEnergy_SDK-2.6.1.7\tools\lib\CSR101x_A05\libgatt_lib_ram.a(patch_sleep.o)
                0x00005cbd                ___libgatt_lib_db_4671
 .text.___libgatt_lib_db_4207
                0x00005ce2        0xd D:\CSR_uEnergy_SDK-2.6.1.7\tools\lib\CSR101x_A05\libgatt_lib_ram.a(patch_reset.o)
                0x00005ce2                ___libgatt_lib_db_4207
 .text.___libgatt_lib_db_4673
                0x00005cef       0x69 D:\CSR_uEnergy_SDK-2.6.1.7\tools\lib\CSR101x_A05\libgatt_lib_ram.a(patch_pools.o)
                0x00005cef                ___libgatt_lib_db_4673
 .text.___libgatt_lib_db_4676
                0x00005d58        0xe D:\CSR_uEnergy_SDK-2.6.1.7\tools\lib\CSR101x_A05\libgatt_lib_ram.a(patch_background_loop.o)
                0x00005d58                ___libgatt_lib_db_4676
 .text.___libgatt_lib_db_4678
                0x00005d66        0x5 D:\CSR_uEnergy_SDK-2.6.1.7\tools\lib\CSR101x_A05\libgatt_lib_ram.a(patch_fault.o)
                0x00005d66                ___libgatt_lib_db_4678
 .text.___libgatt_lib_db_4697
                0x00005d6b       0x3b D:\CSR_uEnergy_SDK-2.6.1.7\tools\lib\CSR101x_A05\libgatt_lib_ram.a(patch_pmu.o)
                0x00005d6b                ___libgatt_lib_db_4697
 .text.___libgatt_lib_db_4696
                0x00005da6       0x19 D:\CSR_uEnergy_SDK-2.6.1.7\tools\lib\CSR101x_A05\libgatt_lib_ram.a(patch_pmu.o)
                0x00005da6                ___libgatt_lib_db_4696
 .text.___libgatt_lib_db_4694
                0x00005dbf       0x1e D:\CSR_uEnergy_SDK-2.6.1.7\tools\lib\CSR101x_A05\libgatt_lib_ram.a(patch_pmu.o)
                0x00005dbf                ___libgatt_lib_db_4694
 .text.___libgatt_lib_db_4695
                0x00005ddd       0x2e D:\CSR_uEnergy_SDK-2.6.1.7\tools\lib\CSR101x_A05\libgatt_lib_ram.a(patch_pmu.o)
                0x00005ddd                ___libgatt_lib_db_4695
 .text.___libgatt_lib_db_4709
                0x00005e0b       0x86 D:\CSR_uEnergy_SDK-2.6.1.7\tools\lib\CSR101x_A05\libgatt_lib_ram.a(patch_updates.o)
                0x00005e0b                ___libgatt_lib_db_4709
 .text.___libgatt_lib_db_4711
                0x00005e91       0x27 D:\CSR_uEnergy_SDK-2.6.1.7\tools\lib\CSR101x_A05\libgatt_lib_ram.a(patch_adc.o)
                0x00005e91                ___libgatt_lib_db_4711
 *(.apptext)
 *(.apptext.*)
 *xap2crte.o(.text)
 *xap2crte.o(.text.*)
                0x00005eb8                PROG_APPCODE_END = .
                0x00007eb8                DATA_CONST_START = (DATA_RAM_START + .)
                0x00007eb8                . = DATA_CONST_START

.const
 *(CONST)
 *(CONST.*)
                0x00007eb8                DATA_CONST_END = .
                0x00007eb8                DATA_RODATA_START = .
                0x00007eb9                . = (. + 0x1)

.rodata         0x00007eb9      0x20a
 *(.rodata)
 .rodata        0x00007eb9        0x2 depend_Release_CSR101x_A05\advertisement_handler.o
 *(.rodata.*)
 .rodata.ConnectionParamUpdateEvent
                0x00007ebb        0x5 depend_Release_CSR101x_A05\conn_param_update.o
 .rodata.csr_mesh_pskey_offset_table
                0x00007ec0       0x1a depend_Release_CSR101x_A05\csr_mesh_ps_ifce.o
 .rodata.appHandleConnMgrProcEvent
                0x00007eda       0x1b depend_Release_CSR101x_A05\connection_handler.o
 .rodata.C.2..3504.
                0x00007ef5        0x3 depend_Release_CSR101x_A05\advertisement_handler.o
 .rodata.str2.2
                0x00007ef8        0xb depend_Release_CSR101x_A05\gap_service.o
 .rodata.g_service_handler
                0x00007f03        0x1 depend_Release_CSR101x_A05\gap_service.o
 .rodata.g_server_handler
                0x00007f04        0x1 depend_Release_CSR101x_A05\gatt_service.o
 .rodata.handleAccessWrite
                0x00007f05        0x7 depend_Release_CSR101x_A05\mesh_control_service.o
 .rodata.g_mesh_server_handlers
                0x00007f0c        0x1 depend_Release_CSR101x_A05\mesh_control_service.o
 .rodata.chp_t1msec_adr
                0x00007f0d        0x5 depend_Release_CSR101x_A05\time_uart.o
                0x00007f0d                chp_t1msec_adr
 .rodata.chp_t4msec_adr
                0x00007f12        0x3 depend_Release_CSR101x_A05\time_uart.o
                0x00007f12                chp_t4msec_adr
 .rodata.chp_t100msec_adr
                0x00007f15        0x8 depend_Release_CSR101x_A05\time_uart.o
                0x00007f15                chp_t100msec_adr
 .rodata.chp_t1sec_adr
                0x00007f1d        0x8 depend_Release_CSR101x_A05\time_uart.o
                0x00007f1d                chp_t1sec_adr
 .rodata.str2.2
                0x00007f25        0x6 ..\mesh_common\mesh\libraries\csr_101x\libcsrmesh.a(csr_mesh_ec_alloc.o)
 .rodata.handleMaspMessage
                0x00007f2b       0x17 ..\mesh_common\mesh\libraries\csr_101x\libcsrmesh.a(csr_mesh_masp.o)
 .rodata.str2.2
                0x00007f42       0x14 ..\mesh_common\mesh\libraries\csr_101x\libcsrmesh.a(csr_mesh_masp.o)
 .rodata.masp_msg_len
                0x00007f56       0x19 ..\mesh_common\mesh\libraries\csr_101x\libcsrmesh.a(csr_mesh_masp.o)
 .rodata.masp_enc_key
                0x00007f6f       0x1f ..\mesh_common\mesh\libraries\csr_101x\libcsrmesh.a(csr_mesh_mtl.o)
 .rodata.masp_nw_iv
                0x00007f8e        0x8 ..\mesh_common\mesh\libraries\csr_101x\libcsrmesh.a(csr_mesh_mtl.o)
 .rodata.masp_nw_key
                0x00007f96       0x10 ..\mesh_common\mesh\libraries\csr_101x\libcsrmesh.a(csr_mesh_mtl.o)
 .rodata.str2.2
                0x00007fa6        0xd ..\mesh_common\mesh\libraries\csr_101x\libcsrmesh.a(csr_mesh_sha256_hmac.o)
 .rodata.sha256_init_table
                0x00007fb3       0x10 ..\mesh_common\mesh\libraries\csr_101x\libcsrmesh.a(csr_mesh_sha256_initialise.o)
 .rodata.csr_mesh_ad_data
                0x00007fc3        0x3 ..\mesh_common\mesh\libraries\csr_101x\libcsrmesh.a(csr1010_scheduler.o)
 .rodata.sm_ad_data
                0x00007fc6        0x1 ..\mesh_common\mesh\libraries\csr_101x\libcsrmesh.a(csr1010_scheduler.o)
 .rodata.configModelServerHandler
                0x00007fc7       0x1a ..\mesh_common\mesh\libraries\csr_101x\libcsrmesh.a(csr_mesh_config_model.o)
 .rodata.P192_curve_generator_x
                0x00007fe1        0xd ..\mesh_common\mesh\libraries\csr_101x\libcsrmesh.a(csr_mesh_ec_math.o)
 .rodata.P192_curve_generator_y
                0x00007fee        0xd ..\mesh_common\mesh\libraries\csr_101x\libcsrmesh.a(csr_mesh_ec_math.o)
 .rodata.sha256_consts
                0x00007ffb       0x80 ..\mesh_common\mesh\libraries\csr_101x\libcsrmesh.a(csr_mesh_sha256_calc_ith_hash_val.o)
 .rodata.tx_power_table
                0x0000807b       0x28 D:\CSR_uEnergy_SDK-2.6.1.7\tools\lib\CSR101x_A05\libgatt_lib_ram.a(patch_halradiotrim.o)
                0x0000807b                ___libgatt_lib_db_4665
 .rodata.ram_build_identifier_integer
                0x000080a3        0x1 D:\CSR_uEnergy_SDK-2.6.1.7\tools\lib\CSR101x_A05\libgatt_lib_ram.a(id_ram.o)
                0x000080a3                ram_build_identifier_integer
 .rodata.ram_build_identifier_string
                0x000080a4       0x16 D:\CSR_uEnergy_SDK-2.6.1.7\tools\lib\CSR101x_A05\libgatt_lib_ram.a(id_ram.o)
                0x000080a4                ram_build_identifier_string
 .rodata.slut_extended
                0x000080ba        0x9 D:\CSR_uEnergy_SDK-2.6.1.7\tools\lib\CSR101x_A05\libgatt_lib_ram.a(slut.o)
                0x000080ba                ___libgatt_lib_db_4713
                0x000080c3                DATA_RODATA_END = .

.bss            0x000080c4      0xb80
                0x000080c4                DATA_BSS_APP_START = .
 *(.bss)
 .bss           0x000080c4        0x3 D:\CSR_uEnergy_SDK-2.6.1.7\tools\lib\CSR101x_A05\libgatt_lib_ram.a(patch_sm.o)
                0x000080c4                sm_security_started
 .bss           0x000080c7        0x1 D:\CSR_uEnergy_SDK-2.6.1.7\tools\lib\CSR101x_A05\libgatt_lib_ram.a(patch_sm_l2cap.o)
 *(.bss.*)
 .bss.local_data
                0x000080c8       0x13 depend_Release_CSR101x_A05\conn_param_update.o
 .bss.g_nvm_fresh
                0x000080db        0x1 depend_Release_CSR101x_A05\nvm_access.o
 .bss.g_cm_main_data
                0x000080dc        0x4 depend_Release_CSR101x_A05\cm_private.o
 .bss.g_security_data
                0x000080e0        0x3 depend_Release_CSR101x_A05\cm_security.o
 .bss.g_server_data
                0x000080e3        0x3 depend_Release_CSR101x_A05\cm_server.o
 .bss.g_cm_observer_data
                0x000080e6        0xd depend_Release_CSR101x_A05\cm_observer.o
 .bss.g_cm_peripheral_data
                0x000080f3       0x4e depend_Release_CSR101x_A05\cm_peripheral.o
 .bss.assoc_attn_tid
                0x00008141        0x1 depend_Release_CSR101x_A05\core_mesh_handler.o
 .bss.dev_id_advert_tid
                0x00008142        0x1 depend_Release_CSR101x_A05\core_mesh_handler.o
 .bss.p_mesh_hdlr_data
                0x00008143        0x1 depend_Release_CSR101x_A05\core_mesh_handler.o
 .bss.stream_send_retry_tid
                0x00008144        0x1 depend_Release_CSR101x_A05\data_model_handler.o
 .bss.tx_stream_offset
                0x00008145        0x1 depend_Release_CSR101x_A05\data_model_handler.o
 .bss.stream_send_retry_count
                0x00008146        0x1 depend_Release_CSR101x_A05\data_model_handler.o
 .bss.rx_stream_offset
                0x00008147        0x1 depend_Release_CSR101x_A05\data_model_handler.o
 .bss.rx_stream_in_progress
                0x00008148        0x1 depend_Release_CSR101x_A05\data_model_handler.o
 .bss.Tx_Data_Buffer_len
                0x00008149        0x1 depend_Release_CSR101x_A05\data_model_handler.o
 .bss.block_send_retry_tid