Archive member included because of file (symbol)

..\mesh_common\mesh\libraries\csr_101x\libcsrmesh.a(csr_mesh.o)
                              depend_Release_CSR101x_A05\core_mesh_handler.o (CSRmeshRegisterAppCallback)
..\mesh_common\mesh\libraries\csr_101x\libcsrmesh.a(csr_mesh_ec_alloc.o)
                              ..\mesh_common\mesh\libraries\csr_101x\libcsrmesh.a(csr_mesh.o) (___libcsrmesh_118)
..\mesh_common\mesh\libraries\csr_101x\libcsrmesh.a(csr_mesh_masp.o)
                              ..\mesh_common\mesh\libraries\csr_101x\libcsrmesh.a(csr_mesh.o) (___libcsrmesh_212)
..\mesh_common\mesh\libraries\csr_101x\libcsrmesh.a(csr_mesh_masp_mcp_common.o)
                              ..\mesh_common\mesh\libraries\csr_101x\libcsrmesh.a(csr_mesh.o) (___libcsrmesh_215)
..\mesh_common\mesh\libraries\csr_101x\libcsrmesh.a(csr_mesh_mcp.o)
                              ..\mesh_common\mesh\libraries\csr_101x\libcsrmesh.a(csr_mesh.o) (___libcsrmesh_243)
..\mesh_common\mesh\libraries\csr_101x\libcsrmesh.a(csr_mesh_mtl.o)
                              ..\mesh_common\mesh\libraries\csr_101x\libcsrmesh.a(csr_mesh_masp.o) (___libcsrmesh_281)
..\mesh_common\mesh\libraries\csr_101x\libcsrmesh.a(csr_mesh_sha256_get_results.o)
                              ..\mesh_common\mesh\libraries\csr_101x\libcsrmesh.a(csr_mesh_masp_mcp_common.o) (___libcsrmesh_297)
..\mesh_common\mesh\libraries\csr_101x\libcsrmesh.a(csr_mesh_sha256_hmac.o)
                              ..\mesh_common\mesh\libraries\csr_101x\libcsrmesh.a(csr_mesh_masp_mcp_common.o) (___libcsrmesh_308)
..\mesh_common\mesh\libraries\csr_101x\libcsrmesh.a(csr_mesh_sha256_initialise.o)
                              ..\mesh_common\mesh\libraries\csr_101x\libcsrmesh.a(csr_mesh_masp_mcp_common.o) (___libcsrmesh_311)
..\mesh_common\mesh\libraries\csr_101x\libcsrmesh.a(csr_mesh_sha256_process_data.o)
                              ..\mesh_common\mesh\libraries\csr_101x\libcsrmesh.a(csr_mesh_sha256_hmac.o) (___libcsrmesh_317)
..\mesh_common\mesh\libraries\csr_101x\libcsrmesh.a(csr_mesh_bearer.o)
                              ..\mesh_common\mesh\libraries\csr_101x\libcsrmesh.a(csr_mesh_mtl.o) (___libcsrmesh_335)
..\mesh_common\mesh\libraries\csr_101x\libcsrmesh.a(csr_mesh_bearer_porting_util.o)
                              ..\mesh_common\mesh\libraries\csr_101x\libcsrmesh.a(csr_mesh_bearer.o) (___libcsrmesh_353)
..\mesh_common\mesh\libraries\csr_101x\libcsrmesh.a(csr_mesh_hal_ifce.o)
                              ..\mesh_common\mesh\libraries\csr_101x\libcsrmesh.a(csr_mesh_masp.o) (___libcsrmesh_363)
..\mesh_common\mesh\libraries\csr_101x\libcsrmesh.a(csr_mesh_security_ifce_101x.o)
                              ..\mesh_common\mesh\libraries\csr_101x\libcsrmesh.a(csr_mesh_mtl.o) (___libcsrmesh_371)
..\mesh_common\mesh\libraries\csr_101x\libcsrmesh.a(csr1010_scheduler.o)
                              ..\mesh_common\mesh\libraries\csr_101x\libcsrmesh.a(csr_mesh_bearer_porting_util.o) (IsCSRSchedRunning)
..\mesh_common\mesh\libraries\csr_101x\libcsrmesh.a(sig_mesh_relay.o)
                              ..\mesh_common\mesh\libraries\csr_101x\libcsrmesh.a(csr_mesh_bearer.o) (___libcsrmesh_414)
..\mesh_common\mesh\libraries\csr_101x\libcsrmesh.a(csr_mesh_bearer_model.o)
                              ..\mesh_common\mesh\libraries\csr_101x\libcsrmesh.a(csr_mesh_mcp.o) (BearerModelInit)
..\mesh_common\mesh\libraries\csr_101x\libcsrmesh.a(csr_mesh_config_model.o)
                              ..\mesh_common\mesh\libraries\csr_101x\libcsrmesh.a(csr_mesh_bearer_model.o) (___libcsrmesh_111)
..\mesh_common\mesh\libraries\csr_101x\libcsrmesh.a(csr_mesh_ec_math.o)
                              ..\mesh_common\mesh\libraries\csr_101x\libcsrmesh.a(csr_mesh_masp.o) (___libcsrmesh_127)
..\mesh_common\mesh\libraries\csr_101x\libcsrmesh.a(csr_mesh_group_model.o)
                              ..\mesh_common\mesh\libraries\csr_101x\libcsrmesh.a(csr_mesh_mcp.o) (GroupModelInit)
..\mesh_common\mesh\libraries\csr_101x\libcsrmesh.a(csr_mesh_large_num.o)
                              ..\mesh_common\mesh\libraries\csr_101x\libcsrmesh.a(csr_mesh_ec_math.o) (___libcsrmesh_161)
..\mesh_common\mesh\libraries\csr_101x\libcsrmesh.a(csr_mesh_sha_add_to_cache.o)
                              ..\mesh_common\mesh\libraries\csr_101x\libcsrmesh.a(csr_mesh_sha256_get_results.o) (___libcsrmesh_286)
..\mesh_common\mesh\libraries\csr_101x\libcsrmesh.a(csr_mesh_sha256_calc_ith_hash_val.o)
                              ..\mesh_common\mesh\libraries\csr_101x\libcsrmesh.a(csr_mesh_sha256_process_data.o) (___libcsrmesh_292)
..\mesh_common\mesh\libraries\csr_101x\libdata_server.a(data_model.o)
                              depend_Release_CSR101x_A05\data_model_handler.o (DataModelInit)
..\mesh_common\mesh\libraries\csr_101x\libdata_client.a(data_client.o)
                              depend_Release_CSR101x_A05\data_model_handler.o (DataBlockSend)
[...]
Memory Configuration

Name             Origin             Length             Attributes
*default*        0x00000000         0xffffffff

Linker script and memory map

LOAD depend_Release_CSR101x_A05\app_gatt_db.o
LOAD depend_Release_CSR101x_A05\conn_param_update.o
LOAD depend_Release_CSR101x_A05\nvm_access.o
LOAD depend_Release_CSR101x_A05\cm_common.o
LOAD depend_Release_CSR101x_A05\cm_hal.o
LOAD depend_Release_CSR101x_A05\cm_private.o
LOAD depend_Release_CSR101x_A05\cm_security.o
LOAD depend_Release_CSR101x_A05\cm_server.o
LOAD depend_Release_CSR101x_A05\cm_observer.o
LOAD depend_Release_CSR101x_A05\cm_peripheral.o
LOAD depend_Release_CSR101x_A05\battery_hw.o
LOAD depend_Release_CSR101x_A05\iot_hw.o
LOAD depend_Release_CSR101x_A05\csr_mesh_ps_ifce.o
LOAD depend_Release_CSR101x_A05\attention_model_handler.o
LOAD depend_Release_CSR101x_A05\battery_model_handler.o
LOAD depend_Release_CSR101x_A05\core_mesh_handler.o
LOAD depend_Release_CSR101x_A05\data_model_handler.o
LOAD depend_Release_CSR101x_A05\sensor_model_handler.o
LOAD depend_Release_CSR101x_A05\app_util.o
LOAD depend_Release_CSR101x_A05\connection_handler.o
LOAD depend_Release_CSR101x_A05\advertisement_handler.o
LOAD depend_Release_CSR101x_A05\time_model_handler.o
LOAD depend_Release_CSR101x_A05\action_model_handler.o
LOAD depend_Release_CSR101x_A05\largeobjecttransfer_model_handler.o
LOAD depend_Release_CSR101x_A05\gap_service.o
LOAD depend_Release_CSR101x_A05\gatt_service.o
LOAD depend_Release_CSR101x_A05\mesh_control_service.o
LOAD depend_Release_CSR101x_A05\csr_ota_service.o
LOAD depend_Release_CSR101x_A05\main_app.o
LOAD depend_Release_CSR101x_A05\app_mesh_handler.o
LOAD depend_Release_CSR101x_A05\app_mesh_model_handler.o
LOAD depend_Release_CSR101x_A05\byte_queue.o
LOAD depend_Release_CSR101x_A05\label.o
LOAD depend_Release_CSR101x_A05\time_uart.o
LOAD depend_Release_CSR101x_A05\uart_time.o
LOAD depend_Release_CSR101x_A05\Flash_Run.o
LOAD ..\mesh_common\mesh\libraries\csr_101x\libcsrmesh.a
LOAD ..\mesh_common\mesh\libraries\csr_101x\libsensor_server.a
LOAD ..\mesh_common\mesh\libraries\csr_101x\libping_server.a
LOAD ..\mesh_common\mesh\libraries\csr_101x\libattention_server.a
LOAD ..\mesh_common\mesh\libraries\csr_101x\libtime_client.a
LOAD ..\mesh_common\mesh\libraries\csr_101x\libtime_server.a
LOAD ..\mesh_common\mesh\libraries\csr_101x\libaction_server.a
LOAD ..\mesh_common\mesh\libraries\csr_101x\libdata_server.a
LOAD ..\mesh_common\mesh\libraries\csr_101x\libdata_client.a
LOAD ..\mesh_common\mesh\libraries\csr_101x\libbattery_server.a
LOAD ..\mesh_common\mesh\libraries\csr_101x\libsensor_client.a
LOAD ..\mesh_common\mesh\libraries\csr_101x\liblargeobjecttransfer_server.a
LOAD D:\CSR_uEnergy_SDK-2.6.1.7\tools\lib\otau\libotau_flash.a
LOAD D:\CSR_uEnergy_SDK-2.6.1.7\tools\lib\CSR101x_A05\libgatt_lib_ram.a
LOAD D:\CSR_uEnergy_SDK-2.6.1.7\tools\lib\CSR101x_A05\rom_img.elf
                0x00000000                PROG_RAM_START = 0x0
                0x00008000                PROG_RAM_SIZE = 0x8000
                0x00008000                PROG_ROM_START = 0x8000
                0x00008000                PROG_ROM_SIZE = 0x8000
                0x00002000                DATA_RAM_START = 0x2000
                0x00008000                DATA_RAM_SIZE = 0x8000
                0x000001b0                RADIOBUFS_SIZE = 0x1b0
                0x00000020                WHITELIST_SIZE = 0x20
                0x00000164                RADIODATA_SIZE = 0x164
                0x00000200                USTACK_SIZE = 0x200
                0x00000100                ISTACK_SIZE = 0x100
                0x00009f84                DATA_CSTORE_START = 0x9f84
                0x00000058                CSTORE_SIZE = 0x58
                0x00000004                SLT_SIZE = 0x4
                0x00000020                PRESERVE_SIZE = 0x20
                0x0000a000                DATA_RAM_END = 0xa000
                0x0000a000                DATA_ROM_START = 0xa000
                0x00004000                DATA_ROM_SIZE = 0x4000
                0x0000ef80                DATA_PERSIST_START = 0xef80
                0x00000080                DATA_PERSIST_SIZE = 0x80
                0x00009360                DATA_ROMDATA_START = 0x9360
                0x00000000                PROG_APPCODE_START = 0x0
                0x00006c00                PROG_APPCODE_END = 0x6c00
                0x00008c40                DATA_APPDATA_START = 0x8c40
                0x00008f00                DATA_APPDATA_END = 0x8f00
                0x80000000                $CODE$ = 0x80000000
                0x00000000                $DATA$ = 0x0
                0x0000ffe0                PROVIDE ($XAP_AH, 0xffe0)
                0x0000ffe1                PROVIDE ($XAP_AL, 0xffe1)
                0x0000ffe2                PROVIDE ($XAP_UXH, 0xffe2)
                0x0000ffe3                PROVIDE ($XAP_UXL, 0xffe3)
                0x0000ffe4                PROVIDE ($XAP_UY, 0xffe4)
                0x0000ffe5                PROVIDE ($XAP_IXH, 0xffe5)
                0x0000ffe6                PROVIDE ($XAP_IXL, 0xffe6)
                0x0000ffe7                PROVIDE ($XAP_IY, 0xffe7)
                0x00000008                . = 0x8

.app_ram_init   0x00000008        0x1
 *(RAM_APP_INIT)
 RAM_APP_INIT   0x00000008        0x1 D:\CSR_uEnergy_SDK-2.6.1.7\tools\lib\CSR101x_A05\libgatt_lib_ram.a(main_ram.o)
                0x00000008                main_ram_app_init

.fw_patch_bitmap
                0x00000009        0x6
 *(FW_PATCH_BITMAP)
 FW_PATCH_BITMAP
                0x00000009        0x6 D:\CSR_uEnergy_SDK-2.6.1.7\tools\lib\CSR101x_A05\libgatt_lib_ram.a(sw_patch_ram.o)
                0x00000009                patch_bitmap

.fw_patch_table
                0x0000000f        0x1
 *(FW_PATCH_TABLE)
 FW_PATCH_TABLE
                0x0000000f        0x1 D:\CSR_uEnergy_SDK-2.6.1.7\tools\lib\CSR101x_A05\libgatt_lib_ram.a(sw_patch_ram.o)
                0x0000000f                patch_table
                0x00000010                PROG_APPCODE_START = .

.text           0x00000010     0x5e82 load address 0x80000010
 *xap2crt0.o(.text)
 *xap2crt0.o(.text.*)
                0x00000010                PROG_PATCH_ADDRESS = .
 *(.hw_patch)
 .hw_patch      0x00000010      0x1c9 D:\CSR_uEnergy_SDK-2.6.1.7\tools\lib\CSR101x_A05\libgatt_lib_ram.a(patch_baldrick.o)
                0x00000010                hw_patch
 *(.text)
 .text          0x000001d9       0x3c D:\CSR_uEnergy_SDK-2.6.1.7\tools\lib\CSR101x_A05\libgatt_lib_ram.a(sm_ram.o)
                0x00000207                SMDistributeMasterLtk
                0x000001d9                ___libgatt_lib_db_476
                0x000001e9                SMFeaturesReq
 .text          0x00000215      0x1cf D:\CSR_uEnergy_SDK-2.6.1.7\tools\lib\CSR101x_A05\libgatt_lib_ram.a(patch_sm.o)
                0x00000383                ___libgatt_lib_db_4595
                0x0000024a                ___libgatt_lib_db_4594
                0x000002e0                ___libgatt_lib_db_4605
                0x00000215                ___libgatt_lib_db_4591
                0x00000334                ___libgatt_lib_db_4593
                0x000002a5                ___libgatt_lib_db_4592
                0x000002be                ___libgatt_lib_db_4590
                0x000002af                ___libgatt_lib_db_4596
 .text          0x000003e4        0xf D:\CSR_uEnergy_SDK-2.6.1.7\tools\lib\CSR101x_A05\libgatt_lib_ram.a(patch_sm_l2cap.o)
                0x000003e4                ___libgatt_lib_db_4607
 *(.text.*)
 .text.GattGetDatabase
                0x000003f3        0x8 depend_Release_CSR101x_A05\app_gatt_db.o
                0x000003f3                GattGetDatabase
 .text.handleGapCppTimerExpiry
                0x000003fb       0x12 depend_Release_CSR101x_A05\conn_param_update.o
 .text.requestConnParamUpdate
                0x0000040d       0x1c depend_Release_CSR101x_A05\conn_param_update.o
 .text.ConnectionParamUpdateEvent
                0x00000429       0x83 depend_Release_CSR101x_A05\conn_param_update.o
                0x00000429                ConnectionParamUpdateEvent
 .text.StopConnParamsUpdate
                0x000004ac        0xf depend_Release_CSR101x_A05\conn_param_update.o
                0x000004ac                StopConnParamsUpdate
 .text.processNewParams
                0x000004bb       0x49 depend_Release_CSR101x_A05\conn_param_update.o
 .text.RequestConnParamsUpdate
                0x00000504       0x26 depend_Release_CSR101x_A05\conn_param_update.o
                0x00000504                RequestConnParamsUpdate
 .text.nvmDisable
                0x0000052a        0x9 depend_Release_CSR101x_A05\nvm_access.o
 .text.reportPanic
                0x00000533        0x3 depend_Release_CSR101x_A05\nvm_access.o
 .text.Nvm_Write
                0x00000536        0xd depend_Release_CSR101x_A05\nvm_access.o
                0x00000536                Nvm_Write
 .text.Nvm_Read
                0x00000543        0xd depend_Release_CSR101x_A05\nvm_access.o
                0x00000543                Nvm_Read
 .text.Nvm_Init
                0x00000550       0x27 depend_Release_CSR101x_A05\nvm_access.o
                0x00000550                Nvm_Init
 .text.CMIsAddressResolvableRandom
                0x00000577       0x11 depend_Release_CSR101x_A05\cm_common.o
                0x00000577                CMIsAddressResolvableRandom
 .text.CMGetDeviceBondState
                0x00000588        0xb depend_Release_CSR101x_A05\cm_common.o
                0x00000588                CMGetDeviceBondState
 .text.CMReadRssi
                0x00000593        0x8 depend_Release_CSR101x_A05\cm_common.o
                0x00000593                CMReadRssi
 .text.CMConfigureRadioEvent
                0x0000059b        0xb depend_Release_CSR101x_A05\cm_common.o
                0x0000059b                CMConfigureRadioEvent
 .text.CMGetDevConnParam
                0x000005a6       0x17 depend_Release_CSR101x_A05\cm_common.o
                0x000005a6                CMGetDevConnParam
 .text.CMGetPeerDeviceRole
                0x000005bd       0x13 depend_Release_CSR101x_A05\cm_common.o
                0x000005bd                CMGetPeerDeviceRole
 .text.CMGetDevState
                0x000005d0       0x13 depend_Release_CSR101x_A05\cm_common.o
                0x000005d0                CMGetDevState
 .text.CMConnectionUpdateSignalingRsp
                0x000005e3        0x2 depend_Release_CSR101x_A05\cm_common.o
                0x000005e3                CMConnectionUpdateSignalingRsp
 .text.CMConnParamUpdateReq
                0x000005e5        0x5 depend_Release_CSR101x_A05\cm_common.o
                0x000005e5                CMConnParamUpdateReq
 .text.CMGetBdAdressFromDeviceId
                0x000005ea       0x17 depend_Release_CSR101x_A05\cm_common.o
                0x000005ea                CMGetBdAdressFromDeviceId
 .text.CMGetBondIdFromDeviceId
                0x00000601       0x14 depend_Release_CSR101x_A05\cm_common.o
                0x00000601                CMGetBondIdFromDeviceId
 .text.CMDisconnect
                0x00000615        0xe depend_Release_CSR101x_A05\cm_common.o
                0x00000615                CMDisconnect
 .text.CMInit   0x00000623       0x1e depend_Release_CSR101x_A05\cm_common.o
                0x00000623                CMInit
 .text.asyncApiTimeout
                0x00000641        0x7 depend_Release_CSR101x_A05\cm_common.o
 .text.getDeviceIdFromCid
                0x00000648       0x12 depend_Release_CSR101x_A05\cm_hal.o
 .text.getDeviceIdFromHciHandle
                0x0000065a       0x12 depend_Release_CSR101x_A05\cm_hal.o
 .text.HALGetMsgId
                0x0000066c        0x5 depend_Release_CSR101x_A05\cm_hal.o
                0x0000066c                HALGetMsgId
 .text.HALGetMsg
                0x00000671        0x5 depend_Release_CSR101x_A05\cm_hal.o
                0x00000671                HALGetMsg
 .text.HALAddNewDevice
                0x00000676       0x23 depend_Release_CSR101x_A05\cm_hal.o
                0x00000676                HALAddNewDevice
 .text.HALParseConnCompleteInd
                0x00000699       0x35 depend_Release_CSR101x_A05\cm_hal.o
                0x00000699                HALParseConnCompleteInd
 .text.HALParseDisconnCompleteInd
                0x000006ce       0x12 depend_Release_CSR101x_A05\cm_hal.o
                0x000006ce                HALParseDisconnCompleteInd
 .text.HALParseEncChangeInd
                0x000006e0       0x12 depend_Release_CSR101x_A05\cm_hal.o
                0x000006e0                HALParseEncChangeInd
 .text.HALParseRadioEventInd
                0x000006f2        0x1 depend_Release_CSR101x_A05\cm_hal.o
                0x000006f2                HALParseRadioEventInd
 .text.HALParseAccessWriteInd
                0x000006f3        0xb depend_Release_CSR101x_A05\cm_hal.o
                0x000006f3                HALParseAccessWriteInd
 .text.HALParseAccessReadInd
                0x000006fe        0xb depend_Release_CSR101x_A05\cm_hal.o
                0x000006fe                HALParseAccessReadInd
 .text.HALParseConnectionUpdateInd
                0x00000709        0xf depend_Release_CSR101x_A05\cm_hal.o
                0x00000709                HALParseConnectionUpdateInd
 .text.CMProcessMsg
                0x00000718        0xb depend_Release_CSR101x_A05\cm_hal.o
                0x00000718                CMProcessMsg
 .text.getDeviceIdFromBDAddress
                0x00000723       0x22 depend_Release_CSR101x_A05\cm_hal.o
 .text.HALGetDeviceId
                0x00000745       0x4b depend_Release_CSR101x_A05\cm_hal.o
                0x00000745                HALGetDeviceId
 .text.HALMatchBluetoothAddress
                0x00000790       0x2c depend_Release_CSR101x_A05\cm_hal.o
                0x00000790                HALMatchBluetoothAddress
 .text.HALConnectionUpdateSignallingRsp
                0x000007bc       0x14 depend_Release_CSR101x_A05\cm_hal.o
                0x000007bc                HALConnectionUpdateSignallingRsp
 .text.HALConnectionParamUpdateReq
                0x000007d0        0xb depend_Release_CSR101x_A05\cm_hal.o
                0x000007d0                HALConnectionParamUpdateReq
 .text.HALSendValueIndication
                0x000007db       0x11 depend_Release_CSR101x_A05\cm_hal.o
                0x000007db                HALSendValueIndication
 .text.HALSendValueNotification
                0x000007ec       0x10 depend_Release_CSR101x_A05\cm_hal.o
                0x000007ec                HALSendValueNotification
 .text.HALSMInit
                0x000007fc        0x2 depend_Release_CSR101x_A05\cm_hal.o
                0x000007fc                HALSMInit
 .text.HALServerWriteInit
                0x000007fe        0x3 depend_Release_CSR101x_A05\cm_hal.o
                0x000007fe                HALServerWriteInit
 .text.CMGetMainData
                0x00000801        0x3 depend_Release_CSR101x_A05\cm_private.o
                0x00000801                CMGetMainData
 .text.CMNotifyEventToApplication
                0x00000804        0x8 depend_Release_CSR101x_A05\cm_private.o
                0x00000804                CMNotifyEventToApplication
 .text.CMPrivateInit
                0x0000080c       0x1d depend_Release_CSR101x_A05\cm_private.o
                0x0000080c                CMPrivateInit
 .text.CMResetDevConnParam
                0x00000829        0xd depend_Release_CSR101x_A05\cm_private.o
                0x00000829                CMResetDevConnParam
 .text.CMIsDeviceIdValid
                0x00000836        0x7 depend_Release_CSR101x_A05\cm_private.o
                0x00000836                CMIsDeviceIdValid
 .text.CMSetDeviceBondState
                0x0000083d        0x9 depend_Release_CSR101x_A05\cm_private.o
                0x0000083d                CMSetDeviceBondState
 .text.CMReportPanic
                0x00000846        0x3 depend_Release_CSR101x_A05\cm_private.o
                0x00000846                CMReportPanic
 .text.CMSetDeviceEncryptState
                0x00000849       0x11 depend_Release_CSR101x_A05\cm_private.o
                0x00000849                CMSetDeviceEncryptState
 .text.CMGetConnId
                0x0000085a        0xe depend_Release_CSR101x_A05\cm_private.o
                0x0000085a                CMGetConnId
 .text.CMSetConnParam
                0x00000868       0x13 depend_Release_CSR101x_A05\cm_private.o
                0x00000868                CMSetConnParam
 .text.CMSetDevState
                0x0000087b       0x2a depend_Release_CSR101x_A05\cm_private.o
                0x0000087b                CMSetDevState
 .text.CMGetDeviceId
                0x000008a5        0x7 depend_Release_CSR101x_A05\cm_private.o
                0x000008a5                CMGetDeviceId
 .text.handleSignalLmDisconnectComplete
                0x000008ac       0x37 depend_Release_CSR101x_A05\cm_private.o
 .text.handleSignalLsConnParamUpdateInd
                0x000008e3       0x1e depend_Release_CSR101x_A05\cm_private.o
 .text.handleSignalLsConnParamUpdateCfm
                0x00000901       0x17 depend_Release_CSR101x_A05\cm_private.o
 .text.handleSignalLsConnectionUpdate
                0x00000918       0x1c depend_Release_CSR101x_A05\cm_private.o
 .text.CMProcessEvent
                0x00000934      0x17e depend_Release_CSR101x_A05\cm_private.o
                0x00000934                CMProcessEvent
 .text.CMGetBondedBDAddr
                0x00000ab2       0x11 depend_Release_CSR101x_A05\cm_security.o
                0x00000ab2                CMGetBondedBDAddr
 .text.handleSignalSmSimplePairingCompleteInd
                0x00000ac3       0x43 depend_Release_CSR101x_A05\cm_security.o
 .text.CMSecurityHandleProcessLMEvent
                0x00000b06       0x36 depend_Release_CSR101x_A05\cm_security.o
                0x00000b06                CMSecurityHandleProcessLMEvent
 .text.ClearBondingInfo
                0x00000b3c       0x2b depend_Release_CSR101x_A05\cm_security.o
                0x00000b3c                ClearBondingInfo
 .text.CMGetBondId
                0x00000b67       0x21 depend_Release_CSR101x_A05\cm_security.o
                0x00000b67                CMGetBondId
 .text.CMIsDeviceBonded
                0x00000b88       0x20 depend_Release_CSR101x_A05\cm_security.o
                0x00000b88                CMIsDeviceBonded
 .text.CMSecurityInit
                0x00000ba8       0x4c depend_Release_CSR101x_A05\cm_security.o
                0x00000ba8                CMSecurityInit
 .text.CMServerGetHandler
                0x00000bf4       0x13 depend_Release_CSR101x_A05\cm_server.o
                0x00000bf4                CMServerGetHandler
 .text.CMServerNotifyGenericEvent
                0x00000c07       0x18 depend_Release_CSR101x_A05\cm_server.o
                0x00000c07                CMServerNotifyGenericEvent
 .text.CMServerNotifyGattEvent
                0x00000c1f        0x8 depend_Release_CSR101x_A05\cm_server.o
                0x00000c1f                CMServerNotifyGattEvent
 .text.CMServerInitRegisterHandler
                0x00000c27       0x1a depend_Release_CSR101x_A05\cm_server.o
                0x00000c27                CMServerInitRegisterHandler
 .text.CMServerHandleProcessLMEvent
                0x00000c41       0x7b depend_Release_CSR101x_A05\cm_server.o
                0x00000c41                CMServerHandleProcessLMEvent
 .text.CMSendValueIndication
                0x00000cbc        0x2 depend_Release_CSR101x_A05\cm_server.o
                0x00000cbc                CMSendValueIndication
 .text.CMSendValueNotification
                0x00000cbe        0x5 depend_Release_CSR101x_A05\cm_server.o
                0x00000cbe                CMSendValueNotification
 .text.CMSendAccessRsp
                0x00000cc3       0x15 depend_Release_CSR101x_A05\cm_server.o
                0x00000cc3                CMSendAccessRsp
 .text.CMServerInit
                0x00000cd8       0x1b depend_Release_CSR101x_A05\cm_server.o
                0x00000cd8                CMServerInit
 .text.CMObserverInit
                0x00000cf3        0x4 depend_Release_CSR101x_A05\cm_observer.o
                0x00000cf3                CMObserverInit
 .text.CMObserverEnableRawReports
                0x00000cf7        0x3 depend_Release_CSR101x_A05\cm_observer.o
                0x00000cf7                CMObserverEnableRawReports
 .text.CMObserverHandleProcessLMEvent
                0x00000cfa       0x11 depend_Release_CSR101x_A05\cm_observer.o
                0x00000cfa                CMObserverHandleProcessLMEvent
 .text.CMPeripheralInit
                0x00000d0b        0xa depend_Release_CSR101x_A05\cm_peripheral.o
                0x00000d0b                CMPeripheralInit
 .text.ReadBatteryLevel
                0x00000d15       0x28 depend_Release_CSR101x_A05\battery_hw.o
                0x00000d15                ReadBatteryLevel
 .text.SendLowBatteryIndication
                0x00000d3d        0x1 depend_Release_CSR101x_A05\battery_hw.o
                0x00000d3d                SendLowBatteryIndication
 .text.IOTLightControlDeviceSetColor
                0x00000d3e       0x74 depend_Release_CSR101x_A05\iot_hw.o
                0x00000d3e                IOTLightControlDeviceSetColor
 .text.IOTLightControlDeviceInit
                0x00000db2       0x20 depend_Release_CSR101x_A05\iot_hw.o
                0x00000db2                IOTLightControlDeviceInit
 .text.IOTLightControlDevicePower
                0x00000dd2       0x3b depend_Release_CSR101x_A05\iot_hw.o
                0x00000dd2                IOTLightControlDevicePower
 .text.IOTLightControlDeviceBlink
                0x00000e0d       0x41 depend_Release_CSR101x_A05\iot_hw.o
                0x00000e0d                IOTLightControlDeviceBlink
 .text.getPsKeyOffset
                0x00000e4e       0x16 depend_Release_CSR101x_A05\csr_mesh_ps_ifce.o
 .text.CSRmeshPsInit
                0x00000e64        0x2 depend_Release_CSR101x_A05\csr_mesh_ps_ifce.o
                0x00000e64                CSRmeshPsInit
 .text.CSRmeshPsSecureWrite
                0x00000e66        0xa depend_Release_CSR101x_A05\csr_mesh_ps_ifce.o
                0x00000e66                CSRmeshPsSecureWrite
 .text.CSRmeshPsWrite
                0x00000e70        0xa depend_Release_CSR101x_A05\csr_mesh_ps_ifce.o
                0x00000e70                CSRmeshPsWrite
 .text.CSRmeshPsSecureRead
                0x00000e7a        0xa depend_Release_CSR101x_A05\csr_mesh_ps_ifce.o
                0x00000e7a                CSRmeshPsSecureRead
 .text.CSRmeshPsRead
                0x00000e84        0xa depend_Release_CSR101x_A05\csr_mesh_ps_ifce.o
                0x00000e84                CSRmeshPsRead
 .text.CSRmeshIsPsReadyForAccess
                0x00000e8e       0x18 depend_Release_CSR101x_A05\csr_mesh_ps_ifce.o
                0x00000e8e                CSRmeshIsPsReadyForAccess
 .text.IsGattBearerEnabled
                0x00000ea6        0x6 depend_Release_CSR101x_A05\core_mesh_handler.o
                0x00000ea6                IsGattBearerEnabled
 .text.AppGetStoredBearerState
                0x00000eac        0xb depend_Release_CSR101x_A05\core_mesh_handler.o
                0x00000eac                AppGetStoredBearerState
 .text.AppGetCurrentTTL
                0x00000eb7        0x5 depend_Release_CSR101x_A05\core_mesh_handler.o
                0x00000eb7                AppGetCurrentTTL
 .text.AppInitializeSeqCache
                0x00000ebc        0x1 depend_Release_CSR101x_A05\core_mesh_handler.o
                0x00000ebc                AppInitializeSeqCache
 .text.AppClearSeqCache
                0x00000ebd        0x1 depend_Release_CSR101x_A05\core_mesh_handler.o
                0x00000ebd                AppClearSeqCache
 .text.AppSetTxPower
                0x00000ebe       0x13 depend_Release_CSR101x_A05\core_mesh_handler.o
                0x00000ebe                AppSetTxPower
 .text.MeshHandlerInit
                0x00000ed1        0xa depend_Release_CSR101x_A05\core_mesh_handler.o
                0x00000ed1                MeshHandlerInit
 .text.attnTimerHandler
                0x00000edb        0xa depend_Release_CSR101x_A05\core_mesh_handler.o
 .text.AppUpdateBearerState
                0x00000ee5        0xf depend_Release_CSR101x_A05\core_mesh_handler.o
                0x00000ee5                AppUpdateBearerState
 .text.InitiateAssociation
                0x00000ef4       0x2a depend_Release_CSR101x_A05\core_mesh_handler.o
                0x00000ef4                InitiateAssociation
 .text.appProcessMeshEvent
                0x00000f1e      0x13d depend_Release_CSR101x_A05\core_mesh_handler.o
 .text.deviceIdAdvertTimeoutHandler
                0x0000105b       0x44 depend_Release_CSR101x_A05\core_mesh_handler.o
 .text.resetRxStreamState
                0x0000109f        0xa depend_Release_CSR101x_A05\data_model_handler.o
 .text.rxStreamTimeoutHandler
                0x000010a9        0xa depend_Release_CSR101x_A05\data_model_handler.o
 .text.resetTxStreamState
                0x000010b3        0x9 depend_Release_CSR101x_A05\data_model_handler.o
 .text.Handle01Data
                0x000010bc       0x20 depend_Release_CSR101x_A05\data_model_handler.o
 .text.Handle02Data
                0x000010dc       0x22 depend_Release_CSR101x_A05\data_model_handler.o
 .text.Handle03Data
                0x000010fe       0x22 depend_Release_CSR101x_A05\data_model_handler.o
 .text.MeshRxdCheck_New
                0x00001120       0x25 depend_Release_CSR101x_A05\data_model_handler.o
 .text.DataModelHandlerInit
                0x00001145       0x23 depend_Release_CSR101x_A05\data_model_handler.o
                0x00001145                DataModelHandlerInit
 .text.appDataServerHandler
                0x00001168      0x295 depend_Release_CSR101x_A05\data_model_handler.o
 .text.endStream
                0x000013fd       0x1c depend_Release_CSR101x_A05\data_model_handler.o
 .text.handleCSRmeshDataStreamSendCfm
                0x00001419       0x49 depend_Release_CSR101x_A05\data_model_handler.o
 .text.appDataClientHandler
                0x00001462       0x30 depend_Release_CSR101x_A05\data_model_handler.o
 .text.streamSendRetryTimer
                0x00001492       0x3e depend_Release_CSR101x_A05\data_model_handler.o
 .text.StartBlockSendData
                0x000014d0       0xaa depend_Release_CSR101x_A05\data_model_handler.o
                0x000014d0                StartBlockSendData
 .text.blockSendRetryTimer
                0x0000157a       0x54 depend_Release_CSR101x_A05\data_model_handler.o
 .text.ReportPanic
                0x000015ce        0x3 depend_Release_CSR101x_A05\app_util.o
                0x000015ce                ReportPanic
 .text.InitialiseGattData
                0x000015d1        0xb depend_Release_CSR101x_A05\connection_handler.o
                0x000015d1                InitialiseGattData
 .text.GetConnectedDeviceId
                0x000015dc        0x3 depend_Release_CSR101x_A05\connection_handler.o
                0x000015dc                GetConnectedDeviceId
 .text.AppRequestConnParamUpdate
                0x000015df       0x19 depend_Release_CSR101x_A05\connection_handler.o
                0x000015df                AppRequestConnParamUpdate
 .text.AppSetState
                0x000015f8       0x1f depend_Release_CSR101x_A05\connection_handler.o
                0x000015f8                AppSetState
 .text.AppCMInit
                0x00001617       0x22 depend_Release_CSR101x_A05\connection_handler.o
                0x00001617                AppCMInit
 .text.handleConnNotify
                0x00001639       0x84 depend_Release_CSR101x_A05\connection_handler.o
 .text.appHandleConnMgrProcEvent
                0x000016bd       0xb3 depend_Release_CSR101x_A05\connection_handler.o
 .text.GattSetRandomAddress
                0x00001770       0x2c depend_Release_CSR101x_A05\advertisement_handler.o
                0x00001770                GattSetRandomAddress
 .text.GattStopAdverts
                0x0000179c        0xa depend_Release_CSR101x_A05\advertisement_handler.o
                0x0000179c                GattStopAdverts
 .text.csrStoreUserAdvData
                0x000017a6       0x2d depend_Release_CSR101x_A05\advertisement_handler.o
 .text.gattSetAdvertData
                0x000017d3       0x67 depend_Release_CSR101x_A05\advertisement_handler.o
 .text.GattTriggerConnectableAdverts
                0x0000183a       0x5b depend_Release_CSR101x_A05\advertisement_handler.o
                0x0000183a                GattTriggerConnectableAdverts
 .text.gattAdvertTimerHandler
                0x00001895        0x9 depend_Release_CSR101x_A05\advertisement_handler.o
 .text.writeDeviceNameToNvm
                0x0000189e       0x16 depend_Release_CSR101x_A05\gap_service.o
 .text.handleConnMgrProcedureEvent
                0x000018b4       0x53 depend_Release_CSR101x_A05\gap_service.o
 .text.GapGetNameAndLength
                0x00001907        0xc depend_Release_CSR101x_A05\gap_service.o
                0x00001907                GapGetNameAndLength
 .text.GapInitServerService
                0x00001913       0x48 depend_Release_CSR101x_A05\gap_service.o
                0x00001913                GapInitServerService
 .text.writeToNvm
                0x0000195b       0x1f depend_Release_CSR101x_A05\gatt_service.o
 .text.handleConnMgrProcedureEvent
                0x0000197a       0xbc depend_Release_CSR101x_A05\gatt_service.o
 .text.readDataFromNVM
                0x00001a36       0x30 depend_Release_CSR101x_A05\gatt_service.o
 .text.GattExtInitServerService
                0x00001a66       0x20 depend_Release_CSR101x_A05\gatt_service.o
                0x00001a66                GattExtInitServerService
 .text.MeshControlServiceDataInit
                0x00001a86        0x8 depend_Release_CSR101x_A05\mesh_control_service.o
                0x00001a86                MeshControlServiceDataInit
 .text.MeshControlNotifyResponse
                0x00001a8e       0x2a depend_Release_CSR101x_A05\mesh_control_service.o
                0x00001a8e                MeshControlNotifyResponse
 .text.MeshControlInitServerService
                0x00001ab8        0xf depend_Release_CSR101x_A05\mesh_control_service.o
                0x00001ab8                MeshControlInitServerService
 .text.handleAccessRead
                0x00001ac7       0x3e depend_Release_CSR101x_A05\mesh_control_service.o
 .text.handleAccessWrite
                0x00001b05       0x9b depend_Release_CSR101x_A05\mesh_control_service.o
 .text.handleConnMgrProcedureEvent
                0x00001ba0        0xe depend_Release_CSR101x_A05\mesh_control_service.o
 .text.srf_init
                0x00001bae       0x1e depend_Release_CSR101x_A05\main_app.o
                0x00001bae                srf_init
 .text.AppPowerOnReset
                0x00001bcc        0x1 depend_Release_CSR101x_A05\main_app.o
                0x00001bcc                AppPowerOnReset
 .text.AppProcessLmEvent
                0x00001bcd        0x5 depend_Release_CSR101x_A05\main_app.o
                0x00001bcd                AppProcessLmEvent
 .text.AppProcessSystemEvent
                0x00001bd2        0x5 depend_Release_CSR101x_A05\main_app.o
                0x00001bd2                AppProcessSystemEvent
 .text.AppNvmReady
                0x00001bd7        0xc depend_Release_CSR101x_A05\main_app.o
                0x00001bd7                AppNvmReady
 .text.AppInit  0x00001be3       0x3a depend_Release_CSR101x_A05\main_app.o
                0x00001be3                AppInit
 .text.Reset_BLE_Module
                0x00001c1d       0x11 depend_Release_CSR101x_A05\main_app.o
                0x00001c1d                Reset_BLE_Module
 .text.time1mshandle
                0x00001c2e       0x54 depend_Release_CSR101x_A05\main_app.o
                0x00001c2e                time1mshandle
 .text.time250ushandle
                0x00001c82       0x19 depend_Release_CSR101x_A05\main_app.o
                0x00001c82                time250ushandle
 .text.AppDataInit
                0x00001c9b        0x8 depend_Release_CSR101x_A05\main_app.o
                0x00001c9b                AppDataInit
 .text.InitAppSupportedServices
                0x00001ca3       0x12 depend_Release_CSR101x_A05\main_app.o
                0x00001ca3                InitAppSupportedServices
 .text.writeSupportedModelGroupsOntoNVM
                0x00001cb5        0x9 depend_Release_CSR101x_A05\app_mesh_handler.o
 .text.HandleGroupSetMsg
                0x00001cbe       0x1a depend_Release_CSR101x_A05\app_mesh_handler.o
                0x00001cbe                HandleGroupSetMsg
 .text.RestoreLightState
                0x00001cd8       0x2d depend_Release_CSR101x_A05\app_mesh_handler.o
                0x00001cd8                RestoreLightState
 .text.AppHandleAssociationComplete
                0x00001d05        0x1 depend_Release_CSR101x_A05\app_mesh_handler.o
                0x00001d05                AppHandleAssociationComplete
 .text.SetScanDutyCycle
                0x00001d06        0xe depend_Release_CSR101x_A05\app_mesh_handler.o
                0x00001d06                SetScanDutyCycle
 .text.EnableHighDutyScanMode
                0x00001d14        0xd depend_Release_CSR101x_A05\app_mesh_handler.o
                0x00001d14                EnableHighDutyScanMode
 .text.initializeSupportedModelGroups
                0x00001d21        0x9 depend_Release_CSR101x_A05\app_mesh_handler.o
 .text.RemoveAssociation
                0x00001d2a       0x45 depend_Release_CSR101x_A05\app_mesh_handler.o
                0x00001d2a                RemoveAssociation
 .text.AppMeshInit
                0x00001d6f      0x10d depend_Release_CSR101x_A05\app_mesh_handler.o
                0x00001d6f                AppMeshInit
 .text.InitializeSupportedModelData
                0x00001e7c        0x1 depend_Release_CSR101x_A05\app_mesh_model_handler.o
                0x00001e7c                InitializeSupportedModelData
 .text.InitialiseSensorData
                0x00001e7d        0xe depend_Release_CSR101x_A05\app_mesh_model_handler.o
                0x00001e7d                InitialiseSensorData
 .text.IsHeaterConfigured
                0x00001e8b        0xd depend_Release_CSR101x_A05\app_mesh_model_handler.o
                0x00001e8b                IsHeaterConfigured
 .text.GetHeaterStatus
                0x00001e98        0x3 depend_Release_CSR101x_A05\app_mesh_model_handler.o
                0x00001e98                GetHeaterStatus
 .text.startReadValueTimer
                0x00001e9b       0x15 depend_Release_CSR101x_A05\app_mesh_model_handler.o
 .text.InitialiseHeater
                0x00001eb0        0xf depend_Release_CSR101x_A05\app_mesh_model_handler.o
                0x00001eb0                InitialiseHeater
 .text.readValTimerHandler
                0x00001ebf        0xd depend_Release_CSR101x_A05\app_mesh_model_handler.o
 .text.ReadSensorDataFromNVM
                0x00001ecc        0xd depend_Release_CSR101x_A05\app_mesh_model_handler.o
                0x00001ecc                ReadSensorDataFromNVM
 .text.BQGetDataSize
                0x00001ed9        0xd depend_Release_CSR101x_A05\byte_queue.o
                0x00001ed9                BQGetDataSize
 .text.BQCommitLastPeek
                0x00001ee6        0x8 depend_Release_CSR101x_A05\byte_queue.o
                0x00001ee6                BQCommitLastPeek
 .text.peekBuffer
                0x00001eee       0x73 depend_Release_CSR101x_A05\byte_queue.o
 .text.BQPeekBytes
                0x00001f61        0x1 depend_Release_CSR101x_A05\byte_queue.o
                0x00001f61                BQPeekBytes
 .text.BQPopBytes
                0x00001f62        0xa depend_Release_CSR101x_A05\byte_queue.o
                0x00001f62                BQPopBytes
 .text.copyIntoBuffer
                0x00001f6c       0x96 depend_Release_CSR101x_A05\byte_queue.o
 .text.BQForceQueueBytes
                0x00002002        0x2 depend_Release_CSR101x_A05\byte_queue.o
                0x00002002                BQForceQueueBytes
 .text.BQSafeQueueBytes
                0x00002004       0x1f depend_Release_CSR101x_A05\byte_queue.o
                0x00002004                BQSafeQueueBytes
 .text.time_main
                0x00002023       0x94 depend_Release_CSR101x_A05\time_uart.o
                0x00002023                time_main
 .text.timer_RBINT
                0x000020b7       0x4c depend_Release_CSR101x_A05\time_uart.o
                0x000020b7                timer_RBINT
 .text.WifiRxDataClear
                0x00002103        0x9 depend_Release_CSR101x_A05\uart_time.o
                0x00002103                WifiRxDataClear
 .text.WifiTxGetBcc
                0x0000210c       0x36 depend_Release_CSR101x_A05\uart_time.o
 .text.BLE_TX_GCC
                0x00002142       0x12 depend_Release_CSR101x_A05\uart_time.o
 .text.CLEAR_BLE_RX_DATA
                0x00002154        0xa depend_Release_CSR101x_A05\uart_time.o
 .text.WifiTxDataDD
                0x0000215e       0x30 depend_Release_CSR101x_A05\uart_time.o
 .text.InitUart
                0x0000218e       0x2d depend_Release_CSR101x_A05\uart_time.o
                0x0000218e                InitUart
 .text.sendPendingData
                0x000021bb       0x2d depend_Release_CSR101x_A05\uart_time.o
 .text.uartTxDataCallback
                0x000021e8        0x1 depend_Release_CSR101x_A05\uart_time.o
 .text.uartRxDataCallback
                0x000021e9       0x4d depend_Release_CSR101x_A05\uart_time.o
 .text.SendDataToUart
                0x00002236       0x3a depend_Release_CSR101x_A05\uart_time.o
                0x00002236                SendDataToUart
 .text.processuartdata
                0x00002270      0x1d6 depend_Release_CSR101x_A05\uart_time.o
                0x00002270                processuartdata
 .text.flash_run
                0x00002446       0x87 depend_Release_CSR101x_A05\Flash_Run.o
                0x00002446                flash_run
 .text.CSRmeshRegisterAppCallback
                0x000024cd       0x10 ..\mesh_common\mesh\libraries\csr_101x\libcsrmesh.a(csr_mesh.o)
                0x000024cd                CSRmeshRegisterAppCallback
 .text.CSRmeshGetDeviceID
                0x000024dd       0x21 ..\mesh_common\mesh\libraries\csr_101x\libcsrmesh.a(csr_mesh.o)
                0x000024dd                CSRmeshGetDeviceID
 .text.___libcsrmesh_86
                0x000024fe       0x1a ..\mesh_common\mesh\libraries\csr_101x\libcsrmesh.a(csr_mesh.o)
                0x000024fe                ___libcsrmesh_86
 .text.___libcsrmesh_85
                0x00002518        0xc ..\mesh_common\mesh\libraries\csr_101x\libcsrmesh.a(csr_mesh.o)
                0x00002518                ___libcsrmesh_85
 .text.CSRmeshAssociateToANetwork
                0x00002524       0x16 ..\mesh_common\mesh\libraries\csr_101x\libcsrmesh.a(csr_mesh.o)
                0x00002524                CSRmeshAssociateToANetwork
 .text.CSRmeshGetDefaultTTL
                0x0000253a       0x1b ..\mesh_common\mesh\libraries\csr_101x\libcsrmesh.a(csr_mesh.o)
                0x0000253a                CSRmeshGetDefaultTTL
 .text.CSRmeshSetDefaultTTL
                0x00002555       0x10 ..\mesh_common\mesh\libraries\csr_101x\libcsrmesh.a(csr_mesh.o)
                0x00002555                CSRmeshSetDefaultTTL
 .text.CSRmeshSetTransmitState
                0x00002565       0x27 ..\mesh_common\mesh\libraries\csr_101x\libcsrmesh.a(csr_mesh.o)
                0x00002565                CSRmeshSetTransmitState
 .text.___libcsrmesh_84
                0x0000258c        0x9 ..\mesh_common\mesh\libraries\csr_101x\libcsrmesh.a(csr_mesh.o)
                0x0000258c                ___libcsrmesh_84
 .text.___libcsrmesh_88
                0x00002595       0x31 ..\mesh_common\mesh\libraries\csr_101x\libcsrmesh.a(csr_mesh.o)
                0x00002595                ___libcsrmesh_88
 .text.CSRmeshRemoveNetwork
                0x000025c6       0x1b ..\mesh_common\mesh\libraries\csr_101x\libcsrmesh.a(csr_mesh.o)
                0x000025c6                CSRmeshRemoveNetwork
 .text.CSRMeshUpdateMeshContextData
                0x000025e1       0x94 ..\mesh_common\mesh\libraries\csr_101x\libcsrmesh.a(csr_mesh.o)
 .text.CSRmeshStart
                0x00002675       0x20 ..\mesh_common\mesh\libraries\csr_101x\libcsrmesh.a(csr_mesh.o)
                0x00002675                CSRmeshStart
 .text.CSRMeshUpdateConfigRole
                0x00002695       0x14 ..\mesh_common\mesh\libraries\csr_101x\libcsrmesh.a(csr_mesh.o)
 .text.CSRmeshInit
                0x000026a9       0x65 ..\mesh_common\mesh\libraries\csr_101x\libcsrmesh.a(csr_mesh.o)
                0x000026a9                CSRmeshInit
 .text.___libcsrmesh_118
                0x0000270e        0x3 ..\mesh_common\mesh\libraries\csr_101x\libcsrmesh.a(csr_mesh_ec_alloc.o)
                0x0000270e                ___libcsrmesh_118
 .text.___libcsrmesh_119
                0x00002711        0x1 ..\mesh_common\mesh\libraries\csr_101x\libcsrmesh.a(csr_mesh_ec_alloc.o)
                0x00002711                ___libcsrmesh_119
 .text.___libcsrmesh_117
                0x00002712        0xa ..\mesh_common\mesh\libraries\csr_101x\libcsrmesh.a(csr_mesh_ec_alloc.o)
                0x00002712                ___libcsrmesh_117
 .text.___libcsrmesh_116
                0x0000271c       0x1e ..\mesh_common\mesh\libraries\csr_101x\libcsrmesh.a(csr_mesh_ec_alloc.o)
                0x0000271c                ___libcsrmesh_116
 .text.maspFreeConfirmationBuffers
                0x0000273a       0x12 ..\mesh_common\mesh\libraries\csr_101x\libcsrmesh.a(csr_mesh_masp.o)
 .text.maspFreeClientPublicKeyBuffer
                0x0000274c        0xc ..\mesh_common\mesh\libraries\csr_101x\libcsrmesh.a(csr_mesh_masp.o)
 .text.maspFreeAlgoBuffer
                0x00002758        0xa ..\mesh_common\mesh\libraries\csr_101x\libcsrmesh.a(csr_mesh_masp.o)
 .text.maspAllocNmakeKeyPair
                0x00002762       0x16 ..\mesh_common\mesh\libraries\csr_101x\libcsrmesh.a(csr_mesh_masp.o)
 .text.maspAllocAlgoBuffer
                0x00002778        0x6 ..\mesh_common\mesh\libraries\csr_101x\libcsrmesh.a(csr_mesh_masp.o)
 .text.maspAllocClientPublicKeyBuffer
                0x0000277e       0x12 ..\mesh_common\mesh\libraries\csr_101x\libcsrmesh.a(csr_mesh_masp.o)
 .text.maspSendEventToApp
                0x00002790       0x20 ..\mesh_common\mesh\libraries\csr_101x\libcsrmesh.a(csr_mesh_masp.o)
 .text.maspResetState
                0x000027b0       0x59 ..\mesh_common\mesh\libraries\csr_101x\libcsrmesh.a(csr_mesh_masp.o)
 .text.___libcsrmesh_208
                0x00002809        0x2 ..\mesh_common\mesh\libraries\csr_101x\libcsrmesh.a(csr_mesh_masp.o)
                0x00002809                ___libcsrmesh_208
 .text.___libcsrmesh_212
                0x0000280b       0x14 ..\mesh_common\mesh\libraries\csr_101x\libcsrmesh.a(csr_mesh_masp.o)
                0x0000280b                ___libcsrmesh_212
 .text.___libcsrmesh_204
                0x0000281f        0x9 ..\mesh_common\mesh\libraries\csr_101x\libcsrmesh.a(csr_mesh_masp.o)
                0x0000281f                ___libcsrmesh_204
 .text.maspCalculateConfirmation
                0x00002828       0x4f ..\mesh_common\mesh\libraries\csr_101x\libcsrmesh.a(csr_mesh_masp.o)
 .text.maspAllocConfirmationBuffers
                0x00002877       0x26 ..\mesh_common\mesh\libraries\csr_101x\libcsrmesh.a(csr_mesh_masp.o)
 .text.___libcsrmesh_205
                0x0000289d       0x10 ..\mesh_common\mesh\libraries\csr_101x\libcsrmesh.a(csr_mesh_masp.o)
                0x0000289d                ___libcsrmesh_205
 .text.maspSendMessage
                0x000028ad       0x41 ..\mesh_common\mesh\libraries\csr_101x\libcsrmesh.a(csr_mesh_masp.o)
 .text.handleMaspMessage
                0x000028ee      0x236 ..\mesh_common\mesh\libraries\csr_101x\libcsrmesh.a(csr_mesh_masp.o)
 .text.___libcsrmesh_207
                0x00002b24       0x4d ..\mesh_common\mesh\libraries\csr_101x\libcsrmesh.a(csr_mesh_masp.o)
                0x00002b24                ___libcsrmesh_207
 .text.___libcsrmesh_199
                0x00002b71       0x3a ..\mesh_common\mesh\libraries\csr_101x\libcsrmesh.a(csr_mesh_masp.o)
                0x00002b71                ___libcsrmesh_199
 .text.maspWatchdogTimeoutHandler
                0x00002bab       0x1f ..\mesh_common\mesh\libraries\csr_101x\libcsrmesh.a(csr_mesh_masp.o)
 .text.___libcsrmesh_206
                0x00002bca       0x52 ..\mesh_common\mesh\libraries\csr_101x\libcsrmesh.a(csr_mesh_masp.o)
                0x00002bca                ___libcsrmesh_206
 .text.___libcsrmesh_215
                0x00002c1c       0x22 ..\mesh_common\mesh\libraries\csr_101x\libcsrmesh.a(csr_mesh_masp_mcp_common.o)
                0x00002c1c                ___libcsrmesh_215
 .text.___libcsrmesh_237
                0x00002c3e       0x11 ..\mesh_common\mesh\libraries\csr_101x\libcsrmesh.a(csr_mesh_mcp.o)
                0x00002c3e                ___libcsrmesh_237
 .text.___libcsrmesh_236
                0x00002c4f       0x18 ..\mesh_common\mesh\libraries\csr_101x\libcsrmesh.a(csr_mesh_mcp.o)
                0x00002c4f                ___libcsrmesh_236
 .text.___libcsrmesh_247
                0x00002c67        0x8 ..\mesh_common\mesh\libraries\csr_101x\libcsrmesh.a(csr_mesh_mcp.o)
                0x00002c67                ___libcsrmesh_247
 .text.___libcsrmesh_246
                0x00002c6f        0x3 ..\mesh_common\mesh\libraries\csr_101x\libcsrmesh.a(csr_mesh_mcp.o)
                0x00002c6f                ___libcsrmesh_246
 .text.___libcsrmesh_233
                0x00002c72        0x3 ..\mesh_common\mesh\libraries\csr_101x\libcsrmesh.a(csr_mesh_mcp.o)
                0x00002c72                ___libcsrmesh_233
 .text.___libcsrmesh_235
                0x00002c75        0x3 ..\mesh_common\mesh\libraries\csr_101x\libcsrmesh.a(csr_mesh_mcp.o)
                0x00002c75                ___libcsrmesh_235
 .text.___libcsrmesh_232
                0x00002c78       0x32 ..\mesh_common\mesh\libraries\csr_101x\libcsrmesh.a(csr_mesh_mcp.o)
                0x00002c78                ___libcsrmesh_232
 .text.___libcsrmesh_241
                0x00002caa       0x5b ..\mesh_common\mesh\libraries\csr_101x\libcsrmesh.a(csr_mesh_mcp.o)
                0x00002caa                ___libcsrmesh_241
 .text.___libcsrmesh_245
                0x00002d05       0x13 ..\mesh_common\mesh\libraries\csr_101x\libcsrmesh.a(csr_mesh_mcp.o)
                0x00002d05                ___libcsrmesh_245
 .text.___libcsrmesh_239
                0x00002d18       0xd3 ..\mesh_common\mesh\libraries\csr_101x\libcsrmesh.a(csr_mesh_mcp.o)
                0x00002d18                ___libcsrmesh_239
 .text.___libcsrmesh_234
                0x00002deb        0x4 ..\mesh_common\mesh\libraries\csr_101x\libcsrmesh.a(csr_mesh_mcp.o)
                0x00002deb                ___libcsrmesh_234
 .text.___libcsrmesh_238
                0x00002def       0x5c ..\mesh_common\mesh\libraries\csr_101x\libcsrmesh.a(csr_mesh_mcp.o)
                0x00002def                ___libcsrmesh_238
 .text.___libcsrmesh_281
                0x00002e4b        0x3 ..\mesh_common\mesh\libraries\csr_101x\libcsrmesh.a(csr_mesh_mtl.o)
                0x00002e4b                ___libcsrmesh_281
 .text.___libcsrmesh_273
                0x00002e4e        0x6 ..\mesh_common\mesh\libraries\csr_101x\libcsrmesh.a(csr_mesh_mtl.o)
                0x00002e4e                ___libcsrmesh_273
 .text.___libcsrmesh_274
                0x00002e54        0x5 ..\mesh_common\mesh\libraries\csr_101x\libcsrmesh.a(csr_mesh_mtl.o)
                0x00002e54                ___libcsrmesh_274
 .text.___libcsrmesh_278
                0x00002e59       0x3b ..\mesh_common\mesh\libraries\csr_101x\libcsrmesh.a(csr_mesh_mtl.o)
                0x00002e59                ___libcsrmesh_278
 .text.___libcsrmesh_282
                0x00002e94       0x1f ..\mesh_common\mesh\libraries\csr_101x\libcsrmesh.a(csr_mesh_mtl.o)
                0x00002e94                ___libcsrmesh_282
 .text.___libcsrmesh_283
                0x00002eb3       0x22 ..\mesh_common\mesh\libraries\csr_101x\libcsrmesh.a(csr_mesh_mtl.o)
                0x00002eb3                ___libcsrmesh_283
 .text.___libcsrmesh_272
                0x00002ed5       0x2c ..\mesh_common\mesh\libraries\csr_101x\libcsrmesh.a(csr_mesh_mtl.o)
                0x00002ed5                ___libcsrmesh_272
 .text.MtlCryptMessage
                0x00002f01       0x28 ..\mesh_common\mesh\libraries\csr_101x\libcsrmesh.a(csr_mesh_mtl.o)
 .text.___libcsrmesh_276
                0x00002f29      0x225 ..\mesh_common\mesh\libraries\csr_101x\libcsrmesh.a(csr_mesh_mtl.o)
                0x00002f29                ___libcsrmesh_276
 .text.___libcsrmesh_279
                0x0000314e       0x59 ..\mesh_common\mesh\libraries\csr_101x\libcsrmesh.a(csr_mesh_mtl.o)
                0x0000314e                ___libcsrmesh_279
 .text.___libcsrmesh_271
                0x000031a7       0x1e ..\mesh_common\mesh\libraries\csr_101x\libcsrmesh.a(csr_mesh_mtl.o)
                0x000031a7                ___libcsrmesh_271
 .text.___libcsrmesh_284
                0x000031c5       0x2d ..\mesh_common\mesh\libraries\csr_101x\libcsrmesh.a(csr_mesh_mtl.o)
                0x000031c5                ___libcsrmesh_284
 .text.___libcsrmesh_297
                0x000031f2       0x96 ..\mesh_common\mesh\libraries\csr_101x\libcsrmesh.a(csr_mesh_sha256_get_results.o)
                0x000031f2                ___libcsrmesh_297
 .text.___libcsrmesh_308
                0x00003288       0x24 ..\mesh_common\mesh\libraries\csr_101x\libcsrmesh.a(csr_mesh_sha256_hmac.o)
                0x00003288                ___libcsrmesh_308
 .text.___libcsrmesh_304
                0x000032ac       0x42 ..\mesh_common\mesh\libraries\csr_101x\libcsrmesh.a(csr_mesh_sha256_hmac.o)
                0x000032ac                ___libcsrmesh_304
 .text.___libcsrmesh_306
                0x000032ee       0x1a ..\mesh_common\mesh\libraries\csr_101x\libcsrmesh.a(csr_mesh_sha256_hmac.o)
                0x000032ee                ___libcsrmesh_306
 .text.___libcsrmesh_307
                0x00003308       0x3d ..\mesh_common\mesh\libraries\csr_101x\libcsrmesh.a(csr_mesh_sha256_hmac.o)
                0x00003308                ___libcsrmesh_307
 .text.___libcsrmesh_305
                0x00003345       0x78 ..\mesh_common\mesh\libraries\csr_101x\libcsrmesh.a(csr_mesh_sha256_hmac.o)
                0x00003345                ___libcsrmesh_305
 .text.___libcsrmesh_311
                0x000033bd       0x19 ..\mesh_common\mesh\libraries\csr_101x\libcsrmesh.a(csr_mesh_sha256_initialise.o)
                0x000033bd                ___libcsrmesh_311
 .text.sha256_process_data
                0x000033d6       0x85 ..\mesh_common\mesh\libraries\csr_101x\libcsrmesh.a(csr_mesh_sha256_process_data.o)
 .text.___libcsrmesh_317
                0x0000345b        0xc ..\mesh_common\mesh\libraries\csr_101x\libcsrmesh.a(csr_mesh_sha256_process_data.o)
                0x0000345b                ___libcsrmesh_317
 .text.___libcsrmesh_318
                0x00003467        0xa ..\mesh_common\mesh\libraries\csr_101x\libcsrmesh.a(csr_mesh_sha256_process_data.o)
                0x00003467                ___libcsrmesh_318
 .text.___libcsrmesh_337
                0x00003471        0xe ..\mesh_common\mesh\libraries\csr_101x\libcsrmesh.a(csr_mesh_bearer.o)
                0x00003471                ___libcsrmesh_337
 .text.___libcsrmesh_330
                0x0000347f       0x25 ..\mesh_common\mesh\libraries\csr_101x\libcsrmesh.a(csr_mesh_bearer.o)
                0x0000347f                ___libcsrmesh_330
 .text.___libcsrmesh_336
                0x000034a4        0xa ..\mesh_common\mesh\libraries\csr_101x\libcsrmesh.a(csr_mesh_bearer.o)
                0x000034a4                ___libcsrmesh_336
 .text.___libcsrmesh_335
                0x000034ae       0x1f ..\mesh_common\mesh\libraries\csr_101x\libcsrmesh.a(csr_mesh_bearer.o)
                0x000034ae                ___libcsrmesh_335
 .text.___libcsrmesh_331
                0x000034cd       0x35 ..\mesh_common\mesh\libraries\csr_101x\libcsrmesh.a(csr_mesh_bearer.o)
                0x000034cd                ___libcsrmesh_331
 .text.___libcsrmesh_333
                0x00003502       0x2c ..\mesh_common\mesh\libraries\csr_101x\libcsrmesh.a(csr_mesh_bearer.o)
                0x00003502                ___libcsrmesh_333
 .text.___libcsrmesh_332
                0x0000352e       0x12 ..\mesh_common\mesh\libraries\csr_101x\libcsrmesh.a(csr_mesh_bearer.o)
                0x0000352e                ___libcsrmesh_332
 .text.___libcsrmesh_334
                0x00003540       0x58 ..\mesh_common\mesh\libraries\csr_101x\libcsrmesh.a(csr_mesh_bearer.o)
                0x00003540                ___libcsrmesh_334
 .text.___libcsrmesh_353
                0x00003598       0x11 ..\mesh_common\mesh\libraries\csr_101x\libcsrmesh.a(csr_mesh_bearer_porting_util.o)
                0x00003598                ___libcsrmesh_353
 .text.___libcsrmesh_350
                0x000035a9       0x19 ..\mesh_common\mesh\libraries\csr_101x\libcsrmesh.a(csr_mesh_bearer_porting_util.o)
                0x000035a9                ___libcsrmesh_350
 .text.___libcsrmesh_352
                0x000035c2       0x1d ..\mesh_common\mesh\libraries\csr_101x\libcsrmesh.a(csr_mesh_bearer_porting_util.o)
                0x000035c2                ___libcsrmesh_352
 .text.___libcsrmesh_355
                0x000035df        0x3 ..\mesh_common\mesh\libraries\csr_101x\libcsrmesh.a(csr_mesh_bearer_porting_util.o)
                0x000035df                ___libcsrmesh_355
 .text.___libcsrmesh_354
                0x000035e2        0x3 ..\mesh_common\mesh\libraries\csr_101x\libcsrmesh.a(csr_mesh_bearer_porting_util.o)
                0x000035e2                ___libcsrmesh_354
 .text.___libcsrmesh_351
                0x000035e5       0x5f ..\mesh_common\mesh\libraries\csr_101x\libcsrmesh.a(csr_mesh_bearer_porting_util.o)
                0x000035e5                ___libcsrmesh_351
 .text.checkMessageInTransmitQueue
                0x00003644       0x3d ..\mesh_common\mesh\libraries\csr_101x\libcsrmesh.a(csr_mesh_bearer_porting_util.o)
 .text.checkSmartMeshMessageInTransmitQueue
                0x00003681       0x3d ..\mesh_common\mesh\libraries\csr_101x\libcsrmesh.a(csr_mesh_bearer_porting_util.o)
 .text.___libcsrmesh_349
                0x000036be       0x82 ..\mesh_common\mesh\libraries\csr_101x\libcsrmesh.a(csr_mesh_bearer_porting_util.o)
                0x000036be                ___libcsrmesh_349
 .text.___libcsrmesh_363
                0x00003740        0x6 ..\mesh_common\mesh\libraries\csr_101x\libcsrmesh.a(csr_mesh_hal_ifce.o)
                0x00003740                ___libcsrmesh_363
 .text.___libcsrmesh_367
                0x00003746        0x5 ..\mesh_common\mesh\libraries\csr_101x\libcsrmesh.a(csr_mesh_hal_ifce.o)
                0x00003746                ___libcsrmesh_367
 .text.___libcsrmesh_362
                0x0000374b        0xc ..\mesh_common\mesh\libraries\csr_101x\libcsrmesh.a(csr_mesh_hal_ifce.o)
                0x0000374b                ___libcsrmesh_362
 .text.___libcsrmesh_366
                0x00003757        0xb ..\mesh_common\mesh\libraries\csr_101x\libcsrmesh.a(csr_mesh_hal_ifce.o)
                0x00003757                ___libcsrmesh_366
 .text.___libcsrmesh_365
                0x00003762        0xc ..\mesh_common\mesh\libraries\csr_101x\libcsrmesh.a(csr_mesh_hal_ifce.o)
                0x00003762                ___libcsrmesh_365
 .text.___libcsrmesh_364
                0x0000376e        0x3 ..\mesh_common\mesh\libraries\csr_101x\libcsrmesh.a(csr_mesh_hal_ifce.o)
                0x0000376e                ___libcsrmesh_364
 .text.___libcsrmesh_371
                0x00003771       0x5e ..\mesh_common\mesh\libraries\csr_101x\libcsrmesh.a(csr_mesh_security_ifce_101x.o)
                0x00003771                ___libcsrmesh_371
 .text.___libcsrmesh_373
                0x000037cf       0x23 ..\mesh_common\mesh\libraries\csr_101x\libcsrmesh.a(csr_mesh_security_ifce_101x.o)
                0x000037cf                ___libcsrmesh_373
 .text.___libcsrmesh_372
                0x000037f2       0x23 ..\mesh_common\mesh\libraries\csr_101x\libcsrmesh.a(csr_mesh_security_ifce_101x.o)
                0x000037f2                ___libcsrmesh_372
 .text.CSRSchedGetScanDutyCycle
                0x00003815       0x1a ..\mesh_common\mesh\libraries\csr_101x\libcsrmesh.a(csr1010_scheduler.o)
                0x00003815                CSRSchedGetScanDutyCycle
 .text.IsCSRSchedRunning
                0x0000382f        0x5 ..\mesh_common\mesh\libraries\csr_101x\libcsrmesh.a(csr1010_scheduler.o)
                0x0000382f                IsCSRSchedRunning
 .text.CSRSchedLeAdvScanDisable
                0x00003834       0x10 ..\mesh_common\mesh\libraries\csr_101x\libcsrmesh.a(csr1010_scheduler.o)
 .text.CSRSchedConnectionIdleTimeoutHandler
                0x00003844        0xc ..\mesh_common\mesh\libraries\csr_101x\libcsrmesh.a(csr1010_scheduler.o)
 .text.CSRSchedConnUpdateTimeoutHandler
                0x00003850       0x19 ..\mesh_common\mesh\libraries\csr_101x\libcsrmesh.a(csr1010_scheduler.o)
 .text.CSRSchedLeStartScan
                0x00003869       0x3d ..\mesh_common\mesh\libraries\csr_101x\libcsrmesh.a(csr1010_scheduler.o)
 .text.CSRSchedSetScanDutyCycle
                0x000038a6       0xc3 ..\mesh_common\mesh\libraries\csr_101x\libcsrmesh.a(csr1010_scheduler.o)
                0x000038a6                CSRSchedSetScanDutyCycle
 .text.CSRSchedHandleIncomingData
                0x00003969       0x4b ..\mesh_common\mesh\libraries\csr_101x\libcsrmesh.a(csr1010_scheduler.o)
                0x00003969                CSRSchedHandleIncomingData
 .text.CSRSchedMeshLeStartAdverts
                0x000039b4       0x98 ..\mesh_common\mesh\libraries\csr_101x\libcsrmesh.a(csr1010_scheduler.o)
 .text.CSRSchedSendPriorityMsg
                0x00003a4c       0x27 ..\mesh_common\mesh\libraries\csr_101x\libcsrmesh.a(csr1010_scheduler.o)
                0x00003a4c                CSRSchedSendPriorityMsg
 .text.CSRSchedAdvertTimeoutHandler
                0x00003a73       0x62 ..\mesh_common\mesh\libraries\csr_101x\libcsrmesh.a(csr1010_scheduler.o)
 .text.CSRSchedLeStartUserAdverts
                0x00003ad5       0x72 ..\mesh_common\mesh\libraries\csr_101x\libcsrmesh.a(csr1010_scheduler.o)
 .text.CSRSchedMeshLeStartAdvertsFromQueue
                0x00003b47        0xe ..\mesh_common\mesh\libraries\csr_101x\libcsrmesh.a(csr1010_scheduler.o)
 .text.CSRSchedScanTimeoutHandler
                0x00003b55       0x13 ..\mesh_common\mesh\libraries\csr_101x\libcsrmesh.a(csr1010_scheduler.o)
 .text.CSRSchedStart
                0x00003b68       0x1f ..\mesh_common\mesh\libraries\csr_101x\libcsrmesh.a(csr1010_scheduler.o)
                0x00003b68                CSRSchedStart
 .text.CSRSchedNotifyGattEvent
                0x00003b87       0xe8 ..\mesh_common\mesh\libraries\csr_101x\libcsrmesh.a(csr1010_scheduler.o)
                0x00003b87                CSRSchedNotifyGattEvent
 .text.CSRSchedMissingRadioEventTimeoutHandler
                0x00003c6f        0xc ..\mesh_common\mesh\libraries\csr_101x\libcsrmesh.a(csr1010_scheduler.o)
 .text.CSRSchedConnectionBusyTimeoutHandler
                0x00003c7b       0x19 ..\mesh_common\mesh\libraries\csr_101x\libcsrmesh.a(csr1010_scheduler.o)
 .text.CSRSchedSendUserAdv
                0x00003c94       0x3e ..\mesh_common\mesh\libraries\csr_101x\libcsrmesh.a(csr1010_scheduler.o)
                0x00003c94                CSRSchedSendUserAdv
 .text.CSRSchedGetConfigParams
                0x00003cd2       0x41 ..\mesh_common\mesh\libraries\csr_101x\libcsrmesh.a(csr1010_scheduler.o)
                0x00003cd2                CSRSchedGetConfigParams
 .text.CSRSchedUpdateMeshParams
                0x00003d13       0x32 ..\mesh_common\mesh\libraries\csr_101x\libcsrmesh.a(csr1010_scheduler.o)
 .text.CSRSchedSetConfigParams
                0x00003d45       0x4d ..\mesh_common\mesh\libraries\csr_101x\libcsrmesh.a(csr1010_scheduler.o)
                0x00003d45                CSRSchedSetConfigParams
 .text.CsrSchedSetTxPower
                0x00003d92        0x5 ..\mesh_common\mesh\libraries\csr_101x\libcsrmesh.a(csr1010_scheduler.o)
                0x00003d92                CsrSchedSetTxPower
 .text.___libcsrmesh_414
                0x00003d97       0x45 ..\mesh_common\mesh\libraries\csr_101x\libcsrmesh.a(sig_mesh_relay.o)
                0x00003d97                ___libcsrmesh_414
 .text.BearerModelInit
                0x00003ddc       0x12 ..\mesh_common\mesh\libraries\csr_101x\libcsrmesh.a(csr_mesh_bearer_model.o)
                0x00003ddc                BearerModelInit
 .text.handleMcpBearerModelMsg
                0x00003dee       0xab ..\mesh_common\mesh\libraries\csr_101x\libcsrmesh.a(csr_mesh_bearer_model.o)
 .text.___libcsrmesh_111
                0x00003e99       0x14 ..\mesh_common\mesh\libraries\csr_101x\libcsrmesh.a(csr_mesh_config_model.o)
                0x00003e99                ___libcsrmesh_111
 .text.ConfigModelInit
                0x00003ead       0x18 ..\mesh_common\mesh\libraries\csr_101x\libcsrmesh.a(csr_mesh_config_model.o)
                0x00003ead                ConfigModelInit
 .text.configModelServerHandler
                0x00003ec5      0x3c7 ..\mesh_common\mesh\libraries\csr_101x\libcsrmesh.a(csr_mesh_config_model.o)
 .text.free_buffers
                0x0000428c        0x3 ..\mesh_common\mesh\libraries\csr_101x\libcsrmesh.a(csr_mesh_ec_math.o)
 .text.ec_math_192_double
                0x0000428f       0xb5 ..\mesh_common\mesh\libraries\csr_101x\libcsrmesh.a(csr_mesh_ec_math.o)
 .text.ec_math_192_mul
                0x00004344      0x116 ..\mesh_common\mesh\libraries\csr_101x\libcsrmesh.a(csr_mesh_ec_math.o)
 .text.___libcsrmesh_127
                0x0000445a        0xc ..\mesh_common\mesh\libraries\csr_101x\libcsrmesh.a(csr_mesh_ec_math.o)
                0x0000445a                ___libcsrmesh_127
 .text.___libcsrmesh_128
                0x00004466       0x2d ..\mesh_common\mesh\libraries\csr_101x\libcsrmesh.a(csr_mesh_ec_math.o)
                0x00004466                ___libcsrmesh_128
 .text.GroupModelInit
                0x00004493       0x12 ..\mesh_common\mesh\libraries\csr_101x\libcsrmesh.a(csr_mesh_group_model.o)
                0x00004493                GroupModelInit
 .text.groupModelServerHandler
                0x000044a5      0x114 ..\mesh_common\mesh\libraries\csr_101x\libcsrmesh.a(csr_mesh_group_model.o)
 .text.___libcsrmesh_159
                0x000045b9       0x2e ..\mesh_common\mesh\libraries\csr_101x\libcsrmesh.a(csr_mesh_large_num.o)
                0x000045b9                ___libcsrmesh_159
 .text.___libcsrmesh_157
                0x000045e7        0xc ..\mesh_common\mesh\libraries\csr_101x\libcsrmesh.a(csr_mesh_large_num.o)
                0x000045e7                ___libcsrmesh_157
 .text.___libcsrmesh_161
                0x000045f3       0x10 ..\mesh_common\mesh\libraries\csr_101x\libcsrmesh.a(csr_mesh_large_num.o)
                0x000045f3                ___libcsrmesh_161
 .text.___libcsrmesh_168
                0x00004603       0x25 ..\mesh_common\mesh\libraries\csr_101x\libcsrmesh.a(csr_mesh_large_num.o)
                0x00004603                ___libcsrmesh_168
 .text.___libcsrmesh_158
                0x00004628       0x64 ..\mesh_common\mesh\libraries\csr_101x\libcsrmesh.a(csr_mesh_large_num.o)
                0x00004628                ___libcsrmesh_158
 .text.___libcsrmesh_169
                0x0000468c       0x4f ..\mesh_common\mesh\libraries\csr_101x\libcsrmesh.a(csr_mesh_large_num.o)
                0x0000468c                ___libcsrmesh_169
 .text.___libcsrmesh_165
                0x000046db       0x18 ..\mesh_common\mesh\libraries\csr_101x\libcsrmesh.a(csr_mesh_large_num.o)
                0x000046db                ___libcsrmesh_165
 .text.___libcsrmesh_167
                0x000046f3       0x3b ..\mesh_common\mesh\libraries\csr_101x\libcsrmesh.a(csr_mesh_large_num.o)
                0x000046f3                ___libcsrmesh_167
 .text.___libcsrmesh_166
                0x0000472e       0x35 ..\mesh_common\mesh\libraries\csr_101x\libcsrmesh.a(csr_mesh_large_num.o)
                0x0000472e                ___libcsrmesh_166
 .text.___libcsrmesh_160
                0x00004763        0x8 ..\mesh_common\mesh\libraries\csr_101x\libcsrmesh.a(csr_mesh_large_num.o)
                0x00004763                ___libcsrmesh_160
 .text.___libcsrmesh_171
                0x0000476b       0xb6 ..\mesh_common\mesh\libraries\csr_101x\libcsrmesh.a(csr_mesh_large_num.o)
                0x0000476b                ___libcsrmesh_171
 .text.___libcsrmesh_155
                0x00004821        0x2 ..\mesh_common\mesh\libraries\csr_101x\libcsrmesh.a(csr_mesh_large_num.o)
                0x00004821                ___libcsrmesh_155
 .text.___libcsrmesh_156
                0x00004823        0x2 ..\mesh_common\mesh\libraries\csr_101x\libcsrmesh.a(csr_mesh_large_num.o)
                0x00004823                ___libcsrmesh_156
 .text.___libcsrmesh_170
                0x00004825       0xac ..\mesh_common\mesh\libraries\csr_101x\libcsrmesh.a(csr_mesh_large_num.o)
                0x00004825                ___libcsrmesh_170
 .text.___libcsrmesh_163
                0x000048d1       0x14 ..\mesh_common\mesh\libraries\csr_101x\libcsrmesh.a(csr_mesh_large_num.o)
                0x000048d1                ___libcsrmesh_163
 .text.___libcsrmesh_164
                0x000048e5        0x5 ..\mesh_common\mesh\libraries\csr_101x\libcsrmesh.a(csr_mesh_large_num.o)
                0x000048e5                ___libcsrmesh_164
 .text.___libcsrmesh_162
                0x000048ea       0x21 ..\mesh_common\mesh\libraries\csr_101x\libcsrmesh.a(csr_mesh_large_num.o)
                0x000048ea                ___libcsrmesh_162
 .text.___libcsrmesh_286
                0x0000490b       0x44 ..\mesh_common\mesh\libraries\csr_101x\libcsrmesh.a(csr_mesh_sha_add_to_cache.o)
                0x0000490b                ___libcsrmesh_286
 .text.sha256_calc_ith_hash_val
                0x0000494f      0x1b8 ..\mesh_common\mesh\libraries\csr_101x\libcsrmesh.a(csr_mesh_sha256_calc_ith_hash_val.o)
 .text.___libcsrmesh_292
                0x00004b07       0x15 ..\mesh_common\mesh\libraries\csr_101x\libcsrmesh.a(csr_mesh_sha256_calc_ith_hash_val.o)
                0x00004b07                ___libcsrmesh_292
 .text.___libcsrmesh_293
                0x00004b1c       0x37 ..\mesh_common\mesh\libraries\csr_101x\libcsrmesh.a(csr_mesh_sha256_calc_ith_hash_val.o)
                0x00004b1c                ___libcsrmesh_293
 .text.___libcsrmesh_294
                0x00004b53        0xb ..\mesh_common\mesh\libraries\csr_101x\libcsrmesh.a(csr_mesh_sha256_calc_ith_hash_val.o)
                0x00004b53                ___libcsrmesh_294
 .text.DataModelInit
                0x00004b5e       0x15 ..\mesh_common\mesh\libraries\csr_101x\libdata_server.a(data_model.o)
                0x00004b5e                DataModelInit
 .text.dataModelServerHandler
                0x00004b73       0xc1 ..\mesh_common\mesh\libraries\csr_101x\libdata_server.a(data_model.o)
 .text.dataModelClientHandler
                0x00004c34       0x39 ..\mesh_common\mesh\libraries\csr_101x\libdata_client.a(data_client.o)
 .text.DataBlockSend
                0x00004c6d       0x29 ..\mesh_common\mesh\libraries\csr_101x\libdata_client.a(data_client.o)
                0x00004c6d                DataBlockSend
 .text.DataStreamSend
                0x00004c96       0x35 ..\mesh_common\mesh\libraries\csr_101x\libdata_client.a(data_client.o)
                0x00004c96                DataStreamSend
 .text.DataStreamFlush
                0x00004ccb       0x1e ..\mesh_common\mesh\libraries\csr_101x\libdata_client.a(data_client.o)
                0x00004ccb                DataStreamFlush
 .text.DataModelClientInit
                0x00004ce9        0xd ..\mesh_common\mesh\libraries\csr_101x\libdata_client.a(data_client.o)
                0x00004ce9                DataModelClientInit
 .text.LsReadRssi
                0x00004cf6        0xe D:\CSR_uEnergy_SDK-2.6.1.7\tools\lib\CSR101x_A05\libgatt_lib_ram.a(patch_ls_app_if.o)
                0x00004cf6                LsReadRssi
 .text.___libgatt_lib_db_4554
                0x00004d04        0x6 D:\CSR_uEnergy_SDK-2.6.1.7\tools\lib\CSR101x_A05\libgatt_lib_ram.a(patch_ls_app_if.o)
                0x00004d04                ___libgatt_lib_db_4554
 .text.patch_process_hci_event
                0x00004d0a       0x2f D:\CSR_uEnergy_SDK-2.6.1.7\tools\lib\CSR101x_A05\libgatt_lib_ram.a(patch_ls_app_if.o)
 .text.LsRadioEventNotification
                0x00004d39        0x9 D:\CSR_uEnergy_SDK-2.6.1.7\tools\lib\CSR101x_A05\libgatt_lib_ram.a(patch_ls_app_if.o)
                0x00004d39                LsRadioEventNotification
 .text.LsSetTransmitPowerLevel
                0x00004d42        0x9 D:\CSR_uEnergy_SDK-2.6.1.7\tools\lib\CSR101x_A05\libgatt_lib_ram.a(ls_app_if_ram.o)
                0x00004d42                LsSetTransmitPowerLevel
 .text.LsReadTransmitPowerLevel
                0x00004d4b        0x8 D:\CSR_uEnergy_SDK-2.6.1.7\tools\lib\CSR101x_A05\libgatt_lib_ram.a(ls_app_if_ram.o)
                0x00004d4b                LsReadTransmitPowerLevel
 .text.___libgatt_lib_db_4564
                0x00004d53        0xe D:\CSR_uEnergy_SDK-2.6.1.7\tools\lib\CSR101x_A05\libgatt_lib_ram.a(patch_ls_advertising_if.o)
                0x00004d53                ___libgatt_lib_db_4564
 .text.ls_advscan_set_payload_data
                0x00004d61       0x46 D:\CSR_uEnergy_SDK-2.6.1.7\tools\lib\CSR101x_A05\libgatt_lib_ram.a(patch_ls_advertising_if.o)
 .text.___libgatt_lib_db_4565
                0x00004da7        0xb D:\CSR_uEnergy_SDK-2.6.1.7\tools\lib\CSR101x_A05\libgatt_lib_ram.a(patch_ls_advertising_if.o)
                0x00004da7                ___libgatt_lib_db_4565
 .text.LsStoreAdvDataNoAdFlags
                0x00004db2       0x2c D:\CSR_uEnergy_SDK-2.6.1.7\tools\lib\CSR101x_A05\libgatt_lib_ram.a(patch_ls_advertising_if.o)
                0x00004db2                LsStoreAdvDataNoAdFlags
 .text.LsStoreAdvScanData
                0x00004dde        0xf D:\CSR_uEnergy_SDK-2.6.1.7\tools\lib\CSR101x_A05\libgatt_lib_ram.a(patch_ls_advertising_if.o)
                0x00004dde                LsStoreAdvScanData
 .text.LsStartStopAdvertise
                0x00004ded        0xc D:\CSR_uEnergy_SDK-2.6.1.7\tools\lib\CSR101x_A05\libgatt_lib_ram.a(patch_ls_advertising_if.o)
                0x00004ded                LsStartStopAdvertise
 .text.___libgatt_lib_db_4574
                0x00004df9       0x1e D:\CSR_uEnergy_SDK-2.6.1.7\tools\lib\CSR101x_A05\libgatt_lib_ram.a(patch_l2cap.o)
                0x00004df9                ___libgatt_lib_db_4574
 .text.___libgatt_lib_db_4573
                0x00004e17        0xc D:\CSR_uEnergy_SDK-2.6.1.7\tools\lib\CSR101x_A05\libgatt_lib_ram.a(patch_l2cap.o)
                0x00004e17                ___libgatt_lib_db_4573
 .text.GattInit
                0x00004e23       0x1f D:\CSR_uEnergy_SDK-2.6.1.7\tools\lib\CSR101x_A05\libgatt_lib_ram.a(gatt_ram.o)
                0x00004e23                GattInit
 .text.GattCancelConnectReq
                0x00004e42        0x6 D:\CSR_uEnergy_SDK-2.6.1.7\tools\lib\CSR101x_A05\libgatt_lib_ram.a(patch_gatt.o)
                0x00004e42                GattCancelConnectReq
 .text.___libgatt_lib_db_4610
                0x00004e48        0x8 D:\CSR_uEnergy_SDK-2.6.1.7\tools\lib\CSR101x_A05\libgatt_lib_ram.a(patch_george.o)
                0x00004e48                ___libgatt_lib_db_4610
 .text.___libgatt_lib_db_4617
                0x00004e50       0x1b D:\CSR_uEnergy_SDK-2.6.1.7\tools\lib\CSR101x_A05\libgatt_lib_ram.a(patch_george.o)
                0x00004e50                ___libgatt_lib_db_4617
 .text.___libgatt_lib_db_4614
                0x00004e6b       0x2d D:\CSR_uEnergy_SDK-2.6.1.7\tools\lib\CSR101x_A05\libgatt_lib_ram.a(patch_george.o)
                0x00004e6b                ___libgatt_lib_db_4614
 .text.___libgatt_lib_db_4616
                0x00004e98       0xde D:\CSR_uEnergy_SDK-2.6.1.7\tools\lib\CSR101x_A05\libgatt_lib_ram.a(patch_george.o)
                0x00004e98                ___libgatt_lib_db_4616
 .text.rx_timing_report
                0x00004f76       0xb1 D:\CSR_uEnergy_SDK-2.6.1.7\tools\lib\CSR101x_A05\libgatt_lib_ram.a(patch_george.o)
 .text.ram_le_handle_event
                0x00005027       0xeb D:\CSR_uEnergy_SDK-2.6.1.7\tools\lib\CSR101x_A05\libgatt_lib_ram.a(patch_george.o)
 .text.ram_btle_event_common
                0x00005112       0x6d D:\CSR_uEnergy_SDK-2.6.1.7\tools\lib\CSR101x_A05\libgatt_lib_ram.a(patch_george.o)
 .text.___libgatt_lib_db_4550
                0x0000517f        0x6 D:\CSR_uEnergy_SDK-2.6.1.7\tools\lib\CSR101x_A05\libgatt_lib_ram.a(patch_george.o)
                0x0000517f                ___libgatt_lib_db_4550
 .text.___libgatt_lib_db_4549
                0x00005185        0x6 D:\CSR_uEnergy_SDK-2.6.1.7\tools\lib\CSR101x_A05\libgatt_lib_ram.a(patch_george.o)
                0x00005185                ___libgatt_lib_db_4549
 .text.___libgatt_lib_db_4611
                0x0000518b      0x17f D:\CSR_uEnergy_SDK-2.6.1.7\tools\lib\CSR101x_A05\libgatt_lib_ram.a(patch_george.o)
                0x0000518b                ___libgatt_lib_db_4611
 .text.___libgatt_lib_db_4544
                0x0000530a       0x26 D:\CSR_uEnergy_SDK-2.6.1.7\tools\lib\CSR101x_A05\libgatt_lib_ram.a(patch_george.o)
                0x0000530a                ___libgatt_lib_db_4544
 .text.___libgatt_lib_db_4618
                0x00005330      0x112 D:\CSR_uEnergy_SDK-2.6.1.7\tools\lib\CSR101x_A05\libgatt_lib_ram.a(patch_george.o)
                0x00005330                ___libgatt_lib_db_4618
 .text.___libgatt_lib_db_4629
                0x00005442        0xc D:\CSR_uEnergy_SDK-2.6.1.7\tools\lib\CSR101x_A05\libgatt_lib_ram.a(patch_george_ll.o)
                0x00005442                ___libgatt_lib_db_4629
 .text.___libgatt_lib_db_4628
                0x0000544e        0xf D:\CSR_uEnergy_SDK-2.6.1.7\tools\lib\CSR101x_A05\libgatt_lib_ram.a(patch_george_ll.o)
                0x0000544e                ___libgatt_lib_db_4628
 .text.___libgatt_lib_db_4630
                0x0000545d      0x115 D:\CSR_uEnergy_SDK-2.6.1.7\tools\lib\CSR101x_A05\libgatt_lib_ram.a(patch_george_ll.o)
                0x0000545d                ___libgatt_lib_db_4630
 .text.___libgatt_lib_db_4645
                0x00005572       0x27 D:\CSR_uEnergy_SDK-2.6.1.7\tools\lib\CSR101x_A05\libgatt_lib_ram.a(patch_dbase.o)
                0x00005572                ___libgatt_lib_db_4645
 .text.___libgatt_lib_db_4639
                0x00005599       0x1f D:\CSR_uEnergy_SDK-2.6.1.7\tools\lib\CSR101x_A05\libgatt_lib_ram.a(patch_dbase.o)
                0x00005599                ___libgatt_lib_db_4639
 .text.dbase_safe_access_check_curr
                0x000055b8        0x3 D:\CSR_uEnergy_SDK-2.6.1.7\tools\lib\CSR101x_A05\libgatt_lib_ram.a(patch_dbase.o)
 .text.___libgatt_lib_db_4644
                0x000055bb       0x10 D:\CSR_uEnergy_SDK-2.6.1.7\tools\lib\CSR101x_A05\libgatt_lib_ram.a(patch_dbase.o)
                0x000055bb                ___libgatt_lib_db_4644
 .text.___libgatt_lib_db_4642
                0x000055cb       0x10 D:\CSR_uEnergy_SDK-2.6.1.7\tools\lib\CSR101x_A05\libgatt_lib_ram.a(patch_dbase.o)
                0x000055cb                ___libgatt_lib_db_4642
 .text.___libgatt_lib_db_4641
                0x000055db        0xe D:\CSR_uEnergy_SDK-2.6.1.7\tools\lib\CSR101x_A05\libgatt_lib_ram.a(patch_dbase.o)
                0x000055db                ___libgatt_lib_db_4641
 .text.___libgatt_lib_db_4640
                0x000055e9        0x7 D:\CSR_uEnergy_SDK-2.6.1.7\tools\lib\CSR101x_A05\libgatt_lib_ram.a(patch_dbase.o)
                0x000055e9                ___libgatt_lib_db_4640
 .text.___libgatt_lib_db_4654
                0x000055f0        0xc D:\CSR_uEnergy_SDK-2.6.1.7\tools\lib\CSR101x_A05\libgatt_lib_ram.a(hal_debugbus_state.o)
                0x000055f0                ___libgatt_lib_db_4654
 .text.___libgatt_lib_db_4653
                0x000055fc        0xc D:\CSR_uEnergy_SDK-2.6.1.7\tools\lib\CSR101x_A05\libgatt_lib_ram.a(hal_debugbus_state.o)
                0x000055fc                ___libgatt_lib_db_4653
 .text.___libgatt_lib_db_4659
                0x00005608        0x5 D:\CSR_uEnergy_SDK-2.6.1.7\tools\lib\CSR101x_A05\libgatt_lib_ram.a(patch_halradiotrim.o)
                0x00005608                ___libgatt_lib_db_4659
 .text.___libgatt_lib_db_4206
                0x0000560d       0x1d D:\CSR_uEnergy_SDK-2.6.1.7\tools\lib\CSR101x_A05\libgatt_lib_ram.a(patch_halradiotrim.o)
                0x0000560d                ___libgatt_lib_db_4206
 .text.___libgatt_lib_db_4208
                0x0000562a       0x11 D:\CSR_uEnergy_SDK-2.6.1.7\tools\lib\CSR101x_A05\libgatt_lib_ram.a(patch_halradiotrim.o)
                0x0000562a                ___libgatt_lib_db_4208
 .text.___libgatt_lib_db_4209
                0x0000563b       0x4f D:\CSR_uEnergy_SDK-2.6.1.7\tools\lib\CSR101x_A05\libgatt_lib_ram.a(patch_halradiotrim.o)
                0x0000563b                ___libgatt_lib_db_4209
 .text.RAM_set_tx_power_parameters
                0x0000568a       0x5a D:\CSR_uEnergy_SDK-2.6.1.7\tools\lib\CSR101x_A05\libgatt_lib_ram.a(patch_halradiotrim.o)
 .text.___libgatt_lib_db_4660
                0x000056e4        0xf D:\CSR_uEnergy_SDK-2.6.1.7\tools\lib\CSR101x_A05\libgatt_lib_ram.a(patch_halradiotrim.o)
                0x000056e4                ___libgatt_lib_db_4660
 .text.___libgatt_lib_db_4658
                0x000056f3        0xa D:\CSR_uEnergy_SDK-2.6.1.7\tools\lib\CSR101x_A05\libgatt_lib_ram.a(patch_halradiotrim.o)
                0x000056f3                ___libgatt_lib_db_4658
 .text.___libgatt_lib_db_4205
                0x000056fd        0x9 D:\CSR_uEnergy_SDK-2.6.1.7\tools\lib\CSR101x_A05\libgatt_lib_ram.a(patch_halradiotrim.o)
                0x000056fd                ___libgatt_lib_db_4205
 .text.patched_uart_do_tx
                0x00005706       0x1d D:\CSR_uEnergy_SDK-2.6.1.7\tools\lib\CSR101x_A05\libgatt_lib_ram.a(patch_uart.o)
 .text.stop_sb_timer
                0x00005723        0xd D:\CSR_uEnergy_SDK-2.6.1.7\tools\lib\CSR101x_A05\libgatt_lib_ram.a(patch_uart.o)
 .text.patched_uart_out_event
                0x00005730        0x9 D:\CSR_uEnergy_SDK-2.6.1.7\tools\lib\CSR101x_A05\libgatt_lib_ram.a(patch_uart.o)
 .text.sb_timeout
                0x00005739       0x12 D:\CSR_uEnergy_SDK-2.6.1.7\tools\lib\CSR101x_A05\libgatt_lib_ram.a(patch_uart.o)
 .text.UartWrite
                0x0000574b       0x4b D:\CSR_uEnergy_SDK-2.6.1.7\tools\lib\CSR101x_A05\libgatt_lib_ram.a(patch_uart.o)
                0x0000574b                UartWrite
 .text.UartConfig
                0x00005796       0x33 D:\CSR_uEnergy_SDK-2.6.1.7\tools\lib\CSR101x_A05\libgatt_lib_ram.a(patch_uart.o)
                0x00005796                UartConfig
 .text.UartInit
                0x000057c9       0x18 D:\CSR_uEnergy_SDK-2.6.1.7\tools\lib\CSR101x_A05\libgatt_lib_ram.a(patch_uart.o)
                0x000057c9                UartInit
 .text.___libgatt_lib_db_4668
                0x000057e1       0x24 D:\CSR_uEnergy_SDK-2.6.1.7\tools\lib\CSR101x_A05\libgatt_lib_ram.a(patch_timer.o)
                0x000057e1                ___libgatt_lib_db_4668
 .text.SMEncryptRawAes
                0x00005805        0x3 D:\CSR_uEnergy_SDK-2.6.1.7\tools\lib\CSR101x_A05\libgatt_lib_ram.a(patch_crypt.o)
                0x00005805                SMEncryptRawAes
 .text.ram_app_init
                0x00005808       0x31 D:\CSR_uEnergy_SDK-2.6.1.7\tools\lib\CSR101x_A05\libgatt_lib_ram.a(main_ram.o)
                0x00005808                ram_app_init
 .text.___libgatt_lib_db_4364
                0x00005839        0x8 D:\CSR_uEnergy_SDK-2.6.1.7\tools\lib\CSR101x_A05\libgatt_lib_ram.a(hw_patch_install.o)
                0x00005839                ___libgatt_lib_db_4364
 .text.PioConfigPWM
                0x00005841       0x2b D:\CSR_uEnergy_SDK-2.6.1.7\tools\lib\CSR101x_A05\libgatt_lib_ram.a(robs_pio_ram.o)
                0x00005841                PioConfigPWM
 .text.PioSetMode
                0x0000586c        0xb D:\CSR_uEnergy_SDK-2.6.1.7\tools\lib\CSR101x_A05\libgatt_lib_ram.a(robs_pio_ram.o)
                0x0000586c                PioSetMode
 .text.IdGetLlVerBtle
                0x00005877        0x3 D:\CSR_uEnergy_SDK-2.6.1.7\tools\lib\CSR101x_A05\libgatt_lib_ram.a(id_ram.o)
                0x00005877                IdGetLlVerBtle
 .text.___libgatt_lib_db_4214
                0x0000587a      0x15e D:\CSR_uEnergy_SDK-2.6.1.7\tools\lib\CSR101x_A05\libgatt_lib_ram.a(patch_thermometer.o)
                0x0000587a                ___libgatt_lib_db_4214
 .text.___libgatt_lib_db_4569
                0x000059d8       0x10 D:\CSR_uEnergy_SDK-2.6.1.7\tools\lib\CSR101x_A05\libgatt_lib_ram.a(patch_ls_l2cap_if.o)
                0x000059d8                ___libgatt_lib_db_4569
 .text.___libgatt_lib_db_4570
                0x000059e8       0x12 D:\CSR_uEnergy_SDK-2.6.1.7\tools\lib\CSR101x_A05\libgatt_lib_ram.a(patch_ls_l2cap_if.o)
                0x000059e8                ___libgatt_lib_db_4570
 .text.___libgatt_lib_db_4577
                0x000059fa        0xe D:\CSR_uEnergy_SDK-2.6.1.7\tools\lib\CSR101x_A05\libgatt_lib_ram.a(patch_att_install.o)
                0x000059fa                ___libgatt_lib_db_4577
 .text.patch_att_handle_execute_write_req
                0x00005a08       0xef D:\CSR_uEnergy_SDK-2.6.1.7\tools\lib\CSR101x_A05\libgatt_lib_ram.a(patch_att_install.o)
 .text.patch_att_handle_read_multi_req
                0x00005af7       0xb1 D:\CSR_uEnergy_SDK-2.6.1.7\tools\lib\CSR101x_A05\libgatt_lib_ram.a(patch_att_install.o)
 .text.___libgatt_lib_db_4579
                0x00005ba8       0x30 D:\CSR_uEnergy_SDK-2.6.1.7\tools\lib\CSR101x_A05\libgatt_lib_ram.a(patch_att.o)
                0x00005ba8                ___libgatt_lib_db_4579
 .text.___libgatt_lib_db_4635
                0x00005bd8       0x55 D:\CSR_uEnergy_SDK-2.6.1.7\tools\lib\CSR101x_A05\libgatt_lib_ram.a(patch_george_adv.o)
                0x00005bd8                ___libgatt_lib_db_4635
 .text.___libgatt_lib_db_4636
                0x00005c2d       0x1a D:\CSR_uEnergy_SDK-2.6.1.7\tools\lib\CSR101x_A05\libgatt_lib_ram.a(patch_george_adv.o)
                0x00005c2d                ___libgatt_lib_db_4636
 .text.___libgatt_lib_db_4666
                0x00005c47       0x50 D:\CSR_uEnergy_SDK-2.6.1.7\tools\lib\CSR101x_A05\libgatt_lib_ram.a(patch_halradio.o)
                0x00005c47                ___libgatt_lib_db_4666
 .text.___libgatt_lib_db_4671
                0x00005c97       0x25 D:\CSR_uEnergy_SDK-2.6.1.7\tools\lib\CSR101x_A05\libgatt_lib_ram.a(patch_sleep.o)
                0x00005c97                ___libgatt_lib_db_4671
 .text.___libgatt_lib_db_4207
                0x00005cbc        0xd D:\CSR_uEnergy_SDK-2.6.1.7\tools\lib\CSR101x_A05\libgatt_lib_ram.a(patch_reset.o)
                0x00005cbc                ___libgatt_lib_db_4207
 .text.___libgatt_lib_db_4673
                0x00005cc9       0x69 D:\CSR_uEnergy_SDK-2.6.1.7\tools\lib\CSR101x_A05\libgatt_lib_ram.a(patch_pools.o)
                0x00005cc9                ___libgatt_lib_db_4673
 .text.___libgatt_lib_db_4676
                0x00005d32        0xe D:\CSR_uEnergy_SDK-2.6.1.7\tools\lib\CSR101x_A05\libgatt_lib_ram.a(patch_background_loop.o)
                0x00005d32                ___libgatt_lib_db_4676
 .text.___libgatt_lib_db_4678
                0x00005d40        0x5 D:\CSR_uEnergy_SDK-2.6.1.7\tools\lib\CSR101x_A05\libgatt_lib_ram.a(patch_fault.o)
                0x00005d40                ___libgatt_lib_db_4678
 .text.___libgatt_lib_db_4697
                0x00005d45       0x3b D:\CSR_uEnergy_SDK-2.6.1.7\tools\lib\CSR101x_A05\libgatt_lib_ram.a(patch_pmu.o)
                0x00005d45                ___libgatt_lib_db_4697
 .text.___libgatt_lib_db_4696
                0x00005d80       0x19 D:\CSR_uEnergy_SDK-2.6.1.7\tools\lib\CSR101x_A05\libgatt_lib_ram.a(patch_pmu.o)
                0x00005d80                ___libgatt_lib_db_4696
 .text.___libgatt_lib_db_4694
                0x00005d99       0x1e D:\CSR_uEnergy_SDK-2.6.1.7\tools\lib\CSR101x_A05\libgatt_lib_ram.a(patch_pmu.o)
                0x00005d99                ___libgatt_lib_db_4694
 .text.___libgatt_lib_db_4695
                0x00005db7       0x2e D:\CSR_uEnergy_SDK-2.6.1.7\tools\lib\CSR101x_A05\libgatt_lib_ram.a(patch_pmu.o)
                0x00005db7                ___libgatt_lib_db_4695
 .text.___libgatt_lib_db_4709
                0x00005de5       0x86 D:\CSR_uEnergy_SDK-2.6.1.7\tools\lib\CSR101x_A05\libgatt_lib_ram.a(patch_updates.o)
                0x00005de5                ___libgatt_lib_db_4709
 .text.___libgatt_lib_db_4711
                0x00005e6b       0x27 D:\CSR_uEnergy_SDK-2.6.1.7\tools\lib\CSR101x_A05\libgatt_lib_ram.a(patch_adc.o)
                0x00005e6b                ___libgatt_lib_db_4711
 *(.apptext)
 *(.apptext.*)
 *xap2crte.o(.text)
 *xap2crte.o(.text.*)
                0x00005e92                PROG_APPCODE_END = .
                0x00007e92                DATA_CONST_START = (DATA_RAM_START + .)
                0x00007e92                . = DATA_CONST_START

.const
 *(CONST)
 *(CONST.*)
                0x00007e92                DATA_CONST_END = .
                0x00007e92                DATA_RODATA_START = .
                0x00007e93                . = (. + 0x1)

.rodata         0x00007e93      0x20a
 *(.rodata)
 .rodata        0x00007e93        0x2 depend_Release_CSR101x_A05\advertisement_handler.o
 *(.rodata.*)
 .rodata.ConnectionParamUpdateEvent
                0x00007e95        0x5 depend_Release_CSR101x_A05\conn_param_update.o
 .rodata.csr_mesh_pskey_offset_table
                0x00007e9a       0x1a depend_Release_CSR101x_A05\csr_mesh_ps_ifce.o
 .rodata.appHandleConnMgrProcEvent
                0x00007eb4       0x1b depend_Release_CSR101x_A05\connection_handler.o
 .rodata.C.2..3504.
                0x00007ecf        0x3 depend_Release_CSR101x_A05\advertisement_handler.o
 .rodata.str2.2
                0x00007ed2        0xb depend_Release_CSR101x_A05\gap_service.o
 .rodata.g_service_handler
                0x00007edd        0x1 depend_Release_CSR101x_A05\gap_service.o
 .rodata.g_server_handler
                0x00007ede        0x1 depend_Release_CSR101x_A05\gatt_service.o
 .rodata.handleAccessWrite
                0x00007edf        0x7 depend_Release_CSR101x_A05\mesh_control_service.o
 .rodata.g_mesh_server_handlers
                0x00007ee6        0x1 depend_Release_CSR101x_A05\mesh_control_service.o
 .rodata.chp_t1msec_adr
                0x00007ee7        0x5 depend_Release_CSR101x_A05\time_uart.o
                0x00007ee7                chp_t1msec_adr
 .rodata.chp_t4msec_adr
                0x00007eec        0x3 depend_Release_CSR101x_A05\time_uart.o
                0x00007eec                chp_t4msec_adr
 .rodata.chp_t100msec_adr
                0x00007eef        0x8 depend_Release_CSR101x_A05\time_uart.o
                0x00007eef                chp_t100msec_adr
 .rodata.chp_t1sec_adr
                0x00007ef7        0x8 depend_Release_CSR101x_A05\time_uart.o
                0x00007ef7                chp_t1sec_adr
 .rodata.str2.2
                0x00007eff        0x6 ..\mesh_common\mesh\libraries\csr_101x\libcsrmesh.a(csr_mesh_ec_alloc.o)
 .rodata.handleMaspMessage
                0x00007f05       0x17 ..\mesh_common\mesh\libraries\csr_101x\libcsrmesh.a(csr_mesh_masp.o)
 .rodata.str2.2
                0x00007f1c       0x14 ..\mesh_common\mesh\libraries\csr_101x\libcsrmesh.a(csr_mesh_masp.o)
 .rodata.masp_msg_len
                0x00007f30       0x19 ..\mesh_common\mesh\libraries\csr_101x\libcsrmesh.a(csr_mesh_masp.o)
 .rodata.masp_enc_key
                0x00007f49       0x1f ..\mesh_common\mesh\libraries\csr_101x\libcsrmesh.a(csr_mesh_mtl.o)
 .rodata.masp_nw_iv
                0x00007f68        0x8 ..\mesh_common\mesh\libraries\csr_101x\libcsrmesh.a(csr_mesh_mtl.o)
 .rodata.masp_nw_key
                0x00007f70       0x10 ..\mesh_common\mesh\libraries\csr_101x\libcsrmesh.a(csr_mesh_mtl.o)
 .rodata.str2.2
                0x00007f80        0xd ..\mesh_common\mesh\libraries\csr_101x\libcsrmesh.a(csr_mesh_sha256_hmac.o)
 .rodata.sha256_init_table
                0x00007f8d       0x10 ..\mesh_common\mesh\libraries\csr_101x\libcsrmesh.a(csr_mesh_sha256_initialise.o)
 .rodata.csr_mesh_ad_data
                0x00007f9d        0x3 ..\mesh_common\mesh\libraries\csr_101x\libcsrmesh.a(csr1010_scheduler.o)
 .rodata.sm_ad_data
                0x00007fa0        0x1 ..\mesh_common\mesh\libraries\csr_101x\libcsrmesh.a(csr1010_scheduler.o)
 .rodata.configModelServerHandler
                0x00007fa1       0x1a ..\mesh_common\mesh\libraries\csr_101x\libcsrmesh.a(csr_mesh_config_model.o)
 .rodata.P192_curve_generator_x
                0x00007fbb        0xd ..\mesh_common\mesh\libraries\csr_101x\libcsrmesh.a(csr_mesh_ec_math.o)
 .rodata.P192_curve_generator_y
                0x00007fc8        0xd ..\mesh_common\mesh\libraries\csr_101x\libcsrmesh.a(csr_mesh_ec_math.o)
 .rodata.sha256_consts
                0x00007fd5       0x80 ..\mesh_common\mesh\libraries\csr_101x\libcsrmesh.a(csr_mesh_sha256_calc_ith_hash_val.o)
 .rodata.tx_power_table
                0x00008055       0x28 D:\CSR_uEnergy_SDK-2.6.1.7\tools\lib\CSR101x_A05\libgatt_lib_ram.a(patch_halradiotrim.o)
                0x00008055                ___libgatt_lib_db_4665
 .rodata.ram_build_identifier_integer
                0x0000807d        0x1 D:\CSR_uEnergy_SDK-2.6.1.7\tools\lib\CSR101x_A05\libgatt_lib_ram.a(id_ram.o)
                0x0000807d                ram_build_identifier_integer
 .rodata.ram_build_identifier_string
                0x0000807e       0x16 D:\CSR_uEnergy_SDK-2.6.1.7\tools\lib\CSR101x_A05\libgatt_lib_ram.a(id_ram.o)
                0x0000807e                ram_build_identifier_string
 .rodata.slut_extended
                0x00008094        0x9 D:\CSR_uEnergy_SDK-2.6.1.7\tools\lib\CSR101x_A05\libgatt_lib_ram.a(slut.o)
                0x00008094                ___libgatt_lib_db_4713
                0x0000809d                DATA_RODATA_END = .

.bss            0x0000809e      0xb80
                0x0000809e                DATA_BSS_APP_START = .
 *(.bss)
 .bss           0x0000809e        0x3 D:\CSR_uEnergy_SDK-2.6.1.7\tools\lib\CSR101x_A05\libgatt_lib_ram.a(patch_sm.o)
                0x0000809e                sm_security_started
 .bss           0x000080a1        0x1 D:\CSR_uEnergy_SDK-2.6.1.7\tools\lib\CSR101x_A05\libgatt_lib_ram.a(patch_sm_l2cap.o)
 *(.bss.*)
 .bss.local_data
                0x000080a2       0x13 depend_Release_CSR101x_A05\conn_param_update.o
 .bss.g_nvm_fresh
                0x000080b5        0x1 depend_Release_CSR101x_A05\nvm_access.o
 .bss.g_cm_main_data
                0x000080b6        0x4 depend_Release_CSR101x_A05\cm_private.o
 .bss.g_security_data
                0x000080ba        0x3 depend_Release_CSR101x_A05\cm_security.o
 .bss.g_server_data
                0x000080bd        0x3 depend_Release_CSR101x_A05\cm_server.o
 .bss.g_cm_observer_data
                0x000080c0        0xd depend_Release_CSR101x_A05\cm_observer.o
 .bss.g_cm_peripheral_data
                0x000080cd       0x4e depend_Release_CSR101x_A05\cm_peripheral.o
 .bss.assoc_attn_tid
                0x0000811b        0x1 depend_Release_CSR101x_A05\core_mesh_handler.o
 .bss.dev_id_advert_tid
                0x0000811c        0x1 depend_Release_CSR101x_A05\core_mesh_handler.o
 .bss.p_mesh_hdlr_data
                0x0000811d        0x1 depend_Release_CSR101x_A05\core_mesh_handler.o
 .bss.stream_send_retry_tid
                0x0000811e        0x1 depend_Release_CSR101x_A05\data_model_handler.o
 .bss.tx_stream_offset
                0x0000811f        0x1 depend_Release_CSR101x_A05\data_model_handler.o
 .bss.stream_send_retry_count
                0x00008120        0x1 depend_Release_CSR101x_A05\data_model_handler.o
 .bss.rx_stream_offset
                0x00008121        0x1 depend_Release_CSR101x_A05\data_model_handler.o
 .bss.rx_stream_in_progress
                0x00008122        0x1 depend_Release_CSR101x_A05\data_model_handler.o
 .bss.Tx_Data_Buffer_len
                0x00008123        0x1 depend_Release_CSR101x_A05\data_model_handler.o
 .bss.block_send_retry_tid
                0x00008124        0x1 depend_Release_CSR101x_A05\data_model_handler.o
 .bss.Block_Send_Num
                0x00008125        0x1 depend_Release_CSR101x_A05\data_model_handler.o
 .bss.Block_Send_Mod
                0x00008126        0x1 depend_Release_CSR101x_A05\data_model_handler.o
 .bss.device_info_length
                0x00008127        0x1 depend_Release_CSR101x_A05\data_model_handler.o
 .bss.app_stream_state
                0x00008128        0x7 depend_Release_CSR101x_A05\data_model_handler.o
 .bss.app_block_state
                0x0000812f        0x5 depend_Release_CSR101x_A05\data_model_handler.o
 .bss.rx_stream_timeout_tid