Archive member included because of file (symbol)

..\mesh_common\mesh\libraries\csr_101x\libcsrmesh.a(csr_mesh.o)
                              depend_Release_CSR101x_A05\core_mesh_handler.o (CSRmeshRegisterAppCallback)
..\mesh_common\mesh\libraries\csr_101x\libcsrmesh.a(csr_mesh_ec_alloc.o)
                              ..\mesh_common\mesh\libraries\csr_101x\libcsrmesh.a(csr_mesh.o) (___libcsrmesh_118)
..\mesh_common\mesh\libraries\csr_101x\libcsrmesh.a(csr_mesh_masp.o)
                              ..\mesh_common\mesh\libraries\csr_101x\libcsrmesh.a(csr_mesh.o) (___libcsrmesh_212)
..\mesh_common\mesh\libraries\csr_101x\libcsrmesh.a(csr_mesh_masp_mcp_common.o)
                              ..\mesh_common\mesh\libraries\csr_101x\libcsrmesh.a(csr_mesh.o) (___libcsrmesh_215)
..\mesh_common\mesh\libraries\csr_101x\libcsrmesh.a(csr_mesh_mcp.o)
                              ..\mesh_common\mesh\libraries\csr_101x\libcsrmesh.a(csr_mesh.o) (___libcsrmesh_243)
..\mesh_common\mesh\libraries\csr_101x\libcsrmesh.a(csr_mesh_mtl.o)
                              ..\mesh_common\mesh\libraries\csr_101x\libcsrmesh.a(csr_mesh_masp.o) (___libcsrmesh_281)
..\mesh_common\mesh\libraries\csr_101x\libcsrmesh.a(csr_mesh_sha256_get_results.o)
                              ..\mesh_common\mesh\libraries\csr_101x\libcsrmesh.a(csr_mesh_masp_mcp_common.o) (___libcsrmesh_297)
..\mesh_common\mesh\libraries\csr_101x\libcsrmesh.a(csr_mesh_sha256_hmac.o)
                              ..\mesh_common\mesh\libraries\csr_101x\libcsrmesh.a(csr_mesh_masp_mcp_common.o) (___libcsrmesh_308)
..\mesh_common\mesh\libraries\csr_101x\libcsrmesh.a(csr_mesh_sha256_initialise.o)
                              ..\mesh_common\mesh\libraries\csr_101x\libcsrmesh.a(csr_mesh_masp_mcp_common.o) (___libcsrmesh_311)
..\mesh_common\mesh\libraries\csr_101x\libcsrmesh.a(csr_mesh_sha256_process_data.o)
                              ..\mesh_common\mesh\libraries\csr_101x\libcsrmesh.a(csr_mesh_sha256_hmac.o) (___libcsrmesh_317)
..\mesh_common\mesh\libraries\csr_101x\libcsrmesh.a(csr_mesh_bearer.o)
                              ..\mesh_common\mesh\libraries\csr_101x\libcsrmesh.a(csr_mesh_mtl.o) (___libcsrmesh_335)
..\mesh_common\mesh\libraries\csr_101x\libcsrmesh.a(csr_mesh_bearer_porting_util.o)
                              ..\mesh_common\mesh\libraries\csr_101x\libcsrmesh.a(csr_mesh_bearer.o) (___libcsrmesh_353)
..\mesh_common\mesh\libraries\csr_101x\libcsrmesh.a(csr_mesh_hal_ifce.o)
                              ..\mesh_common\mesh\libraries\csr_101x\libcsrmesh.a(csr_mesh_masp.o) (___libcsrmesh_363)
..\mesh_common\mesh\libraries\csr_101x\libcsrmesh.a(csr_mesh_security_ifce_101x.o)
                              ..\mesh_common\mesh\libraries\csr_101x\libcsrmesh.a(csr_mesh_mtl.o) (___libcsrmesh_371)
..\mesh_common\mesh\libraries\csr_101x\libcsrmesh.a(csr1010_scheduler.o)
                              ..\mesh_common\mesh\libraries\csr_101x\libcsrmesh.a(csr_mesh_bearer_porting_util.o) (IsCSRSchedRunning)
..\mesh_common\mesh\libraries\csr_101x\libcsrmesh.a(sig_mesh_relay.o)
                              ..\mesh_common\mesh\libraries\csr_101x\libcsrmesh.a(csr_mesh_bearer.o) (___libcsrmesh_414)
..\mesh_common\mesh\libraries\csr_101x\libcsrmesh.a(csr_mesh_bearer_model.o)
                              ..\mesh_common\mesh\libraries\csr_101x\libcsrmesh.a(csr_mesh_mcp.o) (BearerModelInit)
..\mesh_common\mesh\libraries\csr_101x\libcsrmesh.a(csr_mesh_config_model.o)
                              ..\mesh_common\mesh\libraries\csr_101x\libcsrmesh.a(csr_mesh_bearer_model.o) (___libcsrmesh_111)
..\mesh_common\mesh\libraries\csr_101x\libcsrmesh.a(csr_mesh_ec_math.o)
                              ..\mesh_common\mesh\libraries\csr_101x\libcsrmesh.a(csr_mesh_masp.o) (___libcsrmesh_127)
..\mesh_common\mesh\libraries\csr_101x\libcsrmesh.a(csr_mesh_group_model.o)
                              ..\mesh_common\mesh\libraries\csr_101x\libcsrmesh.a(csr_mesh_mcp.o) (GroupModelInit)
..\mesh_common\mesh\libraries\csr_101x\libcsrmesh.a(csr_mesh_large_num.o)
                              ..\mesh_common\mesh\libraries\csr_101x\libcsrmesh.a(csr_mesh_ec_math.o) (___libcsrmesh_161)
..\mesh_common\mesh\libraries\csr_101x\libcsrmesh.a(csr_mesh_sha_add_to_cache.o)
                              ..\mesh_common\mesh\libraries\csr_101x\libcsrmesh.a(csr_mesh_sha256_get_results.o) (___libcsrmesh_286)
..\mesh_common\mesh\libraries\csr_101x\libcsrmesh.a(csr_mesh_sha256_calc_ith_hash_val.o)
                              ..\mesh_common\mesh\libraries\csr_101x\libcsrmesh.a(csr_mesh_sha256_process_data.o) (___libcsrmesh_292)
..\mesh_common\mesh\libraries\csr_101x\libdata_server.a(data_model.o)
                              depend_Release_CSR101x_A05\data_model_handler.o (DataModelInit)
..\mesh_common\mesh\libraries\csr_101x\libdata_client.a(data_client.o)
                              depend_Release_CSR101x_A05\data_model_handler.o (DataBlockSend)
[...]
Memory Configuration

Name             Origin             Length             Attributes
*default*        0x00000000         0xffffffff

Linker script and memory map

LOAD depend_Release_CSR101x_A05\app_gatt_db.o
LOAD depend_Release_CSR101x_A05\conn_param_update.o
LOAD depend_Release_CSR101x_A05\nvm_access.o
LOAD depend_Release_CSR101x_A05\cm_common.o
LOAD depend_Release_CSR101x_A05\cm_hal.o
LOAD depend_Release_CSR101x_A05\cm_private.o
LOAD depend_Release_CSR101x_A05\cm_security.o
LOAD depend_Release_CSR101x_A05\cm_server.o
LOAD depend_Release_CSR101x_A05\cm_observer.o
LOAD depend_Release_CSR101x_A05\cm_peripheral.o
LOAD depend_Release_CSR101x_A05\battery_hw.o
LOAD depend_Release_CSR101x_A05\iot_hw.o
LOAD depend_Release_CSR101x_A05\csr_mesh_ps_ifce.o
LOAD depend_Release_CSR101x_A05\attention_model_handler.o
LOAD depend_Release_CSR101x_A05\battery_model_handler.o
LOAD depend_Release_CSR101x_A05\core_mesh_handler.o
LOAD depend_Release_CSR101x_A05\data_model_handler.o
LOAD depend_Release_CSR101x_A05\sensor_model_handler.o
LOAD depend_Release_CSR101x_A05\app_util.o
LOAD depend_Release_CSR101x_A05\connection_handler.o
LOAD depend_Release_CSR101x_A05\advertisement_handler.o
LOAD depend_Release_CSR101x_A05\time_model_handler.o
LOAD depend_Release_CSR101x_A05\action_model_handler.o
LOAD depend_Release_CSR101x_A05\largeobjecttransfer_model_handler.o
LOAD depend_Release_CSR101x_A05\gap_service.o
LOAD depend_Release_CSR101x_A05\gatt_service.o
LOAD depend_Release_CSR101x_A05\mesh_control_service.o
LOAD depend_Release_CSR101x_A05\csr_ota_service.o
LOAD depend_Release_CSR101x_A05\main_app.o
LOAD depend_Release_CSR101x_A05\app_mesh_handler.o
LOAD depend_Release_CSR101x_A05\app_mesh_model_handler.o
LOAD depend_Release_CSR101x_A05\byte_queue.o
LOAD depend_Release_CSR101x_A05\label.o
LOAD depend_Release_CSR101x_A05\time_uart.o
LOAD depend_Release_CSR101x_A05\uart_time.o
LOAD ..\mesh_common\mesh\libraries\csr_101x\libcsrmesh.a
LOAD ..\mesh_common\mesh\libraries\csr_101x\libsensor_server.a
LOAD ..\mesh_common\mesh\libraries\csr_101x\libping_server.a
LOAD ..\mesh_common\mesh\libraries\csr_101x\libattention_server.a
LOAD ..\mesh_common\mesh\libraries\csr_101x\libtime_client.a
LOAD ..\mesh_common\mesh\libraries\csr_101x\libtime_server.a
LOAD ..\mesh_common\mesh\libraries\csr_101x\libaction_server.a
LOAD ..\mesh_common\mesh\libraries\csr_101x\libdata_server.a
LOAD ..\mesh_common\mesh\libraries\csr_101x\libdata_client.a
LOAD ..\mesh_common\mesh\libraries\csr_101x\libbattery_server.a
LOAD ..\mesh_common\mesh\libraries\csr_101x\libsensor_client.a
LOAD ..\mesh_common\mesh\libraries\csr_101x\liblargeobjecttransfer_server.a
LOAD D:\CSR_uEnergy_SDK-2.6.1.7\tools\lib\otau\libotau_flash.a
LOAD D:\CSR_uEnergy_SDK-2.6.1.7\tools\lib\CSR101x_A05\libgatt_lib_ram.a
LOAD D:\CSR_uEnergy_SDK-2.6.1.7\tools\lib\CSR101x_A05\rom_img.elf
                0x00000000                PROG_RAM_START = 0x0
                0x00008000                PROG_RAM_SIZE = 0x8000
                0x00008000                PROG_ROM_START = 0x8000
                0x00008000                PROG_ROM_SIZE = 0x8000
                0x00002000                DATA_RAM_START = 0x2000
                0x00008000                DATA_RAM_SIZE = 0x8000
                0x000001b0                RADIOBUFS_SIZE = 0x1b0
                0x00000020                WHITELIST_SIZE = 0x20
                0x00000164                RADIODATA_SIZE = 0x164
                0x00000200                USTACK_SIZE = 0x200
                0x00000100                ISTACK_SIZE = 0x100
                0x00009f84                DATA_CSTORE_START = 0x9f84
                0x00000058                CSTORE_SIZE = 0x58
                0x00000004                SLT_SIZE = 0x4
                0x00000020                PRESERVE_SIZE = 0x20
                0x0000a000                DATA_RAM_END = 0xa000
                0x0000a000                DATA_ROM_START = 0xa000
                0x00004000                DATA_ROM_SIZE = 0x4000
                0x0000ef80                DATA_PERSIST_START = 0xef80
                0x00000080                DATA_PERSIST_SIZE = 0x80
                0x00009360                DATA_ROMDATA_START = 0x9360
                0x00000000                PROG_APPCODE_START = 0x0
                0x00006c00                PROG_APPCODE_END = 0x6c00
                0x00008c40                DATA_APPDATA_START = 0x8c40
                0x00008f00                DATA_APPDATA_END = 0x8f00
                0x80000000                $CODE$ = 0x80000000
                0x00000000                $DATA$ = 0x0
                0x0000ffe0                PROVIDE ($XAP_AH, 0xffe0)
                0x0000ffe1                PROVIDE ($XAP_AL, 0xffe1)
                0x0000ffe2                PROVIDE ($XAP_UXH, 0xffe2)
                0x0000ffe3                PROVIDE ($XAP_UXL, 0xffe3)
                0x0000ffe4                PROVIDE ($XAP_UY, 0xffe4)
                0x0000ffe5                PROVIDE ($XAP_IXH, 0xffe5)
                0x0000ffe6                PROVIDE ($XAP_IXL, 0xffe6)
                0x0000ffe7                PROVIDE ($XAP_IY, 0xffe7)
                0x00000008                . = 0x8

.app_ram_init   0x00000008        0x1
 *(RAM_APP_INIT)
 RAM_APP_INIT   0x00000008        0x1 D:\CSR_uEnergy_SDK-2.6.1.7\tools\lib\CSR101x_A05\libgatt_lib_ram.a(main_ram.o)
                0x00000008                main_ram_app_init

.fw_patch_bitmap
                0x00000009        0x6
 *(FW_PATCH_BITMAP)
 FW_PATCH_BITMAP
                0x00000009        0x6 D:\CSR_uEnergy_SDK-2.6.1.7\tools\lib\CSR101x_A05\libgatt_lib_ram.a(sw_patch_ram.o)
                0x00000009                patch_bitmap

.fw_patch_table
                0x0000000f        0x1
 *(FW_PATCH_TABLE)
 FW_PATCH_TABLE
                0x0000000f        0x1 D:\CSR_uEnergy_SDK-2.6.1.7\tools\lib\CSR101x_A05\libgatt_lib_ram.a(sw_patch_ram.o)
                0x0000000f                patch_table
                0x00000010                PROG_APPCODE_START = .

.text           0x00000010     0x5d88 load address 0x80000010
 *xap2crt0.o(.text)
 *xap2crt0.o(.text.*)
                0x00000010                PROG_PATCH_ADDRESS = .
 *(.hw_patch)
 .hw_patch      0x00000010      0x1c9 D:\CSR_uEnergy_SDK-2.6.1.7\tools\lib\CSR101x_A05\libgatt_lib_ram.a(patch_baldrick.o)
                0x00000010                hw_patch
 *(.text)
 .text          0x000001d9       0x3c D:\CSR_uEnergy_SDK-2.6.1.7\tools\lib\CSR101x_A05\libgatt_lib_ram.a(sm_ram.o)
                0x00000207                SMDistributeMasterLtk
                0x000001d9                ___libgatt_lib_db_476
                0x000001e9                SMFeaturesReq
 .text          0x00000215      0x1cf D:\CSR_uEnergy_SDK-2.6.1.7\tools\lib\CSR101x_A05\libgatt_lib_ram.a(patch_sm.o)
                0x00000383                ___libgatt_lib_db_4595
                0x0000024a                ___libgatt_lib_db_4594
                0x000002e0                ___libgatt_lib_db_4605
                0x00000215                ___libgatt_lib_db_4591
                0x00000334                ___libgatt_lib_db_4593
                0x000002a5                ___libgatt_lib_db_4592
                0x000002be                ___libgatt_lib_db_4590
                0x000002af                ___libgatt_lib_db_4596
 .text          0x000003e4        0xf D:\CSR_uEnergy_SDK-2.6.1.7\tools\lib\CSR101x_A05\libgatt_lib_ram.a(patch_sm_l2cap.o)
                0x000003e4                ___libgatt_lib_db_4607
 *(.text.*)
 .text.GattGetDatabase
                0x000003f3        0x8 depend_Release_CSR101x_A05\app_gatt_db.o
                0x000003f3                GattGetDatabase
 .text.handleGapCppTimerExpiry
                0x000003fb       0x12 depend_Release_CSR101x_A05\conn_param_update.o
 .text.requestConnParamUpdate
                0x0000040d       0x1c depend_Release_CSR101x_A05\conn_param_update.o
 .text.ConnectionParamUpdateEvent
                0x00000429       0x83 depend_Release_CSR101x_A05\conn_param_update.o
                0x00000429                ConnectionParamUpdateEvent
 .text.StopConnParamsUpdate
                0x000004ac        0xf depend_Release_CSR101x_A05\conn_param_update.o
                0x000004ac                StopConnParamsUpdate
 .text.processNewParams
                0x000004bb       0x49 depend_Release_CSR101x_A05\conn_param_update.o
 .text.RequestConnParamsUpdate
                0x00000504       0x26 depend_Release_CSR101x_A05\conn_param_update.o
                0x00000504                RequestConnParamsUpdate
 .text.nvmDisable
                0x0000052a        0x9 depend_Release_CSR101x_A05\nvm_access.o
 .text.reportPanic
                0x00000533        0x3 depend_Release_CSR101x_A05\nvm_access.o
 .text.Nvm_Write
                0x00000536        0xd depend_Release_CSR101x_A05\nvm_access.o
                0x00000536                Nvm_Write
 .text.Nvm_Read
                0x00000543        0xd depend_Release_CSR101x_A05\nvm_access.o
                0x00000543                Nvm_Read
 .text.Nvm_Init
                0x00000550       0x27 depend_Release_CSR101x_A05\nvm_access.o
                0x00000550                Nvm_Init
 .text.CMIsAddressResolvableRandom
                0x00000577       0x11 depend_Release_CSR101x_A05\cm_common.o
                0x00000577                CMIsAddressResolvableRandom
 .text.CMGetDeviceBondState
                0x00000588        0xb depend_Release_CSR101x_A05\cm_common.o
                0x00000588                CMGetDeviceBondState
 .text.CMReadRssi
                0x00000593        0x8 depend_Release_CSR101x_A05\cm_common.o
                0x00000593                CMReadRssi
 .text.CMConfigureRadioEvent
                0x0000059b        0xb depend_Release_CSR101x_A05\cm_common.o
                0x0000059b                CMConfigureRadioEvent
 .text.CMGetDevConnParam
                0x000005a6       0x17 depend_Release_CSR101x_A05\cm_common.o
                0x000005a6                CMGetDevConnParam
 .text.CMGetPeerDeviceRole
                0x000005bd       0x13 depend_Release_CSR101x_A05\cm_common.o
                0x000005bd                CMGetPeerDeviceRole
 .text.CMGetDevState
                0x000005d0       0x13 depend_Release_CSR101x_A05\cm_common.o
                0x000005d0                CMGetDevState
 .text.CMConnectionUpdateSignalingRsp
                0x000005e3        0x2 depend_Release_CSR101x_A05\cm_common.o
                0x000005e3                CMConnectionUpdateSignalingRsp
 .text.CMConnParamUpdateReq
                0x000005e5        0x5 depend_Release_CSR101x_A05\cm_common.o
                0x000005e5                CMConnParamUpdateReq
 .text.CMGetBdAdressFromDeviceId
                0x000005ea       0x17 depend_Release_CSR101x_A05\cm_common.o
                0x000005ea                CMGetBdAdressFromDeviceId
 .text.CMGetBondIdFromDeviceId
                0x00000601       0x14 depend_Release_CSR101x_A05\cm_common.o
                0x00000601                CMGetBondIdFromDeviceId
 .text.CMDisconnect
                0x00000615        0xe depend_Release_CSR101x_A05\cm_common.o
                0x00000615                CMDisconnect
 .text.CMInit   0x00000623       0x1e depend_Release_CSR101x_A05\cm_common.o
                0x00000623                CMInit
 .text.asyncApiTimeout
                0x00000641        0x7 depend_Release_CSR101x_A05\cm_common.o
 .text.getDeviceIdFromCid
                0x00000648       0x12 depend_Release_CSR101x_A05\cm_hal.o
 .text.getDeviceIdFromHciHandle
                0x0000065a       0x12 depend_Release_CSR101x_A05\cm_hal.o
 .text.HALGetMsgId
                0x0000066c        0x5 depend_Release_CSR101x_A05\cm_hal.o
                0x0000066c                HALGetMsgId
 .text.HALGetMsg
                0x00000671        0x5 depend_Release_CSR101x_A05\cm_hal.o
                0x00000671                HALGetMsg
 .text.HALAddNewDevice
                0x00000676       0x23 depend_Release_CSR101x_A05\cm_hal.o
                0x00000676                HALAddNewDevice
 .text.HALParseConnCompleteInd
                0x00000699       0x35 depend_Release_CSR101x_A05\cm_hal.o
                0x00000699                HALParseConnCompleteInd
 .text.HALParseDisconnCompleteInd
                0x000006ce       0x12 depend_Release_CSR101x_A05\cm_hal.o
                0x000006ce                HALParseDisconnCompleteInd
 .text.HALParseEncChangeInd
                0x000006e0       0x12 depend_Release_CSR101x_A05\cm_hal.o
                0x000006e0                HALParseEncChangeInd
 .text.HALParseRadioEventInd
                0x000006f2        0x1 depend_Release_CSR101x_A05\cm_hal.o
                0x000006f2                HALParseRadioEventInd
 .text.HALParseAccessWriteInd
                0x000006f3        0xb depend_Release_CSR101x_A05\cm_hal.o
                0x000006f3                HALParseAccessWriteInd
 .text.HALParseAccessReadInd
                0x000006fe        0xb depend_Release_CSR101x_A05\cm_hal.o
                0x000006fe                HALParseAccessReadInd
 .text.HALParseConnectionUpdateInd
                0x00000709        0xf depend_Release_CSR101x_A05\cm_hal.o
                0x00000709                HALParseConnectionUpdateInd
 .text.CMProcessMsg
                0x00000718        0xb depend_Release_CSR101x_A05\cm_hal.o
                0x00000718                CMProcessMsg
 .text.getDeviceIdFromBDAddress
                0x00000723       0x22 depend_Release_CSR101x_A05\cm_hal.o
 .text.HALGetDeviceId
                0x00000745       0x4b depend_Release_CSR101x_A05\cm_hal.o
                0x00000745                HALGetDeviceId
 .text.HALMatchBluetoothAddress
                0x00000790       0x2c depend_Release_CSR101x_A05\cm_hal.o
                0x00000790                HALMatchBluetoothAddress
 .text.HALConnectionUpdateSignallingRsp
                0x000007bc       0x14 depend_Release_CSR101x_A05\cm_hal.o
                0x000007bc                HALConnectionUpdateSignallingRsp
 .text.HALConnectionParamUpdateReq
                0x000007d0        0xb depend_Release_CSR101x_A05\cm_hal.o
                0x000007d0                HALConnectionParamUpdateReq
 .text.HALSendValueIndication
                0x000007db       0x11 depend_Release_CSR101x_A05\cm_hal.o
                0x000007db                HALSendValueIndication
 .text.HALSendValueNotification
                0x000007ec       0x10 depend_Release_CSR101x_A05\cm_hal.o
                0x000007ec                HALSendValueNotification
 .text.HALSMInit
                0x000007fc        0x2 depend_Release_CSR101x_A05\cm_hal.o
                0x000007fc                HALSMInit
 .text.HALServerWriteInit
                0x000007fe        0x3 depend_Release_CSR101x_A05\cm_hal.o
                0x000007fe                HALServerWriteInit
 .text.CMGetMainData
                0x00000801        0x3 depend_Release_CSR101x_A05\cm_private.o
                0x00000801                CMGetMainData
 .text.CMNotifyEventToApplication
                0x00000804        0x8 depend_Release_CSR101x_A05\cm_private.o
                0x00000804                CMNotifyEventToApplication
 .text.CMPrivateInit
                0x0000080c       0x1d depend_Release_CSR101x_A05\cm_private.o
                0x0000080c                CMPrivateInit
 .text.CMResetDevConnParam
                0x00000829        0xd depend_Release_CSR101x_A05\cm_private.o
                0x00000829                CMResetDevConnParam
 .text.CMIsDeviceIdValid
                0x00000836        0x7 depend_Release_CSR101x_A05\cm_private.o
                0x00000836                CMIsDeviceIdValid
 .text.CMSetDeviceBondState
                0x0000083d        0x9 depend_Release_CSR101x_A05\cm_private.o
                0x0000083d                CMSetDeviceBondState
 .text.CMReportPanic
                0x00000846        0x3 depend_Release_CSR101x_A05\cm_private.o
                0x00000846                CMReportPanic
 .text.CMSetDeviceEncryptState
                0x00000849       0x11 depend_Release_CSR101x_A05\cm_private.o
                0x00000849                CMSetDeviceEncryptState
 .text.CMGetConnId
                0x0000085a        0xe depend_Release_CSR101x_A05\cm_private.o
                0x0000085a                CMGetConnId
 .text.CMSetConnParam
                0x00000868       0x13 depend_Release_CSR101x_A05\cm_private.o
                0x00000868                CMSetConnParam
 .text.CMSetDevState
                0x0000087b       0x2a depend_Release_CSR101x_A05\cm_private.o
                0x0000087b                CMSetDevState
 .text.CMGetDeviceId
                0x000008a5        0x7 depend_Release_CSR101x_A05\cm_private.o
                0x000008a5                CMGetDeviceId
 .text.handleSignalLmDisconnectComplete
                0x000008ac       0x37 depend_Release_CSR101x_A05\cm_private.o
 .text.handleSignalLsConnParamUpdateInd
                0x000008e3       0x1e depend_Release_CSR101x_A05\cm_private.o
 .text.handleSignalLsConnParamUpdateCfm
                0x00000901       0x17 depend_Release_CSR101x_A05\cm_private.o
 .text.handleSignalLsConnectionUpdate
                0x00000918       0x1c depend_Release_CSR101x_A05\cm_private.o
 .text.CMProcessEvent
                0x00000934      0x17e depend_Release_CSR101x_A05\cm_private.o
                0x00000934                CMProcessEvent
 .text.CMGetBondedBDAddr
                0x00000ab2       0x11 depend_Release_CSR101x_A05\cm_security.o
                0x00000ab2                CMGetBondedBDAddr
 .text.handleSignalSmSimplePairingCompleteInd
                0x00000ac3       0x43 depend_Release_CSR101x_A05\cm_security.o
 .text.CMSecurityHandleProcessLMEvent
                0x00000b06       0x36 depend_Release_CSR101x_A05\cm_security.o
                0x00000b06                CMSecurityHandleProcessLMEvent
 .text.ClearBondingInfo
                0x00000b3c       0x2b depend_Release_CSR101x_A05\cm_security.o
                0x00000b3c                ClearBondingInfo
 .text.CMGetBondId
                0x00000b67       0x21 depend_Release_CSR101x_A05\cm_security.o
                0x00000b67                CMGetBondId
 .text.CMIsDeviceBonded
                0x00000b88       0x20 depend_Release_CSR101x_A05\cm_security.o
                0x00000b88                CMIsDeviceBonded
 .text.CMSecurityInit
                0x00000ba8       0x4c depend_Release_CSR101x_A05\cm_security.o
                0x00000ba8                CMSecurityInit
 .text.CMServerGetHandler
                0x00000bf4       0x13 depend_Release_CSR101x_A05\cm_server.o
                0x00000bf4                CMServerGetHandler
 .text.CMServerNotifyGenericEvent
                0x00000c07       0x18 depend_Release_CSR101x_A05\cm_server.o
                0x00000c07                CMServerNotifyGenericEvent
 .text.CMServerNotifyGattEvent
                0x00000c1f        0x8 depend_Release_CSR101x_A05\cm_server.o
                0x00000c1f                CMServerNotifyGattEvent
 .text.CMServerInitRegisterHandler
                0x00000c27       0x1a depend_Release_CSR101x_A05\cm_server.o
                0x00000c27                CMServerInitRegisterHandler
 .text.CMServerHandleProcessLMEvent
                0x00000c41       0x7b depend_Release_CSR101x_A05\cm_server.o
                0x00000c41                CMServerHandleProcessLMEvent
 .text.CMSendValueIndication
                0x00000cbc        0x2 depend_Release_CSR101x_A05\cm_server.o
                0x00000cbc                CMSendValueIndication
 .text.CMSendValueNotification
                0x00000cbe        0x5 depend_Release_CSR101x_A05\cm_server.o
                0x00000cbe                CMSendValueNotification
 .text.CMSendAccessRsp
                0x00000cc3       0x15 depend_Release_CSR101x_A05\cm_server.o
                0x00000cc3                CMSendAccessRsp
 .text.CMServerInit
                0x00000cd8       0x1b depend_Release_CSR101x_A05\cm_server.o
                0x00000cd8                CMServerInit
 .text.CMObserverInit
                0x00000cf3        0x4 depend_Release_CSR101x_A05\cm_observer.o
                0x00000cf3                CMObserverInit
 .text.CMObserverEnableRawReports
                0x00000cf7        0x3 depend_Release_CSR101x_A05\cm_observer.o
                0x00000cf7                CMObserverEnableRawReports
 .text.CMObserverHandleProcessLMEvent
                0x00000cfa       0x11 depend_Release_CSR101x_A05\cm_observer.o
                0x00000cfa                CMObserverHandleProcessLMEvent
 .text.CMPeripheralInit
                0x00000d0b        0xa depend_Release_CSR101x_A05\cm_peripheral.o
                0x00000d0b                CMPeripheralInit
 .text.ReadBatteryLevel
                0x00000d15       0x28 depend_Release_CSR101x_A05\battery_hw.o
                0x00000d15                ReadBatteryLevel
 .text.SendLowBatteryIndication
                0x00000d3d        0x1 depend_Release_CSR101x_A05\battery_hw.o
                0x00000d3d                SendLowBatteryIndication
 .text.IOTLightControlDeviceSetColor
                0x00000d3e       0x74 depend_Release_CSR101x_A05\iot_hw.o
                0x00000d3e                IOTLightControlDeviceSetColor
 .text.IOTLightControlDeviceInit
                0x00000db2       0x20 depend_Release_CSR101x_A05\iot_hw.o
                0x00000db2                IOTLightControlDeviceInit
 .text.IOTLightControlDevicePower
                0x00000dd2       0x3b depend_Release_CSR101x_A05\iot_hw.o
                0x00000dd2                IOTLightControlDevicePower
 .text.IOTLightControlDeviceBlink
                0x00000e0d       0x41 depend_Release_CSR101x_A05\iot_hw.o
                0x00000e0d                IOTLightControlDeviceBlink
 .text.getPsKeyOffset
                0x00000e4e       0x16 depend_Release_CSR101x_A05\csr_mesh_ps_ifce.o
 .text.CSRmeshPsInit
                0x00000e64        0x2 depend_Release_CSR101x_A05\csr_mesh_ps_ifce.o
                0x00000e64                CSRmeshPsInit
 .text.CSRmeshPsSecureWrite
                0x00000e66        0xa depend_Release_CSR101x_A05\csr_mesh_ps_ifce.o
                0x00000e66                CSRmeshPsSecureWrite
 .text.CSRmeshPsWrite
                0x00000e70        0xa depend_Release_CSR101x_A05\csr_mesh_ps_ifce.o
                0x00000e70                CSRmeshPsWrite
 .text.CSRmeshPsSecureRead
                0x00000e7a        0xa depend_Release_CSR101x_A05\csr_mesh_ps_ifce.o
                0x00000e7a                CSRmeshPsSecureRead
 .text.CSRmeshPsRead
                0x00000e84        0xa depend_Release_CSR101x_A05\csr_mesh_ps_ifce.o
                0x00000e84                CSRmeshPsRead
 .text.CSRmeshIsPsReadyForAccess
                0x00000e8e       0x18 depend_Release_CSR101x_A05\csr_mesh_ps_ifce.o
                0x00000e8e                CSRmeshIsPsReadyForAccess
 .text.IsGattBearerEnabled
                0x00000ea6        0x6 depend_Release_CSR101x_A05\core_mesh_handler.o
                0x00000ea6                IsGattBearerEnabled
 .text.AppGetStoredBearerState
                0x00000eac        0xb depend_Release_CSR101x_A05\core_mesh_handler.o
                0x00000eac                AppGetStoredBearerState
 .text.AppGetCurrentTTL
                0x00000eb7        0x5 depend_Release_CSR101x_A05\core_mesh_handler.o
                0x00000eb7                AppGetCurrentTTL
 .text.AppInitializeSeqCache
                0x00000ebc        0x1 depend_Release_CSR101x_A05\core_mesh_handler.o
                0x00000ebc                AppInitializeSeqCache
 .text.AppClearSeqCache
                0x00000ebd        0x1 depend_Release_CSR101x_A05\core_mesh_handler.o
                0x00000ebd                AppClearSeqCache
 .text.AppSetTxPower
                0x00000ebe       0x13 depend_Release_CSR101x_A05\core_mesh_handler.o
                0x00000ebe                AppSetTxPower
 .text.MeshHandlerInit
                0x00000ed1        0xa depend_Release_CSR101x_A05\core_mesh_handler.o
                0x00000ed1                MeshHandlerInit
 .text.attnTimerHandler
                0x00000edb        0xa depend_Release_CSR101x_A05\core_mesh_handler.o
 .text.AppUpdateBearerState
                0x00000ee5        0xf depend_Release_CSR101x_A05\core_mesh_handler.o
                0x00000ee5                AppUpdateBearerState
 .text.InitiateAssociation
                0x00000ef4       0x2a depend_Release_CSR101x_A05\core_mesh_handler.o
                0x00000ef4                InitiateAssociation
 .text.appProcessMeshEvent
                0x00000f1e      0x112 depend_Release_CSR101x_A05\core_mesh_handler.o
 .text.deviceIdAdvertTimeoutHandler
                0x00001030       0x35 depend_Release_CSR101x_A05\core_mesh_handler.o
 .text.resetRxStreamState
                0x00001065        0xa depend_Release_CSR101x_A05\data_model_handler.o
 .text.rxStreamTimeoutHandler
                0x0000106f        0xa depend_Release_CSR101x_A05\data_model_handler.o
 .text.resetTxStreamState
                0x00001079        0x9 depend_Release_CSR101x_A05\data_model_handler.o
 .text.Handle01Data
                0x00001082       0x20 depend_Release_CSR101x_A05\data_model_handler.o
 .text.Handle02Data
                0x000010a2       0x22 depend_Release_CSR101x_A05\data_model_handler.o
 .text.Handle03Data
                0x000010c4       0x22 depend_Release_CSR101x_A05\data_model_handler.o
 .text.MeshRxdCheck_New
                0x000010e6       0x25 depend_Release_CSR101x_A05\data_model_handler.o
 .text.DataModelHandlerInit
                0x0000110b       0x23 depend_Release_CSR101x_A05\data_model_handler.o
                0x0000110b                DataModelHandlerInit
 .text.appDataServerHandler
                0x0000112e      0x295 depend_Release_CSR101x_A05\data_model_handler.o
 .text.endStream
                0x000013c3       0x1c depend_Release_CSR101x_A05\data_model_handler.o
 .text.handleCSRmeshDataStreamSendCfm
                0x000013df       0x49 depend_Release_CSR101x_A05\data_model_handler.o
 .text.appDataClientHandler
                0x00001428       0x30 depend_Release_CSR101x_A05\data_model_handler.o
 .text.streamSendRetryTimer
                0x00001458       0x3e depend_Release_CSR101x_A05\data_model_handler.o
 .text.StartBlockSendData
                0x00001496       0xaa depend_Release_CSR101x_A05\data_model_handler.o
                0x00001496                StartBlockSendData
 .text.blockSendRetryTimer
                0x00001540       0x54 depend_Release_CSR101x_A05\data_model_handler.o
 .text.ReportPanic
                0x00001594        0x3 depend_Release_CSR101x_A05\app_util.o
                0x00001594                ReportPanic
 .text.InitialiseGattData
                0x00001597        0xb depend_Release_CSR101x_A05\connection_handler.o
                0x00001597                InitialiseGattData
 .text.GetConnectedDeviceId
                0x000015a2        0x3 depend_Release_CSR101x_A05\connection_handler.o
                0x000015a2                GetConnectedDeviceId
 .text.AppRequestConnParamUpdate
                0x000015a5       0x19 depend_Release_CSR101x_A05\connection_handler.o
                0x000015a5                AppRequestConnParamUpdate
 .text.AppSetState
                0x000015be       0x1f depend_Release_CSR101x_A05\connection_handler.o
                0x000015be                AppSetState
 .text.AppCMInit
                0x000015dd       0x22 depend_Release_CSR101x_A05\connection_handler.o
                0x000015dd                AppCMInit
 .text.handleConnNotify
                0x000015ff       0x84 depend_Release_CSR101x_A05\connection_handler.o
 .text.appHandleConnMgrProcEvent
                0x00001683       0xb3 depend_Release_CSR101x_A05\connection_handler.o
 .text.GattSetRandomAddress
                0x00001736       0x2c depend_Release_CSR101x_A05\advertisement_handler.o
                0x00001736                GattSetRandomAddress
 .text.GattStopAdverts
                0x00001762        0xa depend_Release_CSR101x_A05\advertisement_handler.o
                0x00001762                GattStopAdverts
 .text.csrStoreUserAdvData
                0x0000176c       0x2d depend_Release_CSR101x_A05\advertisement_handler.o
 .text.gattSetAdvertData
                0x00001799       0x67 depend_Release_CSR101x_A05\advertisement_handler.o
 .text.GattTriggerConnectableAdverts
                0x00001800       0x5b depend_Release_CSR101x_A05\advertisement_handler.o
                0x00001800                GattTriggerConnectableAdverts
 .text.gattAdvertTimerHandler
                0x0000185b        0x9 depend_Release_CSR101x_A05\advertisement_handler.o
 .text.writeDeviceNameToNvm
                0x00001864       0x16 depend_Release_CSR101x_A05\gap_service.o
 .text.handleConnMgrProcedureEvent
                0x0000187a       0x53 depend_Release_CSR101x_A05\gap_service.o
 .text.GapGetNameAndLength
                0x000018cd        0xc depend_Release_CSR101x_A05\gap_service.o
                0x000018cd                GapGetNameAndLength
 .text.GapInitServerService
                0x000018d9       0x48 depend_Release_CSR101x_A05\gap_service.o
                0x000018d9                GapInitServerService
 .text.writeToNvm
                0x00001921       0x1f depend_Release_CSR101x_A05\gatt_service.o
 .text.handleConnMgrProcedureEvent
                0x00001940       0xbc depend_Release_CSR101x_A05\gatt_service.o
 .text.readDataFromNVM
                0x000019fc       0x30 depend_Release_CSR101x_A05\gatt_service.o
 .text.GattExtInitServerService
                0x00001a2c       0x20 depend_Release_CSR101x_A05\gatt_service.o
                0x00001a2c                GattExtInitServerService
 .text.MeshControlServiceDataInit
                0x00001a4c        0x8 depend_Release_CSR101x_A05\mesh_control_service.o
                0x00001a4c                MeshControlServiceDataInit
 .text.MeshControlNotifyResponse
                0x00001a54       0x2a depend_Release_CSR101x_A05\mesh_control_service.o
                0x00001a54                MeshControlNotifyResponse
 .text.MeshControlInitServerService
                0x00001a7e        0xf depend_Release_CSR101x_A05\mesh_control_service.o
                0x00001a7e                MeshControlInitServerService
 .text.handleAccessRead
                0x00001a8d       0x3e depend_Release_CSR101x_A05\mesh_control_service.o
 .text.handleAccessWrite
                0x00001acb       0x9b depend_Release_CSR101x_A05\mesh_control_service.o
 .text.handleConnMgrProcedureEvent
                0x00001b66        0xe depend_Release_CSR101x_A05\mesh_control_service.o
 .text.srf_init
                0x00001b74       0x16 depend_Release_CSR101x_A05\main_app.o
                0x00001b74                srf_init
 .text.AppPowerOnReset
                0x00001b8a        0x1 depend_Release_CSR101x_A05\main_app.o
                0x00001b8a                AppPowerOnReset
 .text.AppProcessLmEvent
                0x00001b8b        0x5 depend_Release_CSR101x_A05\main_app.o
                0x00001b8b                AppProcessLmEvent
 .text.AppProcessSystemEvent
                0x00001b90        0x5 depend_Release_CSR101x_A05\main_app.o
                0x00001b90                AppProcessSystemEvent
 .text.AppNvmReady
                0x00001b95        0xc depend_Release_CSR101x_A05\main_app.o
                0x00001b95                AppNvmReady
 .text.AppInit  0x00001ba1       0x3a depend_Release_CSR101x_A05\main_app.o
                0x00001ba1                AppInit
 .text.time1mshandle
                0x00001bdb       0x52 depend_Release_CSR101x_A05\main_app.o
                0x00001bdb                time1mshandle
 .text.time250ushandle
                0x00001c2d       0x19 depend_Release_CSR101x_A05\main_app.o
                0x00001c2d                time250ushandle
 .text.AppDataInit
                0x00001c46        0x8 depend_Release_CSR101x_A05\main_app.o
                0x00001c46                AppDataInit
 .text.InitAppSupportedServices
                0x00001c4e       0x12 depend_Release_CSR101x_A05\main_app.o
                0x00001c4e                InitAppSupportedServices
 .text.writeSupportedModelGroupsOntoNVM
                0x00001c60        0x9 depend_Release_CSR101x_A05\app_mesh_handler.o
 .text.HandleGroupSetMsg
                0x00001c69       0x1a depend_Release_CSR101x_A05\app_mesh_handler.o
                0x00001c69                HandleGroupSetMsg
 .text.RestoreLightState
                0x00001c83       0x2d depend_Release_CSR101x_A05\app_mesh_handler.o
                0x00001c83                RestoreLightState
 .text.AppHandleAssociationComplete
                0x00001cb0        0x1 depend_Release_CSR101x_A05\app_mesh_handler.o
                0x00001cb0                AppHandleAssociationComplete
 .text.SetScanDutyCycle
                0x00001cb1        0xe depend_Release_CSR101x_A05\app_mesh_handler.o
                0x00001cb1                SetScanDutyCycle
 .text.EnableHighDutyScanMode
                0x00001cbf        0xd depend_Release_CSR101x_A05\app_mesh_handler.o
                0x00001cbf                EnableHighDutyScanMode
 .text.initializeSupportedModelGroups
                0x00001ccc        0x9 depend_Release_CSR101x_A05\app_mesh_handler.o
 .text.RemoveAssociation
                0x00001cd5       0x45 depend_Release_CSR101x_A05\app_mesh_handler.o
                0x00001cd5                RemoveAssociation
 .text.AppMeshInit
                0x00001d1a      0x10d depend_Release_CSR101x_A05\app_mesh_handler.o
                0x00001d1a                AppMeshInit
 .text.InitializeSupportedModelData
                0x00001e27        0x1 depend_Release_CSR101x_A05\app_mesh_model_handler.o
                0x00001e27                InitializeSupportedModelData
 .text.InitialiseSensorData
                0x00001e28        0xe depend_Release_CSR101x_A05\app_mesh_model_handler.o
                0x00001e28                InitialiseSensorData
 .text.IsHeaterConfigured
                0x00001e36        0xd depend_Release_CSR101x_A05\app_mesh_model_handler.o
                0x00001e36                IsHeaterConfigured
 .text.GetHeaterStatus
                0x00001e43        0x3 depend_Release_CSR101x_A05\app_mesh_model_handler.o
                0x00001e43                GetHeaterStatus
 .text.startReadValueTimer
                0x00001e46       0x15 depend_Release_CSR101x_A05\app_mesh_model_handler.o
 .text.InitialiseHeater
                0x00001e5b        0xf depend_Release_CSR101x_A05\app_mesh_model_handler.o
                0x00001e5b                InitialiseHeater
 .text.readValTimerHandler
                0x00001e6a        0xd depend_Release_CSR101x_A05\app_mesh_model_handler.o
 .text.ReadSensorDataFromNVM
                0x00001e77        0xd depend_Release_CSR101x_A05\app_mesh_model_handler.o
                0x00001e77                ReadSensorDataFromNVM
 .text.BQGetDataSize
                0x00001e84        0xd depend_Release_CSR101x_A05\byte_queue.o
                0x00001e84                BQGetDataSize
 .text.BQCommitLastPeek
                0x00001e91        0x8 depend_Release_CSR101x_A05\byte_queue.o
                0x00001e91                BQCommitLastPeek
 .text.peekBuffer
                0x00001e99       0x73 depend_Release_CSR101x_A05\byte_queue.o
 .text.BQPeekBytes
                0x00001f0c        0x1 depend_Release_CSR101x_A05\byte_queue.o
                0x00001f0c                BQPeekBytes
 .text.BQPopBytes
                0x00001f0d        0xa depend_Release_CSR101x_A05\byte_queue.o
                0x00001f0d                BQPopBytes
 .text.copyIntoBuffer
                0x00001f17       0x96 depend_Release_CSR101x_A05\byte_queue.o
 .text.BQForceQueueBytes
                0x00001fad        0x2 depend_Release_CSR101x_A05\byte_queue.o
                0x00001fad                BQForceQueueBytes
 .text.BQSafeQueueBytes
                0x00001faf       0x1f depend_Release_CSR101x_A05\byte_queue.o
                0x00001faf                BQSafeQueueBytes
 .text.time_main
                0x00001fce       0x94 depend_Release_CSR101x_A05\time_uart.o
                0x00001fce                time_main
 .text.timer_RBINT
                0x00002062       0x4c depend_Release_CSR101x_A05\time_uart.o
                0x00002062                timer_RBINT
 .text.WifiRxDataClear
                0x000020ae        0x9 depend_Release_CSR101x_A05\uart_time.o
                0x000020ae                WifiRxDataClear
 .text.WifiTxGetBcc
                0x000020b7       0x36 depend_Release_CSR101x_A05\uart_time.o
 .text.BLE_TX_GCC
                0x000020ed       0x12 depend_Release_CSR101x_A05\uart_time.o
 .text.CLEAR_BLE_RX_DATA
                0x000020ff        0xa depend_Release_CSR101x_A05\uart_time.o
 .text.WifiTxDataDD
                0x00002109       0x2b depend_Release_CSR101x_A05\uart_time.o
 .text.InitUart
                0x00002134       0x2d depend_Release_CSR101x_A05\uart_time.o
                0x00002134                InitUart
 .text.sendPendingData
                0x00002161       0x2d depend_Release_CSR101x_A05\uart_time.o
 .text.uartTxDataCallback
                0x0000218e        0x1 depend_Release_CSR101x_A05\uart_time.o
 .text.uartRxDataCallback
                0x0000218f       0x4d depend_Release_CSR101x_A05\uart_time.o
 .text.SendDataToUart
                0x000021dc       0x3a depend_Release_CSR101x_A05\uart_time.o
                0x000021dc                SendDataToUart
 .text.processuartdata
                0x00002216      0x1d6 depend_Release_CSR101x_A05\uart_time.o
                0x00002216                processuartdata
 .text.CSRmeshRegisterAppCallback
                0x000023ec       0x10 ..\mesh_common\mesh\libraries\csr_101x\libcsrmesh.a(csr_mesh.o)
                0x000023ec                CSRmeshRegisterAppCallback
 .text.___libcsrmesh_86
                0x000023fc       0x1a ..\mesh_common\mesh\libraries\csr_101x\libcsrmesh.a(csr_mesh.o)
                0x000023fc                ___libcsrmesh_86
 .text.___libcsrmesh_85
                0x00002416        0xc ..\mesh_common\mesh\libraries\csr_101x\libcsrmesh.a(csr_mesh.o)
                0x00002416                ___libcsrmesh_85
 .text.CSRmeshAssociateToANetwork
                0x00002422       0x16 ..\mesh_common\mesh\libraries\csr_101x\libcsrmesh.a(csr_mesh.o)
                0x00002422                CSRmeshAssociateToANetwork
 .text.CSRmeshGetDefaultTTL
                0x00002438       0x1b ..\mesh_common\mesh\libraries\csr_101x\libcsrmesh.a(csr_mesh.o)
                0x00002438                CSRmeshGetDefaultTTL
 .text.CSRmeshSetDefaultTTL
                0x00002453       0x10 ..\mesh_common\mesh\libraries\csr_101x\libcsrmesh.a(csr_mesh.o)
                0x00002453                CSRmeshSetDefaultTTL
 .text.CSRmeshSetTransmitState
                0x00002463       0x27 ..\mesh_common\mesh\libraries\csr_101x\libcsrmesh.a(csr_mesh.o)
                0x00002463                CSRmeshSetTransmitState
 .text.___libcsrmesh_84
                0x0000248a        0x9 ..\mesh_common\mesh\libraries\csr_101x\libcsrmesh.a(csr_mesh.o)
                0x0000248a                ___libcsrmesh_84
 .text.___libcsrmesh_88
                0x00002493       0x31 ..\mesh_common\mesh\libraries\csr_101x\libcsrmesh.a(csr_mesh.o)
                0x00002493                ___libcsrmesh_88
 .text.CSRmeshRemoveNetwork
                0x000024c4       0x1b ..\mesh_common\mesh\libraries\csr_101x\libcsrmesh.a(csr_mesh.o)
                0x000024c4                CSRmeshRemoveNetwork
 .text.CSRMeshUpdateMeshContextData
                0x000024df       0x94 ..\mesh_common\mesh\libraries\csr_101x\libcsrmesh.a(csr_mesh.o)
 .text.CSRmeshStart
                0x00002573       0x20 ..\mesh_common\mesh\libraries\csr_101x\libcsrmesh.a(csr_mesh.o)
                0x00002573                CSRmeshStart
 .text.CSRMeshUpdateConfigRole
                0x00002593       0x14 ..\mesh_common\mesh\libraries\csr_101x\libcsrmesh.a(csr_mesh.o)
 .text.CSRmeshInit
                0x000025a7       0x65 ..\mesh_common\mesh\libraries\csr_101x\libcsrmesh.a(csr_mesh.o)
                0x000025a7                CSRmeshInit
 .text.___libcsrmesh_118
                0x0000260c        0x3 ..\mesh_common\mesh\libraries\csr_101x\libcsrmesh.a(csr_mesh_ec_alloc.o)
                0x0000260c                ___libcsrmesh_118
 .text.___libcsrmesh_119
                0x0000260f        0x1 ..\mesh_common\mesh\libraries\csr_101x\libcsrmesh.a(csr_mesh_ec_alloc.o)
                0x0000260f                ___libcsrmesh_119
 .text.___libcsrmesh_117
                0x00002610        0xa ..\mesh_common\mesh\libraries\csr_101x\libcsrmesh.a(csr_mesh_ec_alloc.o)
                0x00002610                ___libcsrmesh_117
 .text.___libcsrmesh_116
                0x0000261a       0x1e ..\mesh_common\mesh\libraries\csr_101x\libcsrmesh.a(csr_mesh_ec_alloc.o)
                0x0000261a                ___libcsrmesh_116
 .text.maspFreeConfirmationBuffers
                0x00002638       0x12 ..\mesh_common\mesh\libraries\csr_101x\libcsrmesh.a(csr_mesh_masp.o)
 .text.maspFreeClientPublicKeyBuffer
                0x0000264a        0xc ..\mesh_common\mesh\libraries\csr_101x\libcsrmesh.a(csr_mesh_masp.o)
 .text.maspFreeAlgoBuffer
                0x00002656        0xa ..\mesh_common\mesh\libraries\csr_101x\libcsrmesh.a(csr_mesh_masp.o)
 .text.maspAllocNmakeKeyPair
                0x00002660       0x16 ..\mesh_common\mesh\libraries\csr_101x\libcsrmesh.a(csr_mesh_masp.o)
 .text.maspAllocAlgoBuffer
                0x00002676        0x6 ..\mesh_common\mesh\libraries\csr_101x\libcsrmesh.a(csr_mesh_masp.o)
 .text.maspAllocClientPublicKeyBuffer
                0x0000267c       0x12 ..\mesh_common\mesh\libraries\csr_101x\libcsrmesh.a(csr_mesh_masp.o)
 .text.maspSendEventToApp
                0x0000268e       0x20 ..\mesh_common\mesh\libraries\csr_101x\libcsrmesh.a(csr_mesh_masp.o)
 .text.maspResetState
                0x000026ae       0x59 ..\mesh_common\mesh\libraries\csr_101x\libcsrmesh.a(csr_mesh_masp.o)
 .text.___libcsrmesh_208
                0x00002707        0x2 ..\mesh_common\mesh\libraries\csr_101x\libcsrmesh.a(csr_mesh_masp.o)
                0x00002707                ___libcsrmesh_208
 .text.___libcsrmesh_212
                0x00002709       0x14 ..\mesh_common\mesh\libraries\csr_101x\libcsrmesh.a(csr_mesh_masp.o)
                0x00002709                ___libcsrmesh_212
 .text.___libcsrmesh_204
                0x0000271d        0x9 ..\mesh_common\mesh\libraries\csr_101x\libcsrmesh.a(csr_mesh_masp.o)
                0x0000271d                ___libcsrmesh_204
 .text.maspCalculateConfirmation
                0x00002726       0x4f ..\mesh_common\mesh\libraries\csr_101x\libcsrmesh.a(csr_mesh_masp.o)
 .text.maspAllocConfirmationBuffers
                0x00002775       0x26 ..\mesh_common\mesh\libraries\csr_101x\libcsrmesh.a(csr_mesh_masp.o)
 .text.___libcsrmesh_205
                0x0000279b       0x10 ..\mesh_common\mesh\libraries\csr_101x\libcsrmesh.a(csr_mesh_masp.o)
                0x0000279b                ___libcsrmesh_205
 .text.maspSendMessage
                0x000027ab       0x41 ..\mesh_common\mesh\libraries\csr_101x\libcsrmesh.a(csr_mesh_masp.o)
 .text.handleMaspMessage
                0x000027ec      0x236 ..\mesh_common\mesh\libraries\csr_101x\libcsrmesh.a(csr_mesh_masp.o)
 .text.___libcsrmesh_207
                0x00002a22       0x4d ..\mesh_common\mesh\libraries\csr_101x\libcsrmesh.a(csr_mesh_masp.o)
                0x00002a22                ___libcsrmesh_207
 .text.___libcsrmesh_199
                0x00002a6f       0x3a ..\mesh_common\mesh\libraries\csr_101x\libcsrmesh.a(csr_mesh_masp.o)
                0x00002a6f                ___libcsrmesh_199
 .text.maspWatchdogTimeoutHandler
                0x00002aa9       0x1f ..\mesh_common\mesh\libraries\csr_101x\libcsrmesh.a(csr_mesh_masp.o)
 .text.___libcsrmesh_206
                0x00002ac8       0x52 ..\mesh_common\mesh\libraries\csr_101x\libcsrmesh.a(csr_mesh_masp.o)
                0x00002ac8                ___libcsrmesh_206
 .text.___libcsrmesh_215
                0x00002b1a       0x22 ..\mesh_common\mesh\libraries\csr_101x\libcsrmesh.a(csr_mesh_masp_mcp_common.o)
                0x00002b1a                ___libcsrmesh_215
 .text.___libcsrmesh_237
                0x00002b3c       0x11 ..\mesh_common\mesh\libraries\csr_101x\libcsrmesh.a(csr_mesh_mcp.o)
                0x00002b3c                ___libcsrmesh_237
 .text.___libcsrmesh_236
                0x00002b4d       0x18 ..\mesh_common\mesh\libraries\csr_101x\libcsrmesh.a(csr_mesh_mcp.o)
                0x00002b4d                ___libcsrmesh_236
 .text.___libcsrmesh_247
                0x00002b65        0x8 ..\mesh_common\mesh\libraries\csr_101x\libcsrmesh.a(csr_mesh_mcp.o)
                0x00002b65                ___libcsrmesh_247
 .text.___libcsrmesh_246
                0x00002b6d        0x3 ..\mesh_common\mesh\libraries\csr_101x\libcsrmesh.a(csr_mesh_mcp.o)
                0x00002b6d                ___libcsrmesh_246
 .text.___libcsrmesh_233
                0x00002b70        0x3 ..\mesh_common\mesh\libraries\csr_101x\libcsrmesh.a(csr_mesh_mcp.o)
                0x00002b70                ___libcsrmesh_233
 .text.___libcsrmesh_235
                0x00002b73        0x3 ..\mesh_common\mesh\libraries\csr_101x\libcsrmesh.a(csr_mesh_mcp.o)
                0x00002b73                ___libcsrmesh_235
 .text.___libcsrmesh_232
                0x00002b76       0x32 ..\mesh_common\mesh\libraries\csr_101x\libcsrmesh.a(csr_mesh_mcp.o)
                0x00002b76                ___libcsrmesh_232
 .text.___libcsrmesh_241
                0x00002ba8       0x5b ..\mesh_common\mesh\libraries\csr_101x\libcsrmesh.a(csr_mesh_mcp.o)
                0x00002ba8                ___libcsrmesh_241
 .text.___libcsrmesh_245
                0x00002c03       0x13 ..\mesh_common\mesh\libraries\csr_101x\libcsrmesh.a(csr_mesh_mcp.o)
                0x00002c03                ___libcsrmesh_245
 .text.___libcsrmesh_239
                0x00002c16       0xd3 ..\mesh_common\mesh\libraries\csr_101x\libcsrmesh.a(csr_mesh_mcp.o)
                0x00002c16                ___libcsrmesh_239
 .text.___libcsrmesh_234
                0x00002ce9        0x4 ..\mesh_common\mesh\libraries\csr_101x\libcsrmesh.a(csr_mesh_mcp.o)
                0x00002ce9                ___libcsrmesh_234
 .text.___libcsrmesh_238
                0x00002ced       0x5c ..\mesh_common\mesh\libraries\csr_101x\libcsrmesh.a(csr_mesh_mcp.o)
                0x00002ced                ___libcsrmesh_238
 .text.___libcsrmesh_281
                0x00002d49        0x3 ..\mesh_common\mesh\libraries\csr_101x\libcsrmesh.a(csr_mesh_mtl.o)
                0x00002d49                ___libcsrmesh_281
 .text.___libcsrmesh_273
                0x00002d4c        0x6 ..\mesh_common\mesh\libraries\csr_101x\libcsrmesh.a(csr_mesh_mtl.o)
                0x00002d4c                ___libcsrmesh_273
 .text.___libcsrmesh_274
                0x00002d52        0x5 ..\mesh_common\mesh\libraries\csr_101x\libcsrmesh.a(csr_mesh_mtl.o)
                0x00002d52                ___libcsrmesh_274
 .text.___libcsrmesh_278
                0x00002d57       0x3b ..\mesh_common\mesh\libraries\csr_101x\libcsrmesh.a(csr_mesh_mtl.o)
                0x00002d57                ___libcsrmesh_278
 .text.___libcsrmesh_282
                0x00002d92       0x1f ..\mesh_common\mesh\libraries\csr_101x\libcsrmesh.a(csr_mesh_mtl.o)
                0x00002d92                ___libcsrmesh_282
 .text.___libcsrmesh_283
                0x00002db1       0x22 ..\mesh_common\mesh\libraries\csr_101x\libcsrmesh.a(csr_mesh_mtl.o)
                0x00002db1                ___libcsrmesh_283
 .text.___libcsrmesh_272
                0x00002dd3       0x2c ..\mesh_common\mesh\libraries\csr_101x\libcsrmesh.a(csr_mesh_mtl.o)
                0x00002dd3                ___libcsrmesh_272
 .text.MtlCryptMessage
                0x00002dff       0x28 ..\mesh_common\mesh\libraries\csr_101x\libcsrmesh.a(csr_mesh_mtl.o)
 .text.___libcsrmesh_276
                0x00002e27      0x225 ..\mesh_common\mesh\libraries\csr_101x\libcsrmesh.a(csr_mesh_mtl.o)
                0x00002e27                ___libcsrmesh_276
 .text.___libcsrmesh_279
                0x0000304c       0x59 ..\mesh_common\mesh\libraries\csr_101x\libcsrmesh.a(csr_mesh_mtl.o)
                0x0000304c                ___libcsrmesh_279
 .text.___libcsrmesh_271
                0x000030a5       0x1e ..\mesh_common\mesh\libraries\csr_101x\libcsrmesh.a(csr_mesh_mtl.o)
                0x000030a5                ___libcsrmesh_271
 .text.___libcsrmesh_284
                0x000030c3       0x2d ..\mesh_common\mesh\libraries\csr_101x\libcsrmesh.a(csr_mesh_mtl.o)
                0x000030c3                ___libcsrmesh_284
 .text.___libcsrmesh_297
                0x000030f0       0x96 ..\mesh_common\mesh\libraries\csr_101x\libcsrmesh.a(csr_mesh_sha256_get_results.o)
                0x000030f0                ___libcsrmesh_297
 .text.___libcsrmesh_308
                0x00003186       0x24 ..\mesh_common\mesh\libraries\csr_101x\libcsrmesh.a(csr_mesh_sha256_hmac.o)
                0x00003186                ___libcsrmesh_308
 .text.___libcsrmesh_304
                0x000031aa       0x42 ..\mesh_common\mesh\libraries\csr_101x\libcsrmesh.a(csr_mesh_sha256_hmac.o)
                0x000031aa                ___libcsrmesh_304
 .text.___libcsrmesh_306
                0x000031ec       0x1a ..\mesh_common\mesh\libraries\csr_101x\libcsrmesh.a(csr_mesh_sha256_hmac.o)
                0x000031ec                ___libcsrmesh_306
 .text.___libcsrmesh_307
                0x00003206       0x3d ..\mesh_common\mesh\libraries\csr_101x\libcsrmesh.a(csr_mesh_sha256_hmac.o)
                0x00003206                ___libcsrmesh_307
 .text.___libcsrmesh_305
                0x00003243       0x78 ..\mesh_common\mesh\libraries\csr_101x\libcsrmesh.a(csr_mesh_sha256_hmac.o)
                0x00003243                ___libcsrmesh_305
 .text.___libcsrmesh_311
                0x000032bb       0x19 ..\mesh_common\mesh\libraries\csr_101x\libcsrmesh.a(csr_mesh_sha256_initialise.o)
                0x000032bb                ___libcsrmesh_311
 .text.sha256_process_data
                0x000032d4       0x85 ..\mesh_common\mesh\libraries\csr_101x\libcsrmesh.a(csr_mesh_sha256_process_data.o)
 .text.___libcsrmesh_317
                0x00003359        0xc ..\mesh_common\mesh\libraries\csr_101x\libcsrmesh.a(csr_mesh_sha256_process_data.o)
                0x00003359                ___libcsrmesh_317
 .text.___libcsrmesh_318
                0x00003365        0xa ..\mesh_common\mesh\libraries\csr_101x\libcsrmesh.a(csr_mesh_sha256_process_data.o)
                0x00003365                ___libcsrmesh_318
 .text.___libcsrmesh_337
                0x0000336f        0xe ..\mesh_common\mesh\libraries\csr_101x\libcsrmesh.a(csr_mesh_bearer.o)
                0x0000336f                ___libcsrmesh_337
 .text.___libcsrmesh_330
                0x0000337d       0x25 ..\mesh_common\mesh\libraries\csr_101x\libcsrmesh.a(csr_mesh_bearer.o)
                0x0000337d                ___libcsrmesh_330
 .text.___libcsrmesh_336
                0x000033a2        0xa ..\mesh_common\mesh\libraries\csr_101x\libcsrmesh.a(csr_mesh_bearer.o)
                0x000033a2                ___libcsrmesh_336
 .text.___libcsrmesh_335
                0x000033ac       0x1f ..\mesh_common\mesh\libraries\csr_101x\libcsrmesh.a(csr_mesh_bearer.o)
                0x000033ac                ___libcsrmesh_335
 .text.___libcsrmesh_331
                0x000033cb       0x35 ..\mesh_common\mesh\libraries\csr_101x\libcsrmesh.a(csr_mesh_bearer.o)
                0x000033cb                ___libcsrmesh_331
 .text.___libcsrmesh_333
                0x00003400       0x2c ..\mesh_common\mesh\libraries\csr_101x\libcsrmesh.a(csr_mesh_bearer.o)
                0x00003400                ___libcsrmesh_333
 .text.___libcsrmesh_332
                0x0000342c       0x12 ..\mesh_common\mesh\libraries\csr_101x\libcsrmesh.a(csr_mesh_bearer.o)
                0x0000342c                ___libcsrmesh_332
 .text.___libcsrmesh_334
                0x0000343e       0x58 ..\mesh_common\mesh\libraries\csr_101x\libcsrmesh.a(csr_mesh_bearer.o)
                0x0000343e                ___libcsrmesh_334
 .text.___libcsrmesh_353
                0x00003496       0x11 ..\mesh_common\mesh\libraries\csr_101x\libcsrmesh.a(csr_mesh_bearer_porting_util.o)
                0x00003496                ___libcsrmesh_353
 .text.___libcsrmesh_350
                0x000034a7       0x19 ..\mesh_common\mesh\libraries\csr_101x\libcsrmesh.a(csr_mesh_bearer_porting_util.o)
                0x000034a7                ___libcsrmesh_350
 .text.___libcsrmesh_352
                0x000034c0       0x1d ..\mesh_common\mesh\libraries\csr_101x\libcsrmesh.a(csr_mesh_bearer_porting_util.o)
                0x000034c0                ___libcsrmesh_352
 .text.___libcsrmesh_355
                0x000034dd        0x3 ..\mesh_common\mesh\libraries\csr_101x\libcsrmesh.a(csr_mesh_bearer_porting_util.o)
                0x000034dd                ___libcsrmesh_355
 .text.___libcsrmesh_354
                0x000034e0        0x3 ..\mesh_common\mesh\libraries\csr_101x\libcsrmesh.a(csr_mesh_bearer_porting_util.o)
                0x000034e0                ___libcsrmesh_354
 .text.___libcsrmesh_351
                0x000034e3       0x5f ..\mesh_common\mesh\libraries\csr_101x\libcsrmesh.a(csr_mesh_bearer_porting_util.o)
                0x000034e3                ___libcsrmesh_351
 .text.checkMessageInTransmitQueue
                0x00003542       0x3d ..\mesh_common\mesh\libraries\csr_101x\libcsrmesh.a(csr_mesh_bearer_porting_util.o)
 .text.checkSmartMeshMessageInTransmitQueue
                0x0000357f       0x3d ..\mesh_common\mesh\libraries\csr_101x\libcsrmesh.a(csr_mesh_bearer_porting_util.o)
 .text.___libcsrmesh_349
                0x000035bc       0x82 ..\mesh_common\mesh\libraries\csr_101x\libcsrmesh.a(csr_mesh_bearer_porting_util.o)
                0x000035bc                ___libcsrmesh_349
 .text.___libcsrmesh_363
                0x0000363e        0x6 ..\mesh_common\mesh\libraries\csr_101x\libcsrmesh.a(csr_mesh_hal_ifce.o)
                0x0000363e                ___libcsrmesh_363
 .text.___libcsrmesh_367
                0x00003644        0x5 ..\mesh_common\mesh\libraries\csr_101x\libcsrmesh.a(csr_mesh_hal_ifce.o)
                0x00003644                ___libcsrmesh_367
 .text.___libcsrmesh_362
                0x00003649        0xc ..\mesh_common\mesh\libraries\csr_101x\libcsrmesh.a(csr_mesh_hal_ifce.o)
                0x00003649                ___libcsrmesh_362
 .text.___libcsrmesh_366
                0x00003655        0xb ..\mesh_common\mesh\libraries\csr_101x\libcsrmesh.a(csr_mesh_hal_ifce.o)
                0x00003655                ___libcsrmesh_366
 .text.___libcsrmesh_365
                0x00003660        0xc ..\mesh_common\mesh\libraries\csr_101x\libcsrmesh.a(csr_mesh_hal_ifce.o)
                0x00003660                ___libcsrmesh_365
 .text.___libcsrmesh_364
                0x0000366c        0x3 ..\mesh_common\mesh\libraries\csr_101x\libcsrmesh.a(csr_mesh_hal_ifce.o)
                0x0000366c                ___libcsrmesh_364
 .text.___libcsrmesh_371
                0x0000366f       0x5e ..\mesh_common\mesh\libraries\csr_101x\libcsrmesh.a(csr_mesh_security_ifce_101x.o)
                0x0000366f                ___libcsrmesh_371
 .text.___libcsrmesh_373
                0x000036cd       0x23 ..\mesh_common\mesh\libraries\csr_101x\libcsrmesh.a(csr_mesh_security_ifce_101x.o)
                0x000036cd                ___libcsrmesh_373
 .text.___libcsrmesh_372
                0x000036f0       0x23 ..\mesh_common\mesh\libraries\csr_101x\libcsrmesh.a(csr_mesh_security_ifce_101x.o)
                0x000036f0                ___libcsrmesh_372
 .text.CSRSchedGetScanDutyCycle
                0x00003713       0x1a ..\mesh_common\mesh\libraries\csr_101x\libcsrmesh.a(csr1010_scheduler.o)
                0x00003713                CSRSchedGetScanDutyCycle
 .text.IsCSRSchedRunning
                0x0000372d        0x5 ..\mesh_common\mesh\libraries\csr_101x\libcsrmesh.a(csr1010_scheduler.o)
                0x0000372d                IsCSRSchedRunning
 .text.CSRSchedLeAdvScanDisable
                0x00003732       0x10 ..\mesh_common\mesh\libraries\csr_101x\libcsrmesh.a(csr1010_scheduler.o)
 .text.CSRSchedConnectionIdleTimeoutHandler
                0x00003742        0xc ..\mesh_common\mesh\libraries\csr_101x\libcsrmesh.a(csr1010_scheduler.o)
 .text.CSRSchedConnUpdateTimeoutHandler
                0x0000374e       0x19 ..\mesh_common\mesh\libraries\csr_101x\libcsrmesh.a(csr1010_scheduler.o)
 .text.CSRSchedLeStartScan
                0x00003767       0x3d ..\mesh_common\mesh\libraries\csr_101x\libcsrmesh.a(csr1010_scheduler.o)
 .text.CSRSchedSetScanDutyCycle
                0x000037a4       0xc3 ..\mesh_common\mesh\libraries\csr_101x\libcsrmesh.a(csr1010_scheduler.o)
                0x000037a4                CSRSchedSetScanDutyCycle
 .text.CSRSchedHandleIncomingData
                0x00003867       0x4b ..\mesh_common\mesh\libraries\csr_101x\libcsrmesh.a(csr1010_scheduler.o)
                0x00003867                CSRSchedHandleIncomingData
 .text.CSRSchedMeshLeStartAdverts
                0x000038b2       0x99 ..\mesh_common\mesh\libraries\csr_101x\libcsrmesh.a(csr1010_scheduler.o)
 .text.CSRSchedSendPriorityMsg
                0x0000394b       0x27 ..\mesh_common\mesh\libraries\csr_101x\libcsrmesh.a(csr1010_scheduler.o)
                0x0000394b                CSRSchedSendPriorityMsg
 .text.CSRSchedAdvertTimeoutHandler
                0x00003972       0x62 ..\mesh_common\mesh\libraries\csr_101x\libcsrmesh.a(csr1010_scheduler.o)
 .text.CSRSchedLeStartUserAdverts
                0x000039d4       0x72 ..\mesh_common\mesh\libraries\csr_101x\libcsrmesh.a(csr1010_scheduler.o)
 .text.CSRSchedMeshLeStartAdvertsFromQueue
                0x00003a46        0xe ..\mesh_common\mesh\libraries\csr_101x\libcsrmesh.a(csr1010_scheduler.o)
 .text.CSRSchedScanTimeoutHandler
                0x00003a54       0x13 ..\mesh_common\mesh\libraries\csr_101x\libcsrmesh.a(csr1010_scheduler.o)
 .text.CSRSchedStart
                0x00003a67       0x1f ..\mesh_common\mesh\libraries\csr_101x\libcsrmesh.a(csr1010_scheduler.o)
                0x00003a67                CSRSchedStart
 .text.CSRSchedNotifyGattEvent
                0x00003a86       0xe8 ..\mesh_common\mesh\libraries\csr_101x\libcsrmesh.a(csr1010_scheduler.o)
                0x00003a86                CSRSchedNotifyGattEvent
 .text.CSRSchedMissingRadioEventTimeoutHandler
                0x00003b6e        0xc ..\mesh_common\mesh\libraries\csr_101x\libcsrmesh.a(csr1010_scheduler.o)
 .text.CSRSchedConnectionBusyTimeoutHandler
                0x00003b7a       0x19 ..\mesh_common\mesh\libraries\csr_101x\libcsrmesh.a(csr1010_scheduler.o)
 .text.CSRSchedSendUserAdv
                0x00003b93       0x3e ..\mesh_common\mesh\libraries\csr_101x\libcsrmesh.a(csr1010_scheduler.o)
                0x00003b93                CSRSchedSendUserAdv
 .text.CSRSchedGetConfigParams
                0x00003bd1       0x41 ..\mesh_common\mesh\libraries\csr_101x\libcsrmesh.a(csr1010_scheduler.o)
                0x00003bd1                CSRSchedGetConfigParams
 .text.CSRSchedUpdateMeshParams
                0x00003c12       0x32 ..\mesh_common\mesh\libraries\csr_101x\libcsrmesh.a(csr1010_scheduler.o)
 .text.CSRSchedSetConfigParams
                0x00003c44       0x4d ..\mesh_common\mesh\libraries\csr_101x\libcsrmesh.a(csr1010_scheduler.o)
                0x00003c44                CSRSchedSetConfigParams
 .text.CsrSchedSetTxPower
                0x00003c91        0x5 ..\mesh_common\mesh\libraries\csr_101x\libcsrmesh.a(csr1010_scheduler.o)
                0x00003c91                CsrSchedSetTxPower
 .text.___libcsrmesh_414
                0x00003c96       0x45 ..\mesh_common\mesh\libraries\csr_101x\libcsrmesh.a(sig_mesh_relay.o)
                0x00003c96                ___libcsrmesh_414
 .text.BearerModelInit
                0x00003cdb       0x12 ..\mesh_common\mesh\libraries\csr_101x\libcsrmesh.a(csr_mesh_bearer_model.o)
                0x00003cdb                BearerModelInit
 .text.handleMcpBearerModelMsg
                0x00003ced       0xab ..\mesh_common\mesh\libraries\csr_101x\libcsrmesh.a(csr_mesh_bearer_model.o)
 .text.___libcsrmesh_111
                0x00003d98       0x14 ..\mesh_common\mesh\libraries\csr_101x\libcsrmesh.a(csr_mesh_config_model.o)
                0x00003d98                ___libcsrmesh_111
 .text.ConfigModelInit
                0x00003dac       0x18 ..\mesh_common\mesh\libraries\csr_101x\libcsrmesh.a(csr_mesh_config_model.o)
                0x00003dac                ConfigModelInit
 .text.configModelServerHandler
                0x00003dc4      0x3c7 ..\mesh_common\mesh\libraries\csr_101x\libcsrmesh.a(csr_mesh_config_model.o)
 .text.free_buffers
                0x0000418b        0x3 ..\mesh_common\mesh\libraries\csr_101x\libcsrmesh.a(csr_mesh_ec_math.o)
 .text.ec_math_192_double
                0x0000418e       0xb5 ..\mesh_common\mesh\libraries\csr_101x\libcsrmesh.a(csr_mesh_ec_math.o)
 .text.ec_math_192_mul
                0x00004243      0x116 ..\mesh_common\mesh\libraries\csr_101x\libcsrmesh.a(csr_mesh_ec_math.o)
 .text.___libcsrmesh_127
                0x00004359        0xc ..\mesh_common\mesh\libraries\csr_101x\libcsrmesh.a(csr_mesh_ec_math.o)
                0x00004359                ___libcsrmesh_127
 .text.___libcsrmesh_128
                0x00004365       0x2d ..\mesh_common\mesh\libraries\csr_101x\libcsrmesh.a(csr_mesh_ec_math.o)
                0x00004365                ___libcsrmesh_128
 .text.GroupModelInit
                0x00004392       0x12 ..\mesh_common\mesh\libraries\csr_101x\libcsrmesh.a(csr_mesh_group_model.o)
                0x00004392                GroupModelInit
 .text.groupModelServerHandler
                0x000043a4      0x114 ..\mesh_common\mesh\libraries\csr_101x\libcsrmesh.a(csr_mesh_group_model.o)
 .text.___libcsrmesh_159
                0x000044b8       0x2e ..\mesh_common\mesh\libraries\csr_101x\libcsrmesh.a(csr_mesh_large_num.o)
                0x000044b8                ___libcsrmesh_159
 .text.___libcsrmesh_157
                0x000044e6        0xc ..\mesh_common\mesh\libraries\csr_101x\libcsrmesh.a(csr_mesh_large_num.o)
                0x000044e6                ___libcsrmesh_157
 .text.___libcsrmesh_161
                0x000044f2       0x10 ..\mesh_common\mesh\libraries\csr_101x\libcsrmesh.a(csr_mesh_large_num.o)
                0x000044f2                ___libcsrmesh_161
 .text.___libcsrmesh_168
                0x00004502       0x25 ..\mesh_common\mesh\libraries\csr_101x\libcsrmesh.a(csr_mesh_large_num.o)
                0x00004502                ___libcsrmesh_168
 .text.___libcsrmesh_158
                0x00004527       0x64 ..\mesh_common\mesh\libraries\csr_101x\libcsrmesh.a(csr_mesh_large_num.o)
                0x00004527                ___libcsrmesh_158
 .text.___libcsrmesh_169
                0x0000458b       0x4f ..\mesh_common\mesh\libraries\csr_101x\libcsrmesh.a(csr_mesh_large_num.o)
                0x0000458b                ___libcsrmesh_169
 .text.___libcsrmesh_165
                0x000045da       0x18 ..\mesh_common\mesh\libraries\csr_101x\libcsrmesh.a(csr_mesh_large_num.o)
                0x000045da                ___libcsrmesh_165
 .text.___libcsrmesh_167
                0x000045f2       0x3b ..\mesh_common\mesh\libraries\csr_101x\libcsrmesh.a(csr_mesh_large_num.o)
                0x000045f2                ___libcsrmesh_167
 .text.___libcsrmesh_166
                0x0000462d       0x35 ..\mesh_common\mesh\libraries\csr_101x\libcsrmesh.a(csr_mesh_large_num.o)
                0x0000462d                ___libcsrmesh_166
 .text.___libcsrmesh_160
                0x00004662        0x8 ..\mesh_common\mesh\libraries\csr_101x\libcsrmesh.a(csr_mesh_large_num.o)
                0x00004662                ___libcsrmesh_160
 .text.___libcsrmesh_171
                0x0000466a       0xb6 ..\mesh_common\mesh\libraries\csr_101x\libcsrmesh.a(csr_mesh_large_num.o)
                0x0000466a                ___libcsrmesh_171
 .text.___libcsrmesh_155
                0x00004720        0x2 ..\mesh_common\mesh\libraries\csr_101x\libcsrmesh.a(csr_mesh_large_num.o)
                0x00004720                ___libcsrmesh_155
 .text.___libcsrmesh_156
                0x00004722        0x2 ..\mesh_common\mesh\libraries\csr_101x\libcsrmesh.a(csr_mesh_large_num.o)
                0x00004722                ___libcsrmesh_156
 .text.___libcsrmesh_170
                0x00004724       0xac ..\mesh_common\mesh\libraries\csr_101x\libcsrmesh.a(csr_mesh_large_num.o)
                0x00004724                ___libcsrmesh_170
 .text.___libcsrmesh_163
                0x000047d0       0x14 ..\mesh_common\mesh\libraries\csr_101x\libcsrmesh.a(csr_mesh_large_num.o)
                0x000047d0                ___libcsrmesh_163
 .text.___libcsrmesh_164
                0x000047e4        0x5 ..\mesh_common\mesh\libraries\csr_101x\libcsrmesh.a(csr_mesh_large_num.o)
                0x000047e4                ___libcsrmesh_164
 .text.___libcsrmesh_162
                0x000047e9       0x21 ..\mesh_common\mesh\libraries\csr_101x\libcsrmesh.a(csr_mesh_large_num.o)
                0x000047e9                ___libcsrmesh_162
 .text.___libcsrmesh_286
                0x0000480a       0x44 ..\mesh_common\mesh\libraries\csr_101x\libcsrmesh.a(csr_mesh_sha_add_to_cache.o)
                0x0000480a                ___libcsrmesh_286
 .text.sha256_calc_ith_hash_val
                0x0000484e      0x1b8 ..\mesh_common\mesh\libraries\csr_101x\libcsrmesh.a(csr_mesh_sha256_calc_ith_hash_val.o)
 .text.___libcsrmesh_292
                0x00004a06       0x15 ..\mesh_common\mesh\libraries\csr_101x\libcsrmesh.a(csr_mesh_sha256_calc_ith_hash_val.o)
                0x00004a06                ___libcsrmesh_292
 .text.___libcsrmesh_293
                0x00004a1b       0x37 ..\mesh_common\mesh\libraries\csr_101x\libcsrmesh.a(csr_mesh_sha256_calc_ith_hash_val.o)
                0x00004a1b                ___libcsrmesh_293
 .text.___libcsrmesh_294
                0x00004a52        0xb ..\mesh_common\mesh\libraries\csr_101x\libcsrmesh.a(csr_mesh_sha256_calc_ith_hash_val.o)
                0x00004a52                ___libcsrmesh_294
 .text.DataModelInit
                0x00004a5d       0x15 ..\mesh_common\mesh\libraries\csr_101x\libdata_server.a(data_model.o)
                0x00004a5d                DataModelInit
 .text.dataModelServerHandler
                0x00004a72       0xc1 ..\mesh_common\mesh\libraries\csr_101x\libdata_server.a(data_model.o)
 .text.dataModelClientHandler
                0x00004b33       0x39 ..\mesh_common\mesh\libraries\csr_101x\libdata_client.a(data_client.o)
 .text.DataBlockSend
                0x00004b6c       0x29 ..\mesh_common\mesh\libraries\csr_101x\libdata_client.a(data_client.o)
                0x00004b6c                DataBlockSend
 .text.DataStreamSend
                0x00004b95       0x35 ..\mesh_common\mesh\libraries\csr_101x\libdata_client.a(data_client.o)
                0x00004b95                DataStreamSend
 .text.DataStreamFlush
                0x00004bca       0x1e ..\mesh_common\mesh\libraries\csr_101x\libdata_client.a(data_client.o)
                0x00004bca                DataStreamFlush
 .text.DataModelClientInit
                0x00004be8        0xd ..\mesh_common\mesh\libraries\csr_101x\libdata_client.a(data_client.o)
                0x00004be8                DataModelClientInit
 .text.LsReadRssi
                0x00004bf5        0xe D:\CSR_uEnergy_SDK-2.6.1.7\tools\lib\CSR101x_A05\libgatt_lib_ram.a(patch_ls_app_if.o)
                0x00004bf5                LsReadRssi
 .text.___libgatt_lib_db_4554
                0x00004c03        0x6 D:\CSR_uEnergy_SDK-2.6.1.7\tools\lib\CSR101x_A05\libgatt_lib_ram.a(patch_ls_app_if.o)
                0x00004c03                ___libgatt_lib_db_4554
 .text.patch_process_hci_event
                0x00004c09       0x2f D:\CSR_uEnergy_SDK-2.6.1.7\tools\lib\CSR101x_A05\libgatt_lib_ram.a(patch_ls_app_if.o)
 .text.LsRadioEventNotification
                0x00004c38        0x9 D:\CSR_uEnergy_SDK-2.6.1.7\tools\lib\CSR101x_A05\libgatt_lib_ram.a(patch_ls_app_if.o)
                0x00004c38                LsRadioEventNotification
 .text.LsSetTransmitPowerLevel
                0x00004c41        0x9 D:\CSR_uEnergy_SDK-2.6.1.7\tools\lib\CSR101x_A05\libgatt_lib_ram.a(ls_app_if_ram.o)
                0x00004c41                LsSetTransmitPowerLevel
 .text.LsReadTransmitPowerLevel
                0x00004c4a        0x8 D:\CSR_uEnergy_SDK-2.6.1.7\tools\lib\CSR101x_A05\libgatt_lib_ram.a(ls_app_if_ram.o)
                0x00004c4a                LsReadTransmitPowerLevel
 .text.___libgatt_lib_db_4564
                0x00004c52        0xe D:\CSR_uEnergy_SDK-2.6.1.7\tools\lib\CSR101x_A05\libgatt_lib_ram.a(patch_ls_advertising_if.o)
                0x00004c52                ___libgatt_lib_db_4564
 .text.ls_advscan_set_payload_data
                0x00004c60       0x46 D:\CSR_uEnergy_SDK-2.6.1.7\tools\lib\CSR101x_A05\libgatt_lib_ram.a(patch_ls_advertising_if.o)
 .text.___libgatt_lib_db_4565
                0x00004ca6        0xb D:\CSR_uEnergy_SDK-2.6.1.7\tools\lib\CSR101x_A05\libgatt_lib_ram.a(patch_ls_advertising_if.o)
                0x00004ca6                ___libgatt_lib_db_4565
 .text.LsStoreAdvDataNoAdFlags
                0x00004cb1       0x2c D:\CSR_uEnergy_SDK-2.6.1.7\tools\lib\CSR101x_A05\libgatt_lib_ram.a(patch_ls_advertising_if.o)
                0x00004cb1                LsStoreAdvDataNoAdFlags
 .text.LsStoreAdvScanData
                0x00004cdd        0xf D:\CSR_uEnergy_SDK-2.6.1.7\tools\lib\CSR101x_A05\libgatt_lib_ram.a(patch_ls_advertising_if.o)
                0x00004cdd                LsStoreAdvScanData
 .text.LsStartStopAdvertise
                0x00004cec        0xc D:\CSR_uEnergy_SDK-2.6.1.7\tools\lib\CSR101x_A05\libgatt_lib_ram.a(patch_ls_advertising_if.o)
                0x00004cec                LsStartStopAdvertise
 .text.___libgatt_lib_db_4574
                0x00004cf8       0x1e D:\CSR_uEnergy_SDK-2.6.1.7\tools\lib\CSR101x_A05\libgatt_lib_ram.a(patch_l2cap.o)
                0x00004cf8                ___libgatt_lib_db_4574
 .text.___libgatt_lib_db_4573
                0x00004d16        0xc D:\CSR_uEnergy_SDK-2.6.1.7\tools\lib\CSR101x_A05\libgatt_lib_ram.a(patch_l2cap.o)
                0x00004d16                ___libgatt_lib_db_4573
 .text.GattInit
                0x00004d22       0x1f D:\CSR_uEnergy_SDK-2.6.1.7\tools\lib\CSR101x_A05\libgatt_lib_ram.a(gatt_ram.o)
                0x00004d22                GattInit
 .text.GattCancelConnectReq
                0x00004d41        0x6 D:\CSR_uEnergy_SDK-2.6.1.7\tools\lib\CSR101x_A05\libgatt_lib_ram.a(patch_gatt.o)
                0x00004d41                GattCancelConnectReq
 .text.___libgatt_lib_db_4610
                0x00004d47        0x8 D:\CSR_uEnergy_SDK-2.6.1.7\tools\lib\CSR101x_A05\libgatt_lib_ram.a(patch_george.o)
                0x00004d47                ___libgatt_lib_db_4610
 .text.___libgatt_lib_db_4617
                0x00004d4f       0x1b D:\CSR_uEnergy_SDK-2.6.1.7\tools\lib\CSR101x_A05\libgatt_lib_ram.a(patch_george.o)
                0x00004d4f                ___libgatt_lib_db_4617
 .text.___libgatt_lib_db_4614
                0x00004d6a       0x2d D:\CSR_uEnergy_SDK-2.6.1.7\tools\lib\CSR101x_A05\libgatt_lib_ram.a(patch_george.o)
                0x00004d6a                ___libgatt_lib_db_4614
 .text.___libgatt_lib_db_4616
                0x00004d97       0xde D:\CSR_uEnergy_SDK-2.6.1.7\tools\lib\CSR101x_A05\libgatt_lib_ram.a(patch_george.o)
                0x00004d97                ___libgatt_lib_db_4616
 .text.rx_timing_report
                0x00004e75       0xb1 D:\CSR_uEnergy_SDK-2.6.1.7\tools\lib\CSR101x_A05\libgatt_lib_ram.a(patch_george.o)
 .text.ram_le_handle_event
                0x00004f26       0xeb D:\CSR_uEnergy_SDK-2.6.1.7\tools\lib\CSR101x_A05\libgatt_lib_ram.a(patch_george.o)
 .text.ram_btle_event_common
                0x00005011       0x6d D:\CSR_uEnergy_SDK-2.6.1.7\tools\lib\CSR101x_A05\libgatt_lib_ram.a(patch_george.o)
 .text.___libgatt_lib_db_4550
                0x0000507e        0x6 D:\CSR_uEnergy_SDK-2.6.1.7\tools\lib\CSR101x_A05\libgatt_lib_ram.a(patch_george.o)
                0x0000507e                ___libgatt_lib_db_4550
 .text.___libgatt_lib_db_4549
                0x00005084        0x6 D:\CSR_uEnergy_SDK-2.6.1.7\tools\lib\CSR101x_A05\libgatt_lib_ram.a(patch_george.o)
                0x00005084                ___libgatt_lib_db_4549
 .text.___libgatt_lib_db_4611
                0x0000508a      0x17f D:\CSR_uEnergy_SDK-2.6.1.7\tools\lib\CSR101x_A05\libgatt_lib_ram.a(patch_george.o)
                0x0000508a                ___libgatt_lib_db_4611
 .text.___libgatt_lib_db_4544
                0x00005209       0x26 D:\CSR_uEnergy_SDK-2.6.1.7\tools\lib\CSR101x_A05\libgatt_lib_ram.a(patch_george.o)
                0x00005209                ___libgatt_lib_db_4544
 .text.___libgatt_lib_db_4618
                0x0000522f      0x112 D:\CSR_uEnergy_SDK-2.6.1.7\tools\lib\CSR101x_A05\libgatt_lib_ram.a(patch_george.o)
                0x0000522f                ___libgatt_lib_db_4618
 .text.___libgatt_lib_db_4629
                0x00005341        0xc D:\CSR_uEnergy_SDK-2.6.1.7\tools\lib\CSR101x_A05\libgatt_lib_ram.a(patch_george_ll.o)
                0x00005341                ___libgatt_lib_db_4629
 .text.___libgatt_lib_db_4628
                0x0000534d       0x11 D:\CSR_uEnergy_SDK-2.6.1.7\tools\lib\CSR101x_A05\libgatt_lib_ram.a(patch_george_ll.o)
                0x0000534d                ___libgatt_lib_db_4628
 .text.___libgatt_lib_db_4630
                0x0000535e      0x11a D:\CSR_uEnergy_SDK-2.6.1.7\tools\lib\CSR101x_A05\libgatt_lib_ram.a(patch_george_ll.o)
                0x0000535e                ___libgatt_lib_db_4630
 .text.___libgatt_lib_db_4645
                0x00005478       0x27 D:\CSR_uEnergy_SDK-2.6.1.7\tools\lib\CSR101x_A05\libgatt_lib_ram.a(patch_dbase.o)
                0x00005478                ___libgatt_lib_db_4645
 .text.___libgatt_lib_db_4639
                0x0000549f       0x1f D:\CSR_uEnergy_SDK-2.6.1.7\tools\lib\CSR101x_A05\libgatt_lib_ram.a(patch_dbase.o)
                0x0000549f                ___libgatt_lib_db_4639
 .text.dbase_safe_access_check_curr
                0x000054be        0x3 D:\CSR_uEnergy_SDK-2.6.1.7\tools\lib\CSR101x_A05\libgatt_lib_ram.a(patch_dbase.o)
 .text.___libgatt_lib_db_4644
                0x000054c1       0x10 D:\CSR_uEnergy_SDK-2.6.1.7\tools\lib\CSR101x_A05\libgatt_lib_ram.a(patch_dbase.o)
                0x000054c1                ___libgatt_lib_db_4644
 .text.___libgatt_lib_db_4642
                0x000054d1       0x10 D:\CSR_uEnergy_SDK-2.6.1.7\tools\lib\CSR101x_A05\libgatt_lib_ram.a(patch_dbase.o)
                0x000054d1                ___libgatt_lib_db_4642
 .text.___libgatt_lib_db_4641
                0x000054e1        0xe D:\CSR_uEnergy_SDK-2.6.1.7\tools\lib\CSR101x_A05\libgatt_lib_ram.a(patch_dbase.o)
                0x000054e1                ___libgatt_lib_db_4641
 .text.___libgatt_lib_db_4640
                0x000054ef        0x7 D:\CSR_uEnergy_SDK-2.6.1.7\tools\lib\CSR101x_A05\libgatt_lib_ram.a(patch_dbase.o)
                0x000054ef                ___libgatt_lib_db_4640
 .text.___libgatt_lib_db_4654
                0x000054f6        0xc D:\CSR_uEnergy_SDK-2.6.1.7\tools\lib\CSR101x_A05\libgatt_lib_ram.a(hal_debugbus_state.o)
                0x000054f6                ___libgatt_lib_db_4654
 .text.___libgatt_lib_db_4653
                0x00005502        0xc D:\CSR_uEnergy_SDK-2.6.1.7\tools\lib\CSR101x_A05\libgatt_lib_ram.a(hal_debugbus_state.o)
                0x00005502                ___libgatt_lib_db_4653
 .text.___libgatt_lib_db_4659
                0x0000550e        0x5 D:\CSR_uEnergy_SDK-2.6.1.7\tools\lib\CSR101x_A05\libgatt_lib_ram.a(patch_halradiotrim.o)
                0x0000550e                ___libgatt_lib_db_4659
 .text.___libgatt_lib_db_4206
                0x00005513       0x1d D:\CSR_uEnergy_SDK-2.6.1.7\tools\lib\CSR101x_A05\libgatt_lib_ram.a(patch_halradiotrim.o)
                0x00005513                ___libgatt_lib_db_4206
 .text.___libgatt_lib_db_4208
                0x00005530       0x11 D:\CSR_uEnergy_SDK-2.6.1.7\tools\lib\CSR101x_A05\libgatt_lib_ram.a(patch_halradiotrim.o)
                0x00005530                ___libgatt_lib_db_4208
 .text.___libgatt_lib_db_4209
                0x00005541       0x4f D:\CSR_uEnergy_SDK-2.6.1.7\tools\lib\CSR101x_A05\libgatt_lib_ram.a(patch_halradiotrim.o)
                0x00005541                ___libgatt_lib_db_4209
 .text.RAM_set_tx_power_parameters
                0x00005590       0x5a D:\CSR_uEnergy_SDK-2.6.1.7\tools\lib\CSR101x_A05\libgatt_lib_ram.a(patch_halradiotrim.o)
 .text.___libgatt_lib_db_4660
                0x000055ea        0xf D:\CSR_uEnergy_SDK-2.6.1.7\tools\lib\CSR101x_A05\libgatt_lib_ram.a(patch_halradiotrim.o)
                0x000055ea                ___libgatt_lib_db_4660
 .text.___libgatt_lib_db_4658
                0x000055f9        0xa D:\CSR_uEnergy_SDK-2.6.1.7\tools\lib\CSR101x_A05\libgatt_lib_ram.a(patch_halradiotrim.o)
                0x000055f9                ___libgatt_lib_db_4658
 .text.___libgatt_lib_db_4205
                0x00005603        0x9 D:\CSR_uEnergy_SDK-2.6.1.7\tools\lib\CSR101x_A05\libgatt_lib_ram.a(patch_halradiotrim.o)
                0x00005603                ___libgatt_lib_db_4205
 .text.patched_uart_do_tx
                0x0000560c       0x1d D:\CSR_uEnergy_SDK-2.6.1.7\tools\lib\CSR101x_A05\libgatt_lib_ram.a(patch_uart.o)
 .text.stop_sb_timer
                0x00005629        0xd D:\CSR_uEnergy_SDK-2.6.1.7\tools\lib\CSR101x_A05\libgatt_lib_ram.a(patch_uart.o)
 .text.patched_uart_out_event
                0x00005636        0x9 D:\CSR_uEnergy_SDK-2.6.1.7\tools\lib\CSR101x_A05\libgatt_lib_ram.a(patch_uart.o)
 .text.sb_timeout
                0x0000563f       0x12 D:\CSR_uEnergy_SDK-2.6.1.7\tools\lib\CSR101x_A05\libgatt_lib_ram.a(patch_uart.o)
 .text.UartWrite
                0x00005651       0x4b D:\CSR_uEnergy_SDK-2.6.1.7\tools\lib\CSR101x_A05\libgatt_lib_ram.a(patch_uart.o)
                0x00005651                UartWrite
 .text.UartConfig
                0x0000569c       0x33 D:\CSR_uEnergy_SDK-2.6.1.7\tools\lib\CSR101x_A05\libgatt_lib_ram.a(patch_uart.o)
                0x0000569c                UartConfig
 .text.UartInit
                0x000056cf       0x18 D:\CSR_uEnergy_SDK-2.6.1.7\tools\lib\CSR101x_A05\libgatt_lib_ram.a(patch_uart.o)
                0x000056cf                UartInit
 .text.___libgatt_lib_db_4668
                0x000056e7       0x24 D:\CSR_uEnergy_SDK-2.6.1.7\tools\lib\CSR101x_A05\libgatt_lib_ram.a(patch_timer.o)
                0x000056e7                ___libgatt_lib_db_4668
 .text.SMEncryptRawAes
                0x0000570b        0x3 D:\CSR_uEnergy_SDK-2.6.1.7\tools\lib\CSR101x_A05\libgatt_lib_ram.a(patch_crypt.o)
                0x0000570b                SMEncryptRawAes
 .text.ram_app_init
                0x0000570e       0x31 D:\CSR_uEnergy_SDK-2.6.1.7\tools\lib\CSR101x_A05\libgatt_lib_ram.a(main_ram.o)
                0x0000570e                ram_app_init
 .text.___libgatt_lib_db_4364
                0x0000573f        0x8 D:\CSR_uEnergy_SDK-2.6.1.7\tools\lib\CSR101x_A05\libgatt_lib_ram.a(hw_patch_install.o)
                0x0000573f                ___libgatt_lib_db_4364
 .text.PioConfigPWM
                0x00005747       0x2b D:\CSR_uEnergy_SDK-2.6.1.7\tools\lib\CSR101x_A05\libgatt_lib_ram.a(robs_pio_ram.o)
                0x00005747                PioConfigPWM
 .text.PioSetMode
                0x00005772        0xb D:\CSR_uEnergy_SDK-2.6.1.7\tools\lib\CSR101x_A05\libgatt_lib_ram.a(robs_pio_ram.o)
                0x00005772                PioSetMode
 .text.IdGetLlVerBtle
                0x0000577d        0x3 D:\CSR_uEnergy_SDK-2.6.1.7\tools\lib\CSR101x_A05\libgatt_lib_ram.a(id_ram.o)
                0x0000577d                IdGetLlVerBtle
 .text.___libgatt_lib_db_4214
                0x00005780      0x15e D:\CSR_uEnergy_SDK-2.6.1.7\tools\lib\CSR101x_A05\libgatt_lib_ram.a(patch_thermometer.o)
                0x00005780                ___libgatt_lib_db_4214
 .text.___libgatt_lib_db_4569
                0x000058de       0x10 D:\CSR_uEnergy_SDK-2.6.1.7\tools\lib\CSR101x_A05\libgatt_lib_ram.a(patch_ls_l2cap_if.o)
                0x000058de                ___libgatt_lib_db_4569
 .text.___libgatt_lib_db_4570
                0x000058ee       0x12 D:\CSR_uEnergy_SDK-2.6.1.7\tools\lib\CSR101x_A05\libgatt_lib_ram.a(patch_ls_l2cap_if.o)
                0x000058ee                ___libgatt_lib_db_4570
 .text.___libgatt_lib_db_4577
                0x00005900        0xe D:\CSR_uEnergy_SDK-2.6.1.7\tools\lib\CSR101x_A05\libgatt_lib_ram.a(patch_att_install.o)
                0x00005900                ___libgatt_lib_db_4577
 .text.patch_att_handle_execute_write_req
                0x0000590e       0xef D:\CSR_uEnergy_SDK-2.6.1.7\tools\lib\CSR101x_A05\libgatt_lib_ram.a(patch_att_install.o)
 .text.patch_att_handle_read_multi_req
                0x000059fd       0xb1 D:\CSR_uEnergy_SDK-2.6.1.7\tools\lib\CSR101x_A05\libgatt_lib_ram.a(patch_att_install.o)
 .text.___libgatt_lib_db_4579
                0x00005aae       0x30 D:\CSR_uEnergy_SDK-2.6.1.7\tools\lib\CSR101x_A05\libgatt_lib_ram.a(patch_att.o)
                0x00005aae                ___libgatt_lib_db_4579
 .text.___libgatt_lib_db_4635
                0x00005ade       0x55 D:\CSR_uEnergy_SDK-2.6.1.7\tools\lib\CSR101x_A05\libgatt_lib_ram.a(patch_george_adv.o)
                0x00005ade                ___libgatt_lib_db_4635
 .text.___libgatt_lib_db_4636
                0x00005b33       0x1a D:\CSR_uEnergy_SDK-2.6.1.7\tools\lib\CSR101x_A05\libgatt_lib_ram.a(patch_george_adv.o)
                0x00005b33                ___libgatt_lib_db_4636
 .text.___libgatt_lib_db_4666
                0x00005b4d       0x50 D:\CSR_uEnergy_SDK-2.6.1.7\tools\lib\CSR101x_A05\libgatt_lib_ram.a(patch_halradio.o)
                0x00005b4d                ___libgatt_lib_db_4666
 .text.___libgatt_lib_db_4671
                0x00005b9d       0x25 D:\CSR_uEnergy_SDK-2.6.1.7\tools\lib\CSR101x_A05\libgatt_lib_ram.a(patch_sleep.o)
                0x00005b9d                ___libgatt_lib_db_4671
 .text.___libgatt_lib_db_4207
                0x00005bc2        0xd D:\CSR_uEnergy_SDK-2.6.1.7\tools\lib\CSR101x_A05\libgatt_lib_ram.a(patch_reset.o)
                0x00005bc2                ___libgatt_lib_db_4207
 .text.___libgatt_lib_db_4673
                0x00005bcf       0x69 D:\CSR_uEnergy_SDK-2.6.1.7\tools\lib\CSR101x_A05\libgatt_lib_ram.a(patch_pools.o)
                0x00005bcf                ___libgatt_lib_db_4673
 .text.___libgatt_lib_db_4676
                0x00005c38        0xe D:\CSR_uEnergy_SDK-2.6.1.7\tools\lib\CSR101x_A05\libgatt_lib_ram.a(patch_background_loop.o)
                0x00005c38                ___libgatt_lib_db_4676
 .text.___libgatt_lib_db_4678
                0x00005c46        0x5 D:\CSR_uEnergy_SDK-2.6.1.7\tools\lib\CSR101x_A05\libgatt_lib_ram.a(patch_fault.o)
                0x00005c46                ___libgatt_lib_db_4678
 .text.___libgatt_lib_db_4697
                0x00005c4b       0x3b D:\CSR_uEnergy_SDK-2.6.1.7\tools\lib\CSR101x_A05\libgatt_lib_ram.a(patch_pmu.o)
                0x00005c4b                ___libgatt_lib_db_4697
 .text.___libgatt_lib_db_4696
                0x00005c86       0x19 D:\CSR_uEnergy_SDK-2.6.1.7\tools\lib\CSR101x_A05\libgatt_lib_ram.a(patch_pmu.o)
                0x00005c86                ___libgatt_lib_db_4696
 .text.___libgatt_lib_db_4694
                0x00005c9f       0x1e D:\CSR_uEnergy_SDK-2.6.1.7\tools\lib\CSR101x_A05\libgatt_lib_ram.a(patch_pmu.o)
                0x00005c9f                ___libgatt_lib_db_4694
 .text.___libgatt_lib_db_4695
                0x00005cbd       0x2e D:\CSR_uEnergy_SDK-2.6.1.7\tools\lib\CSR101x_A05\libgatt_lib_ram.a(patch_pmu.o)
                0x00005cbd                ___libgatt_lib_db_4695
 .text.___libgatt_lib_db_4709
                0x00005ceb       0x86 D:\CSR_uEnergy_SDK-2.6.1.7\tools\lib\CSR101x_A05\libgatt_lib_ram.a(patch_updates.o)
                0x00005ceb                ___libgatt_lib_db_4709
 .text.___libgatt_lib_db_4711
                0x00005d71       0x27 D:\CSR_uEnergy_SDK-2.6.1.7\tools\lib\CSR101x_A05\libgatt_lib_ram.a(patch_adc.o)
                0x00005d71                ___libgatt_lib_db_4711
 *(.apptext)
 *(.apptext.*)
 *xap2crte.o(.text)
 *xap2crte.o(.text.*)
                0x00005d98                PROG_APPCODE_END = .
                0x00007d98                DATA_CONST_START = (DATA_RAM_START + .)
                0x00007d98                . = DATA_CONST_START

.const
 *(CONST)
 *(CONST.*)
                0x00007d98                DATA_CONST_END = .
                0x00007d98                DATA_RODATA_START = .
                0x00007d99                . = (. + 0x1)

.rodata         0x00007d99      0x207
 *(.rodata)
 .rodata        0x00007d99        0x2 depend_Release_CSR101x_A05\advertisement_handler.o
 *(.rodata.*)
 .rodata.ConnectionParamUpdateEvent
                0x00007d9b        0x5 depend_Release_CSR101x_A05\conn_param_update.o
 .rodata.csr_mesh_pskey_offset_table
                0x00007da0       0x1a depend_Release_CSR101x_A05\csr_mesh_ps_ifce.o
 .rodata.appHandleConnMgrProcEvent
                0x00007dba       0x1b depend_Release_CSR101x_A05\connection_handler.o
 .rodata.C.2..3504.
                0x00007dd5        0x3 depend_Release_CSR101x_A05\advertisement_handler.o
 .rodata.str2.2
                0x00007dd8        0xb depend_Release_CSR101x_A05\gap_service.o
 .rodata.g_service_handler
                0x00007de3        0x1 depend_Release_CSR101x_A05\gap_service.o
 .rodata.g_server_handler
                0x00007de4        0x1 depend_Release_CSR101x_A05\gatt_service.o
 .rodata.handleAccessWrite
                0x00007de5        0x7 depend_Release_CSR101x_A05\mesh_control_service.o
 .rodata.g_mesh_server_handlers
                0x00007dec        0x1 depend_Release_CSR101x_A05\mesh_control_service.o
 .rodata.chp_t1msec_adr
                0x00007ded        0x5 depend_Release_CSR101x_A05\time_uart.o
                0x00007ded                chp_t1msec_adr
 .rodata.chp_t4msec_adr
                0x00007df2        0x3 depend_Release_CSR101x_A05\time_uart.o
                0x00007df2                chp_t4msec_adr
 .rodata.chp_t100msec_adr
                0x00007df5        0x6 depend_Release_CSR101x_A05\time_uart.o
                0x00007df5                chp_t100msec_adr
 .rodata.chp_t1sec_adr
                0x00007dfb        0x7 depend_Release_CSR101x_A05\time_uart.o
                0x00007dfb                chp_t1sec_adr
 .rodata.str2.2
                0x00007e02        0x6 ..\mesh_common\mesh\libraries\csr_101x\libcsrmesh.a(csr_mesh_ec_alloc.o)
 .rodata.handleMaspMessage
                0x00007e08       0x17 ..\mesh_common\mesh\libraries\csr_101x\libcsrmesh.a(csr_mesh_masp.o)
 .rodata.str2.2
                0x00007e1f       0x14 ..\mesh_common\mesh\libraries\csr_101x\libcsrmesh.a(csr_mesh_masp.o)
 .rodata.masp_msg_len
                0x00007e33       0x19 ..\mesh_common\mesh\libraries\csr_101x\libcsrmesh.a(csr_mesh_masp.o)
 .rodata.masp_enc_key
                0x00007e4c       0x1f ..\mesh_common\mesh\libraries\csr_101x\libcsrmesh.a(csr_mesh_mtl.o)
 .rodata.masp_nw_iv
                0x00007e6b        0x8 ..\mesh_common\mesh\libraries\csr_101x\libcsrmesh.a(csr_mesh_mtl.o)
 .rodata.masp_nw_key
                0x00007e73       0x10 ..\mesh_common\mesh\libraries\csr_101x\libcsrmesh.a(csr_mesh_mtl.o)
 .rodata.str2.2
                0x00007e83        0xd ..\mesh_common\mesh\libraries\csr_101x\libcsrmesh.a(csr_mesh_sha256_hmac.o)
 .rodata.sha256_init_table
                0x00007e90       0x10 ..\mesh_common\mesh\libraries\csr_101x\libcsrmesh.a(csr_mesh_sha256_initialise.o)
 .rodata.csr_mesh_ad_data
                0x00007ea0        0x3 ..\mesh_common\mesh\libraries\csr_101x\libcsrmesh.a(csr1010_scheduler.o)
 .rodata.sm_ad_data
                0x00007ea3        0x1 ..\mesh_common\mesh\libraries\csr_101x\libcsrmesh.a(csr1010_scheduler.o)
 .rodata.configModelServerHandler
                0x00007ea4       0x1a ..\mesh_common\mesh\libraries\csr_101x\libcsrmesh.a(csr_mesh_config_model.o)
 .rodata.P192_curve_generator_x
                0x00007ebe        0xd ..\mesh_common\mesh\libraries\csr_101x\libcsrmesh.a(csr_mesh_ec_math.o)
 .rodata.P192_curve_generator_y
                0x00007ecb        0xd ..\mesh_common\mesh\libraries\csr_101x\libcsrmesh.a(csr_mesh_ec_math.o)
 .rodata.sha256_consts
                0x00007ed8       0x80 ..\mesh_common\mesh\libraries\csr_101x\libcsrmesh.a(csr_mesh_sha256_calc_ith_hash_val.o)
 .rodata.tx_power_table
                0x00007f58       0x28 D:\CSR_uEnergy_SDK-2.6.1.7\tools\lib\CSR101x_A05\libgatt_lib_ram.a(patch_halradiotrim.o)
                0x00007f58                ___libgatt_lib_db_4665
 .rodata.ram_build_identifier_integer
                0x00007f80        0x1 D:\CSR_uEnergy_SDK-2.6.1.7\tools\lib\CSR101x_A05\libgatt_lib_ram.a(id_ram.o)
                0x00007f80                ram_build_identifier_integer
 .rodata.ram_build_identifier_string
                0x00007f81       0x16 D:\CSR_uEnergy_SDK-2.6.1.7\tools\lib\CSR101x_A05\libgatt_lib_ram.a(id_ram.o)
                0x00007f81                ram_build_identifier_string
 .rodata.slut_extended
                0x00007f97        0x9 D:\CSR_uEnergy_SDK-2.6.1.7\tools\lib\CSR101x_A05\libgatt_lib_ram.a(slut.o)
                0x00007f97                ___libgatt_lib_db_4713
                0x00007fa0                DATA_RODATA_END = .

.bss            0x00007fa0      0xb4a
                0x00007fa0                DATA_BSS_APP_START = .
 *(.bss)
 .bss           0x00007fa0        0x3 D:\CSR_uEnergy_SDK-2.6.1.7\tools\lib\CSR101x_A05\libgatt_lib_ram.a(patch_sm.o)
                0x00007fa0                sm_security_started
 .bss           0x00007fa3        0x1 D:\CSR_uEnergy_SDK-2.6.1.7\tools\lib\CSR101x_A05\libgatt_lib_ram.a(patch_sm_l2cap.o)
 *(.bss.*)
 .bss.local_data
                0x00007fa4       0x13 depend_Release_CSR101x_A05\conn_param_update.o
 .bss.g_nvm_fresh
                0x00007fb7        0x1 depend_Release_CSR101x_A05\nvm_access.o
 .bss.g_cm_main_data
                0x00007fb8        0x4 depend_Release_CSR101x_A05\cm_private.o
 .bss.g_security_data
                0x00007fbc        0x3 depend_Release_CSR101x_A05\cm_security.o
 .bss.g_server_data
                0x00007fbf        0x3 depend_Release_CSR101x_A05\cm_server.o
 .bss.g_cm_observer_data
                0x00007fc2        0xd depend_Release_CSR101x_A05\cm_observer.o
 .bss.g_cm_peripheral_data
                0x00007fcf       0x4e depend_Release_CSR101x_A05\cm_peripheral.o
 .bss.assoc_attn_tid
                0x0000801d        0x1 depend_Release_CSR101x_A05\core_mesh_handler.o
 .bss.dev_id_advert_tid
                0x0000801e        0x1 depend_Release_CSR101x_A05\core_mesh_handler.o
 .bss.p_mesh_hdlr_data
                0x0000801f        0x1 depend_Release_CSR101x_A05\core_mesh_handler.o
 .bss.stream_send_retry_tid
                0x00008020        0x1 depend_Release_CSR101x_A05\data_model_handler.o
 .bss.tx_stream_offset
                0x00008021        0x1 depend_Release_CSR101x_A05\data_model_handler.o
 .bss.stream_send_retry_count
                0x00008022        0x1 depend_Release_CSR101x_A05\data_model_handler.o
 .bss.rx_stream_offset
                0x00008023        0x1 depend_Release_CSR101x_A05\data_model_handler.o
 .bss.rx_stream_in_progress
                0x00008024        0x1 depend_Release_CSR101x_A05\data_model_handler.o
 .bss.Tx_Data_Buffer_len
                0x00008025        0x1 depend_Release_CSR101x_A05\data_model_handler.o
 .bss.block_send_retry_tid
                0x00008026        0x1 depend_Release_CSR101x_A05\data_model_handler.o
 .bss.Block_Send_Num
                0x00008027        0x1 depend_Release_CSR101x_A05\data_model_handler.o
 .bss.Block_Send_Mod
                0x00008028        0x1 depend_Release_CSR101x_A05\data_model_handler.o
 .bss.device_info_length
                0x00008029        0x1 depend_Release_CSR101x_A05\data_model_handler.o
 .bss.app_stream_state
                0x0000802a        0x7 depend_Release_CSR101x_A05\data_model_handler.o
 .bss.app_block_state
                0x00008031        0x5 depend_Release_CSR101x_A05\data_model_handler.o
 .bss.rx_stream_timeout_tid
                0x00008036        0x1 depend_Release_CSR101x_A05\data_model_handler.o
 .bss.Tx_Data_Buffer
                0x00008037       0x28 depend_Release_CSR101x_A05\data_model_handler.o
 .bss.unpackedData
                0x0000805f       0x1f depend_Release_CSR101x_A05\connection_handler.o
 .bss.rx_ttl    0x0000807e        0x1 depend_Release_CSR101x_A05\connection_handler.o
 .bss.g_conn_info
                0x0000807f       0x10 depend_Release_CSR101x_A05\connection_handler.o
 .bss.g_bonded_devices